Archive member included to satisfy reference by file (symbol)

app/libapp.a(main.cpp.obj)    (--whole-archive)
app/libapp.a(deviceManager.cpp.obj)
                              (--whole-archive)
app/libapp.a(dataCSC.cpp.obj)
                              (--whole-archive)
app/libapp.a(dataService.cpp.obj)
                              (--whole-archive)
zephyr/libzephyr.a(cbprintf.c.obj)
                              (--whole-archive)
zephyr/libzephyr.a(crc32_sw.c.obj)
                              (--whole-archive)
zephyr/libzephyr.a(crc16_sw.c.obj)
                              (--whole-archive)
zephyr/libzephyr.a(crc8_sw.c.obj)
                              (--whole-archive)
zephyr/libzephyr.a(crc7_sw.c.obj)
                              (--whole-archive)
zephyr/libzephyr.a(dec.c.obj)
                              (--whole-archive)
zephyr/libzephyr.a(fdtable.c.obj)
                              (--whole-archive)
zephyr/libzephyr.a(hex.c.obj)
                              (--whole-archive)
zephyr/libzephyr.a(notify.c.obj)
                              (--whole-archive)
zephyr/libzephyr.a(printk.c.obj)
                              (--whole-archive)
zephyr/libzephyr.a(onoff.c.obj)
                              (--whole-archive)
zephyr/libzephyr.a(rb.c.obj)  (--whole-archive)
zephyr/libzephyr.a(sem.c.obj)
                              (--whole-archive)
zephyr/libzephyr.a(thread_entry.c.obj)
                              (--whole-archive)
zephyr/libzephyr.a(timeutil.c.obj)
                              (--whole-archive)
zephyr/libzephyr.a(work_q.c.obj)
                              (--whole-archive)
zephyr/libzephyr.a(heap.c.obj)
                              (--whole-archive)
zephyr/libzephyr.a(heap-validate.c.obj)
                              (--whole-archive)
zephyr/libzephyr.a(cbprintf_complete.c.obj)
                              (--whole-archive)
zephyr/libzephyr.a(assert.c.obj)
                              (--whole-archive)
zephyr/libzephyr.a(configs.c.obj)
                              (--whole-archive)
zephyr/libzephyr.a(soc.c.obj)
                              (--whole-archive)
zephyr/libzephyr.a(power.c.obj)
                              (--whole-archive)
zephyr/libzephyr.a(validate_base_addresses.c.obj)
                              (--whole-archive)
zephyr/libzephyr.a(validate_enabled_instances.c.obj)
                              (--whole-archive)
zephyr/libzephyr.a(log_minimal.c.obj)
                              (--whole-archive)
zephyr/libzephyr.a(dis.c.obj)
                              (--whole-archive)
zephyr/libzephyr.a(rpmsg_backend.c.obj)
                              (--whole-archive)
zephyr/libzephyr.a(rpmsg_service.c.obj)
                              (--whole-archive)
zephyr/libzephyr.a(addr_utils.c.obj)
                              (--whole-archive)
zephyr/libzephyr.a(settings_store.c.obj)
                              (--whole-archive)
zephyr/libzephyr.a(settings.c.obj)
                              (--whole-archive)
zephyr/libzephyr.a(settings_init.c.obj)
                              (--whole-archive)
zephyr/libzephyr.a(settings_line.c.obj)
                              (--whole-archive)
zephyr/libzephyr.a(settings_none.c.obj)
                              (--whole-archive)
zephyr/libzephyr.a(power.c.obj)
                              (--whole-archive)
zephyr/libzephyr.a(reboot.c.obj)
                              (--whole-archive)
zephyr/libzephyr.a(policy_residency.c.obj)
                              (--whole-archive)
zephyr/libzephyr.a(rtt_console.c.obj)
                              (--whole-archive)
zephyr/libzephyr.a(clock_control_nrf.c.obj)
                              (--whole-archive)
zephyr/libzephyr.a(rpmsg.c.obj)
                              (--whole-archive)
zephyr/libzephyr.a(rpmsg_nrf53.c.obj)
                              (--whole-archive)
zephyr/libzephyr.a(sys_clock_init.c.obj)
                              (--whole-archive)
zephyr/libzephyr.a(nrf_rtc_timer.c.obj)
                              (--whole-archive)
zephyr/libzephyr.a(gatt_dm.c.obj)
                              (--whole-archive)
zephyr/libzephyr.a(scan.c.obj)
                              (--whole-archive)
zephyr/libzephyr.a(bas_client.c.obj)
                              (--whole-archive)
zephyr/libzephyr.a(lbs.c.obj)
                              (--whole-archive)
zephyr/libzephyr.a(secure_services_ns.c.obj)
                              (--whole-archive)
zephyr/libzephyr.a(SEGGER_RTT.c.obj)
                              (--whole-archive)
zephyr/libzephyr.a(SEGGER_RTT_zephyr.c.obj)
                              (--whole-archive)
zephyr/libzephyr.a(utils.c.obj)
                              (--whole-archive)
zephyr/libzephyr.a(aes_decrypt.c.obj)
                              (--whole-archive)
zephyr/libzephyr.a(aes_encrypt.c.obj)
                              (--whole-archive)
zephyr/libzephyr.a(cmac_mode.c.obj)
                              (--whole-archive)
[...]
Memory Configuration

Name             Origin             Length             Attributes
FLASH            0x00008000         0x000f8000         xr
SRAM             0x20008000         0x00068000         xw
IDT_LIST         0x20070000         0x00000800         xw
*default*        0x00000000         0xffffffff

Linker script and memory map

LOAD zephyr/CMakeFiles/zephyr_prebuilt.dir/misc/empty_file.c.obj
                0x00000020                _region_min_align = 0x20

.rel.plt        0x00008000        0x0
 *(SORT_BY_ALIGNMENT(.rel.plt))
                [!provide]                PROVIDE (__rel_iplt_start = .)
 *(SORT_BY_ALIGNMENT(.rel.iplt))
 .rel.iplt      0x00008000        0x0 app/libapp.a(main.cpp.obj)
                [!provide]                PROVIDE (__rel_iplt_end = .)

.rela.plt       0x00000000        0x0
 *(SORT_BY_ALIGNMENT(.rela.plt))
                [!provide]                PROVIDE (__rela_iplt_start = .)
 *(SORT_BY_ALIGNMENT(.rela.iplt))
                [!provide]                PROVIDE (__rela_iplt_end = .)

.rel.dyn
 *(SORT_BY_ALIGNMENT(.rel.*))

.rela.dyn
 *(SORT_BY_ALIGNMENT(.rela.*))

/DISCARD/
 *(SORT_BY_ALIGNMENT(.plt))
 *(SORT_BY_ALIGNMENT(.iplt))
 *(SORT_BY_ALIGNMENT(.got.plt))
 *(SORT_BY_ALIGNMENT(.igot.plt))
 *(SORT_BY_ALIGNMENT(.got))
 *(SORT_BY_ALIGNMENT(.igot))
 *(SORT_BY_ALIGNMENT(.note.GNU-stack))
                0x00008000                _image_rom_start = 0x8000

rom_start       0x00008000      0x23c
                0x00000000                . = 0x0
                0x00000000                . = ALIGN (0x4)
                0x00000000                . = ALIGN (0x80)
                0x00000000                . = ALIGN (0x200)
                0x00008000                _vector_start = .
 *(SORT_BY_ALIGNMENT(.exc_vector_table))
 *(SORT_BY_ALIGNMENT(.exc_vector_table.*))
 .exc_vector_table._vector_table_section
                0x00008000       0x40 zephyr/arch/arch/arm/core/aarch32/cortex_m/libarch__arm__core__aarch32__cortex_m.a(vector_table.S.obj)
                0x00008000                _vector_table
 *(SORT_BY_ALIGNMENT(.gnu.linkonce.irq_vector_table*))
 .gnu.linkonce.irq_vector_table*
                0x00008040      0x114 zephyr/arch/common/libisr_tables.a(isr_tables.c.obj)
                0x00008040                _irq_vector_table
 *(SORT_BY_ALIGNMENT(.vectors))
                0x00008154                _vector_end = .
 *(SORT_BY_ALIGNMENT(.openocd_dbg))
 *(SORT_BY_ALIGNMENT(.openocd_dbg.*))
                0x00000200                . = 0x200
 *fill*         0x00008154       0xac 
                0x00008200                _fw_info_start = .
 *(SORT_BY_NAME(SORT_BY_ALIGNMENT(.firmware_info*)))
 .firmware_info
                0x00008200       0x3c modules/nrf/subsys/fw_info/lib..__nrf__subsys__fw_info.a(fw_info.c.obj)
                0x00008200                m_firmware_info
                0x0000003c                _fw_info_size = ABSOLUTE ((. - _fw_info_start))

text            0x00008240    0x15120
                0x00008240                _image_text_start = .
 *(SORT_BY_ALIGNMENT(.text))
 .text          0x00008240      0x378 c:/gnu_arm_embedded/bin/../lib/gcc/arm-none-eabi/10.2.1/thumb/v8-m.main/nofp\libgcc.a(_arm_addsubdf3.o)
                0x00008240                __aeabi_drsub
                0x00008248                __aeabi_dsub
                0x00008248                __subdf3
                0x0000824c                __aeabi_dadd
                0x0000824c                __adddf3
                0x000084c4                __floatunsidf
                0x000084c4                __aeabi_ui2d
                0x000084e4                __floatsidf
                0x000084e4                __aeabi_i2d
                0x00008508                __aeabi_f2d
                0x00008508                __extendsfdf2
                0x0000854c                __floatundidf
                0x0000854c                __aeabi_ul2d
                0x0000855c                __floatdidf
                0x0000855c                __aeabi_l2d
 .text          0x000085b8      0x424 c:/gnu_arm_embedded/bin/../lib/gcc/arm-none-eabi/10.2.1/thumb/v8-m.main/nofp\libgcc.a(_arm_muldivdf3.o)
                0x000085b8                __aeabi_dmul
                0x000085b8                __muldf3
                0x0000880c                __divdf3
                0x0000880c                __aeabi_ddiv
 .text          0x000089dc      0x110 c:/gnu_arm_embedded/bin/../lib/gcc/arm-none-eabi/10.2.1/thumb/v8-m.main/nofp\libgcc.a(_arm_cmpdf2.o)
                0x000089dc                __gtdf2
                0x000089dc                __gedf2
                0x000089e4                __ltdf2
                0x000089e4                __ledf2
                0x000089ec                __nedf2
                0x000089ec                __eqdf2
                0x000089ec                __cmpdf2
                0x00008a68                __aeabi_cdrcmple
                0x00008a78                __aeabi_cdcmpeq
                0x00008a78                __aeabi_cdcmple
                0x00008a88                __aeabi_dcmpeq
                0x00008a9c                __aeabi_dcmplt
                0x00008ab0                __aeabi_dcmple
                0x00008ac4                __aeabi_dcmpge
                0x00008ad8                __aeabi_dcmpgt
 .text          0x00008aec       0x40 c:/gnu_arm_embedded/bin/../lib/gcc/arm-none-eabi/10.2.1/thumb/v8-m.main/nofp\libgcc.a(_arm_fixunsdfsi.o)
                0x00008aec                __aeabi_d2uiz
                0x00008aec                __fixunsdfsi
 .text          0x00008b2c       0x30 c:/gnu_arm_embedded/bin/../lib/gcc/arm-none-eabi/10.2.1/thumb/v8-m.main/nofp\libgcc.a(_aeabi_uldivmod.o)
                0x00008b2c                __aeabi_uldivmod
 .text          0x00008b5c      0x2e8 c:/gnu_arm_embedded/bin/../lib/gcc/arm-none-eabi/10.2.1/thumb/v8-m.main/nofp\libgcc.a(_udivmoddi4.o)
                0x00008b5c                __udivmoddi4
 .text          0x00008e44        0x4 c:/gnu_arm_embedded/bin/../lib/gcc/arm-none-eabi/10.2.1/thumb/v8-m.main/nofp\libgcc.a(_dvmd_tls.o)
                0x00008e44                __aeabi_idiv0
                0x00008e44                __aeabi_ldiv0
 *(SORT_BY_ALIGNMENT(.text.*))
 .text._ZN7dataCSC9calcSpeedEv
                0x00008e48       0xb4 app/libapp.a(dataCSC.cpp.obj)
                0x00008e48                dataCSC::calcSpeed()
 *fill*         0x00008efc        0x4 
 .text._ZL10on_receiveP7bt_connPK12bt_gatt_attrPKvtth
                0x00008f00      0x170 app/libapp.a(dataService.cpp.obj)
 .text.main     0x00009070       0x24 app/libapp.a(main.cpp.obj)
                0x00009070                main
 .text._ZN13deviceManager13app_button_cbEv
                0x00009094        0xc app/libapp.a(deviceManager.cpp.obj)
                0x00009094                deviceManager::app_button_cb()
 .text._ZN13deviceManager21discovery_error_foundEP7bt_conniPv
                0x000090a0        0xc app/libapp.a(deviceManager.cpp.obj)
                0x000090a0                deviceManager::discovery_error_found(bt_conn*, int, void*)
 .text._ZN13deviceManager20discoveryCompletedHREP10bt_gatt_dmPv
                0x000090ac       0xc0 app/libapp.a(deviceManager.cpp.obj)
                0x000090ac                deviceManager::discoveryCompletedHR(bt_gatt_dm*, void*)
 .text._ZN13deviceManager27discovery_service_not_foundEP7bt_connPv
                0x0000916c       0x30 app/libapp.a(deviceManager.cpp.obj)
                0x0000916c                deviceManager::discovery_service_not_found(bt_conn*, void*)
 .text._ZN13deviceManager13buttonChangedEjj
                0x0000919c       0x1c app/libapp.a(deviceManager.cpp.obj)
                0x0000919c                deviceManager::buttonChanged(unsigned int, unsigned int)
 .text._ZN13deviceManager11notify_funcEP7bt_connP24bt_gatt_subscribe_paramsPKvt
                0x000091b8       0x3c app/libapp.a(deviceManager.cpp.obj)
                0x000091b8                deviceManager::notify_func(bt_conn*, bt_gatt_subscribe_params*, void const*, unsigned short)
 .text._ZN13deviceManager10onReceivedEP7bt_connP24bt_gatt_subscribe_paramsPKvt
                0x000091f4       0xe4 app/libapp.a(deviceManager.cpp.obj)
                0x000091f4                deviceManager::onReceived(bt_conn*, bt_gatt_subscribe_params*, void const*, unsigned short)
 .text.bt_addr_le_to_str.isra.0
                0x000092d8       0x78 app/libapp.a(deviceManager.cpp.obj)
 .text._ZN13deviceManagerC2Ev
                0x00009350       0x60 app/libapp.a(deviceManager.cpp.obj)
                0x00009350                deviceManager::deviceManager()
                0x00009350                deviceManager::deviceManager()
 .text._ZN13deviceManager9getDeviceEv
                0x000093b0       0x28 app/libapp.a(deviceManager.cpp.obj)
                0x000093b0                deviceManager::getDevice()
 .text._ZN13deviceManager10initButtonEv
                0x000093d8       0x20 app/libapp.a(deviceManager.cpp.obj)
                0x000093d8                deviceManager::initButton()
 .text._ZN13deviceManager16startAdvertisingEv
                0x000093f8       0x4c app/libapp.a(deviceManager.cpp.obj)
                0x000093f8                deviceManager::startAdvertising()
 .text._ZN13deviceManager14initPeripheralEv
                0x00009444       0x84 app/libapp.a(deviceManager.cpp.obj)
                0x00009444                deviceManager::initPeripheral()
 .text._ZN13deviceManager9startScanEv
                0x000094c8       0x24 app/libapp.a(deviceManager.cpp.obj)
                0x000094c8                deviceManager::startScan()
 .text._ZN13deviceManager8initScanEv
                0x000094ec       0xf8 app/libapp.a(deviceManager.cpp.obj)
                0x000094ec                deviceManager::initScan()
 .text._ZN13deviceManager21discoveryCompletedCSCEP10bt_gatt_dmPv
                0x000095e4      0x17c app/libapp.a(deviceManager.cpp.obj)
                0x000095e4                deviceManager::discoveryCompletedCSC(bt_gatt_dm*, void*)
 .text._ZN13deviceManager11initCentralEv
                0x00009760       0x94 app/libapp.a(deviceManager.cpp.obj)
                0x00009760                deviceManager::initCentral()
 .text._ZN13deviceManager9setDeviceEbb
                0x000097f4       0x30 app/libapp.a(deviceManager.cpp.obj)
                0x000097f4                deviceManager::setDevice(bool, bool)
 .text._ZN13deviceManager19scanConnectionErrorEP19bt_scan_device_info
                0x00009824       0x14 app/libapp.a(deviceManager.cpp.obj)
                0x00009824                deviceManager::scanConnectionError(bt_scan_device_info*)
 .text._ZN13deviceManager11discoverCSCEv
                0x00009838       0x40 app/libapp.a(deviceManager.cpp.obj)
                0x00009838                deviceManager::discoverCSC()
 .text._ZN13deviceManager10discoverHREv
                0x00009878       0x40 app/libapp.a(deviceManager.cpp.obj)
                0x00009878                deviceManager::discoverHR()
 .text._ZN13deviceManager9connectedEP7bt_connh
                0x000098b8       0xe4 app/libapp.a(deviceManager.cpp.obj)
                0x000098b8                deviceManager::connected(bt_conn*, unsigned char)
 .text._ZN13deviceManager15scanFilterMatchEP19bt_scan_device_infoP20bt_scan_filter_matchb
                0x0000999c      0x168 app/libapp.a(deviceManager.cpp.obj)
                0x0000999c                deviceManager::scanFilterMatch(bt_scan_device_info*, bt_scan_filter_match*, bool)
 .text._ZN13deviceManager12disconnectedEP7bt_connh
                0x00009b04      0x128 app/libapp.a(deviceManager.cpp.obj)
                0x00009b04                deviceManager::disconnected(bt_conn*, unsigned char)
 .text._ZN7dataCSC8saveDataEPKv
                0x00009c2c       0x44 app/libapp.a(dataCSC.cpp.obj)
                0x00009c2c                dataCSC::saveData(void const*)
 .text._ZN7dataCSC7calcRPMEv
                0x00009c70       0x78 app/libapp.a(dataCSC.cpp.obj)
                0x00009c70                dataCSC::calcRPM()
 .text._Z15on_cccd_changedPK12bt_gatt_attrt
                0x00009ce8       0x2c app/libapp.a(dataService.cpp.obj)
                0x00009ce8                on_cccd_changed(bt_gatt_attr const*, unsigned short)
 .text._Z17data_service_initv
                0x00009d14       0x24 app/libapp.a(dataService.cpp.obj)
                0x00009d14                data_service_init()
 .text._Z17data_service_sendP7bt_connPKht
                0x00009d38       0x54 app/libapp.a(dataService.cpp.obj)
                0x00009d38                data_service_send(bt_conn*, unsigned char const*, unsigned short)
 .text._Z11getDiameterv
                0x00009d8c        0xc app/libapp.a(dataService.cpp.obj)
                0x00009d8c                getDiameter()
 .text._Z17getNbrOfAddressesv
                0x00009d98        0xc app/libapp.a(dataService.cpp.obj)
                0x00009d98                getNbrOfAddresses()
 .text._Z10getAddressPch
                0x00009da4       0x54 app/libapp.a(dataService.cpp.obj)
                0x00009da4                getAddress(char*, unsigned char)
 .text._Z14getSensorInfosv
                0x00009df8        0xc app/libapp.a(dataService.cpp.obj)
                0x00009df8                getSensorInfos()
 .text.sys_notify_finalize
                0x00009e04       0x58 zephyr/libzephyr.a(notify.c.obj)
                0x00009e04                sys_notify_finalize
 .text.char_out
                0x00009e5c       0x10 zephyr/libzephyr.a(printk.c.obj)
 .text.__printk_hook_install
                0x00009e6c        0xc zephyr/libzephyr.a(printk.c.obj)
                0x00009e6c                __printk_hook_install
 .text.vprintk  0x00009e78       0x1c zephyr/libzephyr.a(printk.c.obj)
                0x00009e78                vprintk
 .text.vsnprintk
                0x00009e94       0x28 zephyr/libzephyr.a(printk.c.obj)
                0x00009e94                vsnprintk
 .text.process_event
                0x00009ebc      0x36c zephyr/libzephyr.a(onoff.c.obj)
 .text.transition_complete
                0x0000a228       0x54 zephyr/libzephyr.a(onoff.c.obj)
 .text.onoff_request
                0x0000a27c      0x108 zephyr/libzephyr.a(onoff.c.obj)
                0x0000a27c                onoff_request
 .text.z_work_q_main
                0x0000a384       0x60 zephyr/libzephyr.a(work_q.c.obj)
                0x0000a384                z_work_q_main
 .text.sys_heap_free
                0x0000a3e4       0x84 zephyr/libzephyr.a(heap.c.obj)
                0x0000a3e4                sys_heap_free
 .text.sys_heap_aligned_alloc
                0x0000a468       0xe4 zephyr/libzephyr.a(heap.c.obj)
                0x0000a468                sys_heap_aligned_alloc
 .text.sys_heap_init
                0x0000a54c      0x110 zephyr/libzephyr.a(heap.c.obj)
                0x0000a54c                sys_heap_init
 .text.cbvprintf
                0x0000a65c      0x784 zephyr/libzephyr.a(cbprintf_complete.c.obj)
                0x0000a65c                cbvprintf
 .text.arch_busy_wait
                0x0000ade0       0x24 zephyr/libzephyr.a(soc.c.obj)
                0x0000ade0                arch_busy_wait
 .text.virtio_set_status
                0x0000ae04        0xc zephyr/libzephyr.a(rpmsg_backend.c.obj)
 .text.init_status_flag
                0x0000ae10        0xc zephyr/libzephyr.a(rpmsg_backend.c.obj)
                0x0000ae10                init_status_flag
 .text.ipm_callback_process
                0x0000ae1c        0xc zephyr/libzephyr.a(rpmsg_backend.c.obj)
 .text.virtio_notify
                0x0000ae28       0x34 zephyr/libzephyr.a(rpmsg_backend.c.obj)
 .text.ipm_callback
                0x0000ae5c       0x28 zephyr/libzephyr.a(rpmsg_backend.c.obj)
 .text.rpmsg_backend_init
                0x0000ae84      0x18c zephyr/libzephyr.a(rpmsg_backend.c.obj)
                0x0000ae84                rpmsg_backend_init
 .text.ns_bind_cb
                0x0000b010       0x84 zephyr/libzephyr.a(rpmsg_service.c.obj)
 .text.rpmsg_service_init
                0x0000b094       0x74 zephyr/libzephyr.a(rpmsg_service.c.obj)
 .text.rpmsg_service_register_endpoint
                0x0000b108       0x44 zephyr/libzephyr.a(rpmsg_service.c.obj)
                0x0000b108                rpmsg_service_register_endpoint
 .text.rpmsg_service_endpoint_is_bound
                0x0000b14c       0x14 zephyr/libzephyr.a(rpmsg_service.c.obj)
                0x0000b14c                rpmsg_service_endpoint_is_bound
 .text.rpmsg_service_send
                0x0000b160       0x28 zephyr/libzephyr.a(rpmsg_service.c.obj)
                0x0000b160                rpmsg_service_send
 .text.settings_save_one
                0x0000b188       0x4c zephyr/libzephyr.a(settings_store.c.obj)
                0x0000b188                settings_save_one
 .text.settings_load_subtree
                0x0000b1d4       0x4c zephyr/libzephyr.a(settings_store.c.obj)
                0x0000b1d4                settings_load_subtree
 .text.settings_load_subtree_direct
                0x0000b220       0x40 zephyr/libzephyr.a(settings_store.c.obj)
                0x0000b220                settings_load_subtree_direct
 .text.settings_store_init
                0x0000b260       0x10 zephyr/libzephyr.a(settings_store.c.obj)
                0x0000b260                settings_store_init
 .text.settings_init
                0x0000b270       0x10 zephyr/libzephyr.a(settings.c.obj)
                0x0000b270                settings_init
 .text.settings_commit_subtree
                0x0000b280       0x9c zephyr/libzephyr.a(settings.c.obj)
                0x0000b280                settings_commit_subtree
 .text.settings_subsys_init
                0x0000b31c       0x20 zephyr/libzephyr.a(settings_init.c.obj)
                0x0000b31c                settings_subsys_init
 .text.rtt_console_init
                0x0000b33c       0x18 zephyr/libzephyr.a(rtt_console.c.obj)
 .text.rtt_console_out
                0x0000b354       0x6c zephyr/libzephyr.a(rtt_console.c.obj)
 .text.onoff_start
                0x0000b3c0       0x3c zephyr/libzephyr.a(clock_control_nrf.c.obj)
 .text.get_status
                0x0000b3fc       0x38 zephyr/libzephyr.a(clock_control_nrf.c.obj)
 .text.stop     0x0000b434       0x7c zephyr/libzephyr.a(clock_control_nrf.c.obj)
 .text.onoff_stop
                0x0000b4b0       0x28 zephyr/libzephyr.a(clock_control_nrf.c.obj)
 .text.clk_init
                0x0000b4d8       0x68 zephyr/libzephyr.a(clock_control_nrf.c.obj)
 .text.clkstarted_handle.constprop.0
                0x0000b540       0x38 zephyr/libzephyr.a(clock_control_nrf.c.obj)
 .text.clock_event_handler
                0x0000b578       0x6c zephyr/libzephyr.a(clock_control_nrf.c.obj)
 .text.generic_hfclk_start
                0x0000b5e4       0x64 zephyr/libzephyr.a(clock_control_nrf.c.obj)
 .text.api_blocking_start
                0x0000b648       0x3c zephyr/libzephyr.a(clock_control_nrf.c.obj)
 .text.generic_hfclk_stop
                0x0000b684       0x24 zephyr/libzephyr.a(clock_control_nrf.c.obj)
 .text.z_nrf_clock_control_lf_on
                0x0000b6a8      0x134 zephyr/libzephyr.a(clock_control_nrf.c.obj)
                0x0000b6a8                z_nrf_clock_control_lf_on
 .text.bt_rpmsg_init
                0x0000b7dc       0x38 zephyr/libzephyr.a(rpmsg.c.obj)
 .text.bt_rpmsg_send
                0x0000b814       0x4c zephyr/libzephyr.a(rpmsg.c.obj)
 .text.bt_rpmsg_rx
                0x0000b860      0x18c zephyr/libzephyr.a(rpmsg.c.obj)
                0x0000b860                bt_rpmsg_rx
 .text.bt_rpmsg_platform_init
                0x0000b9ec       0x38 zephyr/libzephyr.a(rpmsg_nrf53.c.obj)
                0x0000b9ec                bt_rpmsg_platform_init
 .text.bt_rpmsg_platform_send
                0x0000ba24       0x10 zephyr/libzephyr.a(rpmsg_nrf53.c.obj)
                0x0000ba24                bt_rpmsg_platform_send
 .text.bt_rpmsg_platform_endpoint_is_bound
                0x0000ba34       0x10 zephyr/libzephyr.a(rpmsg_nrf53.c.obj)
                0x0000ba34                bt_rpmsg_platform_endpoint_is_bound
 .text.z_clock_isr
                0x0000ba44       0x24 zephyr/libzephyr.a(sys_clock_init.c.obj)
                0x0000ba44                z_clock_isr
 .text.sys_clock_timeout_handler
                0x0000ba68       0x18 zephyr/libzephyr.a(nrf_rtc_timer.c.obj)
 .text.set_absolute_alarm
                0x0000ba80       0x98 zephyr/libzephyr.a(nrf_rtc_timer.c.obj)
 .text.rtc_nrf_isr
                0x0000bb18       0x50 zephyr/libzephyr.a(nrf_rtc_timer.c.obj)
                0x0000bb18                rtc_nrf_isr
 .text.z_clock_driver_init
                0x0000bb68       0x4c zephyr/libzephyr.a(nrf_rtc_timer.c.obj)
                0x0000bb68                z_clock_driver_init
 .text.z_clock_set_timeout
                0x0000bbb4       0x64 zephyr/libzephyr.a(nrf_rtc_timer.c.obj)
                0x0000bbb4                z_clock_set_timeout
 .text.z_clock_elapsed
                0x0000bc18       0x7c zephyr/libzephyr.a(nrf_rtc_timer.c.obj)
                0x0000bc18                z_clock_elapsed
 .text.user_data_alloc.constprop.0
                0x0000bc94       0x78 zephyr/libzephyr.a(gatt_dm.c.obj)
 .text.discovery_complete.constprop.0
                0x0000bd0c       0x28 zephyr/libzephyr.a(gatt_dm.c.obj)
 .text.discovery_complete_error.constprop.0
                0x0000bd34       0x34 zephyr/libzephyr.a(gatt_dm.c.obj)
 .text.attr_store.constprop.0
                0x0000bd68       0x98 zephyr/libzephyr.a(gatt_dm.c.obj)
 .text.uuid_store.constprop.0
                0x0000be00       0x48 zephyr/libzephyr.a(gatt_dm.c.obj)
 .text.discovery_callback
                0x0000be48      0x214 zephyr/libzephyr.a(gatt_dm.c.obj)
 .text.bt_gatt_dm_char_by_uuid
                0x0000c05c       0x58 zephyr/libzephyr.a(gatt_dm.c.obj)
                0x0000c05c                bt_gatt_dm_char_by_uuid
 .text.bt_gatt_dm_start
                0x0000c0b4       0xa4 zephyr/libzephyr.a(gatt_dm.c.obj)
                0x0000c0b4                bt_gatt_dm_start
 .text.scan_default_param_set
                0x0000c158       0x24 zephyr/libzephyr.a(scan.c.obj)
 .text.scan_default_conn_param_set
                0x0000c17c       0x18 zephyr/libzephyr.a(scan.c.obj)
 .text.uuid_check
                0x0000c194       0xb4 zephyr/libzephyr.a(scan.c.obj)
 .text.adv_data_found
                0x0000c248      0x178 zephyr/libzephyr.a(scan.c.obj)
 .text.notify_filter_matched.constprop.0
                0x0000c3c0       0x30 zephyr/libzephyr.a(scan.c.obj)
 .text.bt_scan_cb_register
                0x0000c3f0       0x20 zephyr/libzephyr.a(scan.c.obj)
                0x0000c3f0                bt_scan_cb_register
 .text.bt_scan_filter_add
                0x0000c410       0xac zephyr/libzephyr.a(scan.c.obj)
                0x0000c410                bt_scan_filter_add
 .text.bt_scan_filter_remove_all
                0x0000c4bc       0x3c zephyr/libzephyr.a(scan.c.obj)
                0x0000c4bc                bt_scan_filter_remove_all
 .text.bt_scan_filter_disable
                0x0000c4f8       0x1c zephyr/libzephyr.a(scan.c.obj)
                0x0000c4f8                bt_scan_filter_disable
 .text.bt_scan_filter_enable
                0x0000c514       0x5c zephyr/libzephyr.a(scan.c.obj)
                0x0000c514                bt_scan_filter_enable
 .text.scan_connect_with_target.part.0
                0x0000c570       0x7c zephyr/libzephyr.a(scan.c.obj)
 .text.scan_recv
                0x0000c5ec      0x16c zephyr/libzephyr.a(scan.c.obj)
 .text.bt_scan_init
                0x0000c758       0x64 zephyr/libzephyr.a(scan.c.obj)
                0x0000c758                bt_scan_init
 .text.bt_scan_start
                0x0000c7bc       0x24 zephyr/libzephyr.a(scan.c.obj)
                0x0000c7bc                bt_scan_start
 .text.lbslc_ccc_cfg_changed
                0x0000c7e0       0x10 zephyr/libzephyr.a(lbs.c.obj)
 .text.write_led
                0x0000c7f0       0x18 zephyr/libzephyr.a(lbs.c.obj)
 .text.read_button
                0x0000c808       0x44 zephyr/libzephyr.a(lbs.c.obj)
 .text.bt_lbs_init
                0x0000c84c       0x14 zephyr/libzephyr.a(lbs.c.obj)
                0x0000c84c                bt_lbs_init
 .text.bt_lbs_send_button_state
                0x0000c860       0x44 zephyr/libzephyr.a(lbs.c.obj)
                0x0000c860                bt_lbs_send_button_state
 .text._DoInit  0x0000c8a4       0x60 zephyr/libzephyr.a(SEGGER_RTT.c.obj)
 .text.SEGGER_RTT_WriteNoLock
                0x0000c904       0x60 zephyr/libzephyr.a(SEGGER_RTT.c.obj)
                0x0000c904                SEGGER_RTT_WriteNoLock
 .text.sub_bytes
                0x0000c964       0x18 zephyr/libzephyr.a(aes_encrypt.c.obj)
 .text.tc_aes128_set_encrypt_key
                0x0000c97c       0xa8 zephyr/libzephyr.a(aes_encrypt.c.obj)
                0x0000c97c                tc_aes128_set_encrypt_key
 .text.compress
                0x0000ca24      0x1d0 zephyr/libzephyr.a(sha256.c.obj)
 .text.tc_sha256_init
                0x0000cbf4       0x58 zephyr/libzephyr.a(sha256.c.obj)
                0x0000cbf4                tc_sha256_init
 .text.arch_swap
                0x0000cc4c       0x38 zephyr/arch/arch/arm/core/aarch32/libarch__arm__core__aarch32.a(swap.c.obj)
                0x0000cc4c                arch_swap
 .text.z_arm_pendsv
                0x0000cc84       0x5c zephyr/arch/arch/arm/core/aarch32/libarch__arm__core__aarch32.a(swap_helper.S.obj)
                0x0000cc84                z_arm_pendsv
 .text.z_arm_svc
                0x0000cce0       0x20 zephyr/arch/arch/arm/core/aarch32/libarch__arm__core__aarch32.a(swap_helper.S.obj)
                0x0000cce0                z_arm_svc
 .text.arch_irq_enable
                0x0000cd00       0x20 zephyr/arch/arch/arm/core/aarch32/libarch__arm__core__aarch32.a(irq_manage.c.obj)
                0x0000cd00                arch_irq_enable
 .text.arch_irq_is_enabled
                0x0000cd20       0x1c zephyr/arch/arch/arm/core/aarch32/libarch__arm__core__aarch32.a(irq_manage.c.obj)
                0x0000cd20                arch_irq_is_enabled
 .text.z_arm_irq_priority_set
                0x0000cd3c       0x4c zephyr/arch/arch/arm/core/aarch32/libarch__arm__core__aarch32.a(irq_manage.c.obj)
                0x0000cd3c                z_arm_irq_priority_set
 .text.arch_new_thread
                0x0000cd88       0x38 zephyr/arch/arch/arm/core/aarch32/libarch__arm__core__aarch32.a(thread.c.obj)
                0x0000cd88                arch_new_thread
 .text.arch_switch_to_main_thread
                0x0000cdc0       0x34 zephyr/arch/arch/arm/core/aarch32/libarch__arm__core__aarch32.a(thread.c.obj)
                0x0000cdc0                arch_switch_to_main_thread
 .text.z_arm_cpu_idle_init
                0x0000cdf4        0xc zephyr/arch/arch/arm/core/aarch32/libarch__arm__core__aarch32.a(cpu_idle.S.obj)
                0x0000cdf4                z_arm_cpu_idle_init
 .text.arch_cpu_idle
                0x0000ce00       0x1c zephyr/arch/arch/arm/core/aarch32/libarch__arm__core__aarch32.a(cpu_idle.S.obj)
                0x0000ce00                arch_cpu_idle
 .text.arch_cpu_atomic_idle
                0x0000ce1c       0x14 zephyr/arch/arch/arm/core/aarch32/libarch__arm__core__aarch32.a(cpu_idle.S.obj)
                0x0000ce1c                arch_cpu_atomic_idle
 .text.z_arm_fatal_error
                0x0000ce30       0x5c zephyr/arch/arch/arm/core/aarch32/libarch__arm__core__aarch32.a(fatal.c.obj)
                0x0000ce30                z_arm_fatal_error
 .text.z_SysNmiOnReset
                0x0000ce8c        0x8 zephyr/arch/arch/arm/core/aarch32/libarch__arm__core__aarch32.a(nmi_on_reset.S.obj)
                0x0000ce8c                z_SysNmiOnReset
 .text.z_arm_prep_c
                0x0000ce94       0x44 zephyr/arch/arch/arm/core/aarch32/libarch__arm__core__aarch32.a(prep_c.c.obj)
                0x0000ce94                z_arm_prep_c
 .text._isr_wrapper
                0x0000ced8       0x40 zephyr/arch/arch/arm/core/aarch32/libarch__arm__core__aarch32.a(isr_wrapper.S.obj)
                0x0000ced8                _isr_wrapper
 .text._reset_section
                0x0000cf18       0x30 zephyr/arch/arch/arm/core/aarch32/cortex_m/libarch__arm__core__aarch32__cortex_m.a(reset.S.obj)
                0x0000cf18                __start
                0x0000cf18                z_arm_reset
 .text.__fault  0x0000cf48       0x14 zephyr/arch/arch/arm/core/aarch32/cortex_m/libarch__arm__core__aarch32__cortex_m.a(fault_s.S.obj)
                0x0000cf48                z_arm_usage_fault
                0x0000cf48                z_arm_mpu_fault
                0x0000cf48                z_arm_exc_spurious
                0x0000cf48                z_arm_debug_monitor
                0x0000cf48                z_arm_hard_fault
                0x0000cf48                z_arm_bus_fault
 .text.usage_fault.constprop.0
                0x0000cf5c       0xac zephyr/arch/arch/arm/core/aarch32/cortex_m/libarch__arm__core__aarch32__cortex_m.a(fault.c.obj)
 .text.bus_fault.constprop.0
                0x0000d008       0xb4 zephyr/arch/arch/arm/core/aarch32/cortex_m/libarch__arm__core__aarch32__cortex_m.a(fault.c.obj)
 .text.mem_manage_fault.constprop.0
                0x0000d0bc       0xd0 zephyr/arch/arch/arm/core/aarch32/cortex_m/libarch__arm__core__aarch32__cortex_m.a(fault.c.obj)
 .text.z_arm_fault
                0x0000d18c      0x178 zephyr/arch/arch/arm/core/aarch32/cortex_m/libarch__arm__core__aarch32__cortex_m.a(fault.c.obj)
                0x0000d18c                z_arm_fault
 .text.z_arm_fault_init
                0x0000d304       0x18 zephyr/arch/arch/arm/core/aarch32/cortex_m/libarch__arm__core__aarch32__cortex_m.a(fault.c.obj)
                0x0000d304                z_arm_fault_init
 .text._HandlerModeExit
                0x0000d31c       0x1c zephyr/arch/arch/arm/core/aarch32/cortex_m/libarch__arm__core__aarch32__cortex_m.a(exc_exit.S.obj)
                0x0000d31c                z_arm_int_exit
                0x0000d31c                z_arm_exc_exit
 .text.sys_arch_reboot
                0x0000d338       0x24 zephyr/arch/arch/arm/core/aarch32/cortex_m/libarch__arm__core__aarch32__cortex_m.a(scb.c.obj)
                0x0000d338                sys_arch_reboot
 .text.z_arm_interrupt_init
                0x0000d35c       0x18 zephyr/arch/arch/arm/core/aarch32/cortex_m/libarch__arm__core__aarch32__cortex_m.a(irq_init.c.obj)
                0x0000d35c                z_arm_interrupt_init
 .text.z_impl_k_thread_abort
                0x0000d374       0x44 zephyr/arch/arch/arm/core/aarch32/cortex_m/libarch__arm__core__aarch32__cortex_m.a(thread_abort.c.obj)
                0x0000d374                z_impl_k_thread_abort
 .text.z_arm_configure_static_mpu_regions
                0x0000d3b8       0x38 zephyr/arch/arch/arm/core/aarch32/cortex_m/mpu/libarch__arm__core__aarch32__cortex_m__mpu.a(arm_core_mpu.c.obj)
                0x0000d3b8                z_arm_configure_static_mpu_regions
 .text.region_init
                0x0000d3f0       0x34 zephyr/arch/arch/arm/core/aarch32/cortex_m/mpu/libarch__arm__core__aarch32__cortex_m__mpu.a(arm_mpu.c.obj)
 .text.mpu_configure_region
                0x0000d424       0x50 zephyr/arch/arch/arm/core/aarch32/cortex_m/mpu/libarch__arm__core__aarch32__cortex_m__mpu.a(arm_mpu.c.obj)
 .text.mpu_configure_regions_and_partition.constprop.0
                0x0000d474      0x184 zephyr/arch/arch/arm/core/aarch32/cortex_m/mpu/libarch__arm__core__aarch32__cortex_m__mpu.a(arm_mpu.c.obj)
 .text.arm_core_mpu_enable
                0x0000d5f8       0x18 zephyr/arch/arch/arm/core/aarch32/cortex_m/mpu/libarch__arm__core__aarch32__cortex_m__mpu.a(arm_mpu.c.obj)
                0x0000d5f8                arm_core_mpu_enable
 .text.arm_core_mpu_disable
                0x0000d610       0x14 zephyr/arch/arch/arm/core/aarch32/cortex_m/mpu/libarch__arm__core__aarch32__cortex_m__mpu.a(arm_mpu.c.obj)
                0x0000d610                arm_core_mpu_disable
 .text.arm_mpu_init
                0x0000d624       0x90 zephyr/arch/arch/arm/core/aarch32/cortex_m/mpu/libarch__arm__core__aarch32__cortex_m__mpu.a(arm_mpu.c.obj)
 .text.arm_core_mpu_configure_static_mpu_regions
                0x0000d6b4       0x38 zephyr/arch/arch/arm/core/aarch32/cortex_m/mpu/libarch__arm__core__aarch32__cortex_m__mpu.a(arm_mpu.c.obj)
                0x0000d6b4                arm_core_mpu_configure_static_mpu_regions
 .text.arm_core_mpu_mark_areas_for_dynamic_regions
                0x0000d6ec       0xdc zephyr/arch/arch/arm/core/aarch32/cortex_m/mpu/libarch__arm__core__aarch32__cortex_m__mpu.a(arm_mpu.c.obj)
                0x0000d6ec                arm_core_mpu_mark_areas_for_dynamic_regions
 .text.__stdout_hook_install
                0x0000d7c8        0xc zephyr/lib/libc/minimal/liblib__libc__minimal.a(stdout_console.c.obj)
                0x0000d7c8                __stdout_hook_install
 .text.remoteproc_mgr_boot
                0x0000d7d4       0x10 zephyr/boards/arm/nrf5340dk_nrf5340/libboards__arm__nrf5340dk_nrf5340.a(nrf5340_cpunet_reset.c.obj)
 .text.bt_hex_real
                0x0000d7e4       0x44 zephyr/subsys/bluetooth/common/libsubsys__bluetooth__common.a(log.c.obj)
                0x0000d7e4                bt_hex_real
 .text.bt_addr_le_str_real
                0x0000d828       0x7c zephyr/subsys/bluetooth/common/libsubsys__bluetooth__common.a(log.c.obj)
                0x0000d828                bt_addr_le_str_real
 .text.save_id  0x0000d8a4       0x3c zephyr/subsys/bluetooth/host/libsubsys__bluetooth__host.a(settings.c.obj)
 .text.set      0x0000d8e0       0x88 zephyr/subsys/bluetooth/host/libsubsys__bluetooth__host.a(settings.c.obj)
 .text.bt_settings_encode_key
                0x0000d968       0x60 zephyr/subsys/bluetooth/host/libsubsys__bluetooth__host.a(settings.c.obj)
                0x0000d968                bt_settings_encode_key
 .text.bt_settings_save_id
                0x0000d9c8       0x28 zephyr/subsys/bluetooth/host/libsubsys__bluetooth__host.a(settings.c.obj)
                0x0000d9c8                bt_settings_save_id
 .text.commit   0x0000d9f0       0x5c zephyr/subsys/bluetooth/host/libsubsys__bluetooth__host.a(settings.c.obj)
 .text.bt_settings_init
                0x0000da4c       0x1c zephyr/subsys/bluetooth/host/libsubsys__bluetooth__host.a(settings.c.obj)
                0x0000da4c                bt_settings_init
 .text.uuid_to_uuid128
                0x0000da68       0x6c zephyr/subsys/bluetooth/host/libsubsys__bluetooth__host.a(uuid.c.obj)
 .text.bt_buf_get_rx
                0x0000dad4       0x58 zephyr/subsys/bluetooth/host/libsubsys__bluetooth__host.a(buf.c.obj)
                0x0000dad4                bt_buf_get_rx
 .text.bt_buf_get_cmd_complete
                0x0000db2c       0x4c zephyr/subsys/bluetooth/host/libsubsys__bluetooth__host.a(buf.c.obj)
                0x0000db2c                bt_buf_get_cmd_complete
 .text.bt_buf_get_evt
                0x0000db78       0x54 zephyr/subsys/bluetooth/host/libsubsys__bluetooth__host.a(buf.c.obj)
                0x0000db78                bt_buf_get_evt
 .text.hci_data_buf_overflow
                0x0000dbcc       0x10 zephyr/subsys/bluetooth/host/libsubsys__bluetooth__host.a(hci_core.c.obj)
 .text.id_find  0x0000dbdc       0x30 zephyr/subsys/bluetooth/host/libsubsys__bluetooth__host.a(hci_core.c.obj)
 .text.valid_adv_param
                0x0000dc0c       0x88 zephyr/subsys/bluetooth/host/libsubsys__bluetooth__host.a(hci_core.c.obj)
 .text.le_data_len_change
                0x0000dc94       0x28 zephyr/subsys/bluetooth/host/libsubsys__bluetooth__host.a(hci_core.c.obj)
 .text.hci_disconn_complete_prio
                0x0000dcbc       0x3c zephyr/subsys/bluetooth/host/libsubsys__bluetooth__host.a(hci_core.c.obj)
 .text.hci_hardware_error
                0x0000dcf8       0x1c zephyr/subsys/bluetooth/host/libsubsys__bluetooth__host.a(hci_core.c.obj)
 .text.hci_vendor_event
                0x0000dd14       0x1c zephyr/subsys/bluetooth/host/libsubsys__bluetooth__host.a(hci_core.c.obj)
 .text.le_conn_update_complete
                0x0000dd30       0xa0 zephyr/subsys/bluetooth/host/libsubsys__bluetooth__host.a(hci_core.c.obj)
 .text.find_pending_connect.part.0
                0x0000ddd0       0x3c zephyr/subsys/bluetooth/host/libsubsys__bluetooth__host.a(hci_core.c.obj)
 .text.handle_event
                0x0000de0c       0x60 zephyr/subsys/bluetooth/host/libsubsys__bluetooth__host.a(hci_core.c.obj)
 .text.hci_le_meta_event
                0x0000de6c       0x20 zephyr/subsys/bluetooth/host/libsubsys__bluetooth__host.a(hci_core.c.obj)
 .text.id_create.constprop.0
                0x0000de8c       0x6c zephyr/subsys/bluetooth/host/libsubsys__bluetooth__host.a(hci_core.c.obj)
 .text.hci_rx_thread
                0x0000def8      0x124 zephyr/subsys/bluetooth/host/libsubsys__bluetooth__host.a(hci_core.c.obj)
 .text.hci_cmd_done
                0x0000e01c       0xcc zephyr/subsys/bluetooth/host/libsubsys__bluetooth__host.a(hci_core.c.obj)
 .text.hci_cmd_status
                0x0000e0e8       0x2c zephyr/subsys/bluetooth/host/libsubsys__bluetooth__host.a(hci_core.c.obj)
 .text.hci_cmd_complete
                0x0000e114       0x30 zephyr/subsys/bluetooth/host/libsubsys__bluetooth__host.a(hci_core.c.obj)
 .text.hci_num_completed_packets
                0x0000e144       0xf4 zephyr/subsys/bluetooth/host/libsubsys__bluetooth__host.a(hci_core.c.obj)
 .text.le_adv_start_add_conn
                0x0000e238       0xa8 zephyr/subsys/bluetooth/host/libsubsys__bluetooth__host.a(hci_core.c.obj)
 .text.bt_hci_cmd_create
                0x0000e2e0       0x94 zephyr/subsys/bluetooth/host/libsubsys__bluetooth__host.a(hci_core.c.obj)
                0x0000e2e0                bt_hci_cmd_create
 .text.bt_hci_cmd_send_sync
                0x0000e374       0xc4 zephyr/subsys/bluetooth/host/libsubsys__bluetooth__host.a(hci_core.c.obj)
                0x0000e374                bt_hci_cmd_send_sync
 .text.hci_le_read_max_data_len
                0x0000e438       0x40 zephyr/subsys/bluetooth/host/libsubsys__bluetooth__host.a(hci_core.c.obj)
 .text.set_random_address
                0x0000e478       0x5c zephyr/subsys/bluetooth/host/libsubsys__bluetooth__host.a(hci_core.c.obj)
 .text.set_le_scan_enable_legacy
                0x0000e4d4       0x78 zephyr/subsys/bluetooth/host/libsubsys__bluetooth__host.a(hci_core.c.obj)
 .text.le_adv_set_random_addr.isra.0
                0x0000e54c       0xfc zephyr/subsys/bluetooth/host/libsubsys__bluetooth__host.a(hci_core.c.obj)
 .text.hci_set_ad
                0x0000e648       0xd0 zephyr/subsys/bluetooth/host/libsubsys__bluetooth__host.a(hci_core.c.obj)
 .text.le_adv_update.constprop.0
                0x0000e718       0xe8 zephyr/subsys/bluetooth/host/libsubsys__bluetooth__host.a(hci_core.c.obj)
 .text.set_le_adv_enable_legacy
                0x0000e800       0x5c zephyr/subsys/bluetooth/host/libsubsys__bluetooth__host.a(hci_core.c.obj)
 .text.start_le_scan_legacy
                0x0000e85c       0xbc zephyr/subsys/bluetooth/host/libsubsys__bluetooth__host.a(hci_core.c.obj)
 .text.bt_le_scan_random_addr_check
                0x0000e918       0x10 zephyr/subsys/bluetooth/host/libsubsys__bluetooth__host.a(hci_core.c.obj)
                0x0000e918                bt_le_scan_random_addr_check
 .text.bt_le_create_conn_legacy
                0x0000e928       0xc0 zephyr/subsys/bluetooth/host/libsubsys__bluetooth__host.a(hci_core.c.obj)
                0x0000e928                bt_le_create_conn_legacy
 .text.bt_le_create_conn_cancel
                0x0000e9e8       0x48 zephyr/subsys/bluetooth/host/libsubsys__bluetooth__host.a(hci_core.c.obj)
                0x0000e9e8                bt_le_create_conn_cancel
 .text.bt_le_scan_update
                0x0000ea30       0x7c zephyr/subsys/bluetooth/host/libsubsys__bluetooth__host.a(hci_core.c.obj)
                0x0000ea30                bt_le_scan_update
 .text.hci_disconn_complete
                0x0000eaac       0x60 zephyr/subsys/bluetooth/host/libsubsys__bluetooth__host.a(hci_core.c.obj)
 .text.le_adv_report
                0x0000eb0c      0x1f0 zephyr/subsys/bluetooth/host/libsubsys__bluetooth__host.a(hci_core.c.obj)
 .text.bt_data_parse
                0x0000ecfc       0x60 zephyr/subsys/bluetooth/host/libsubsys__bluetooth__host.a(hci_core.c.obj)
                0x0000ecfc                bt_data_parse
 .text.bt_send  0x0000ed5c       0x10 zephyr/subsys/bluetooth/host/libsubsys__bluetooth__host.a(hci_core.c.obj)
                0x0000ed5c                bt_send
 .text.bt_hci_cmd_send
                0x0000ed6c       0x50 zephyr/subsys/bluetooth/host/libsubsys__bluetooth__host.a(hci_core.c.obj)
                0x0000ed6c                bt_hci_cmd_send
 .text.bt_hci_host_num_completed_packets
                0x0000edbc       0xb4 zephyr/subsys/bluetooth/host/libsubsys__bluetooth__host.a(hci_core.c.obj)
                0x0000edbc                bt_hci_host_num_completed_packets
 .text.conn_auto_initiate
                0x0000ee70       0xd8 zephyr/subsys/bluetooth/host/libsubsys__bluetooth__host.a(hci_core.c.obj)
 .text.le_phy_update_complete
                0x0000ef48       0x50 zephyr/subsys/bluetooth/host/libsubsys__bluetooth__host.a(hci_core.c.obj)
 .text.le_remote_feat_complete
                0x0000ef98       0x4c zephyr/subsys/bluetooth/host/libsubsys__bluetooth__host.a(hci_core.c.obj)
 .text.le_conn_param_neg_reply
                0x0000efe4       0x40 zephyr/subsys/bluetooth/host/libsubsys__bluetooth__host.a(hci_core.c.obj)
 .text.le_conn_param_req
                0x0000f024       0xbc zephyr/subsys/bluetooth/host/libsubsys__bluetooth__host.a(hci_core.c.obj)
 .text.hci_tx_thread
                0x0000f0e0      0x158 zephyr/subsys/bluetooth/host/libsubsys__bluetooth__host.a(hci_core.c.obj)
 .text.hci_event_prio
                0x0000f238       0x98 zephyr/subsys/bluetooth/host/libsubsys__bluetooth__host.a(hci_core.c.obj)
                0x0000f238                hci_event_prio
 .text.bt_recv  0x0000f2d0       0x54 zephyr/subsys/bluetooth/host/libsubsys__bluetooth__host.a(hci_core.c.obj)
                0x0000f2d0                bt_recv
 .text.bt_hci_driver_register
                0x0000f324       0x28 zephyr/subsys/bluetooth/host/libsubsys__bluetooth__host.a(hci_core.c.obj)
                0x0000f324                bt_hci_driver_register
 .text.bt_finalize_init
                0x0000f34c       0x18 zephyr/subsys/bluetooth/host/libsubsys__bluetooth__host.a(hci_core.c.obj)
                0x0000f34c                bt_finalize_init
 .text.bt_init  0x0000f364      0x474 zephyr/subsys/bluetooth/host/libsubsys__bluetooth__host.a(hci_core.c.obj)
 .text.init_work
                0x0000f7d8       0x18 zephyr/subsys/bluetooth/host/libsubsys__bluetooth__host.a(hci_core.c.obj)
 .text.bt_enable
                0x0000f7f0      0x110 zephyr/subsys/bluetooth/host/libsubsys__bluetooth__host.a(hci_core.c.obj)
                0x0000f7f0                bt_enable
 .text.bt_get_name
                0x0000f900        0x8 zephyr/subsys/bluetooth/host/libsubsys__bluetooth__host.a(hci_core.c.obj)
                0x0000f900                bt_get_name
 .text.bt_id_create
                0x0000f908       0x74 zephyr/subsys/bluetooth/host/libsubsys__bluetooth__host.a(hci_core.c.obj)
                0x0000f908                bt_id_create
 .text.bt_setup_public_id_addr
                0x0000f97c       0x94 zephyr/subsys/bluetooth/host/libsubsys__bluetooth__host.a(hci_core.c.obj)
                0x0000f97c                bt_setup_public_id_addr
 .text.bt_read_static_addr
                0x0000fa10       0x88 zephyr/subsys/bluetooth/host/libsubsys__bluetooth__host.a(hci_core.c.obj)
                0x0000fa10                bt_read_static_addr
 .text.bt_setup_random_id_addr
                0x0000fa98       0x5c zephyr/subsys/bluetooth/host/libsubsys__bluetooth__host.a(hci_core.c.obj)
                0x0000fa98                bt_setup_random_id_addr
 .text.bt_le_adv_start_legacy
                0x0000faf4      0x230 zephyr/subsys/bluetooth/host/libsubsys__bluetooth__host.a(hci_core.c.obj)
                0x0000faf4                bt_le_adv_start_legacy
 .text.bt_le_adv_start
                0x0000fd24       0x1c zephyr/subsys/bluetooth/host/libsubsys__bluetooth__host.a(hci_core.c.obj)
                0x0000fd24                bt_le_adv_start
 .text.bt_le_adv_stop
                0x0000fd40       0xb8 zephyr/subsys/bluetooth/host/libsubsys__bluetooth__host.a(hci_core.c.obj)
                0x0000fd40                bt_le_adv_stop
 .text.bt_le_adv_resume
                0x0000fdf8       0x6c zephyr/subsys/bluetooth/host/libsubsys__bluetooth__host.a(hci_core.c.obj)
                0x0000fdf8                bt_le_adv_resume
 .text.enh_conn_complete
                0x0000fe64      0x1fc zephyr/subsys/bluetooth/host/libsubsys__bluetooth__host.a(hci_core.c.obj)
 .text.bt_le_scan_start
                0x00010060       0xc8 zephyr/subsys/bluetooth/host/libsubsys__bluetooth__host.a(hci_core.c.obj)
                0x00010060                bt_le_scan_start
 .text.bt_le_scan_stop
                0x00010128       0x2c zephyr/subsys/bluetooth/host/libsubsys__bluetooth__host.a(hci_core.c.obj)
                0x00010128                bt_le_scan_stop
 .text.bt_le_scan_cb_register
                0x00010154       0x20 zephyr/subsys/bluetooth/host/libsubsys__bluetooth__host.a(hci_core.c.obj)
                0x00010154                bt_le_scan_cb_register
 .text.prng_reseed.constprop.0
                0x00010174       0x80 zephyr/subsys/bluetooth/host/libsubsys__bluetooth__host.a(crypto.c.obj)
 .text.prng_init
                0x000101f4       0x5c zephyr/subsys/bluetooth/host/libsubsys__bluetooth__host.a(crypto.c.obj)
                0x000101f4                prng_init
 .text.bt_rand  0x00010250       0x30 zephyr/subsys/bluetooth/host/libsubsys__bluetooth__host.a(crypto.c.obj)
                0x00010250                bt_rand
 .text.tx_free  0x00010280       0x14 zephyr/subsys/bluetooth/host/libsubsys__bluetooth__host.a(conn.c.obj)
 .text.notify_connected
                0x00010294       0x2c zephyr/subsys/bluetooth/host/libsubsys__bluetooth__host.a(conn.c.obj)
 .text.send_frag
                0x000102c0      0x144 zephyr/subsys/bluetooth/host/libsubsys__bluetooth__host.a(conn.c.obj)
 .text.bt_conn_get_pkts
                0x00010404        0x8 zephyr/subsys/bluetooth/host/libsubsys__bluetooth__host.a(conn.c.obj)
                0x00010404                bt_conn_get_pkts
 .text.notify_le_param_updated
                0x0001040c       0x60 zephyr/subsys/bluetooth/host/libsubsys__bluetooth__host.a(conn.c.obj)
                0x0001040c                notify_le_param_updated
 .text.le_param_req
                0x0001046c       0x40 zephyr/subsys/bluetooth/host/libsubsys__bluetooth__host.a(conn.c.obj)
                0x0001046c                le_param_req
 .text.bt_conn_cb_register
                0x000104ac       0x10 zephyr/subsys/bluetooth/host/libsubsys__bluetooth__host.a(conn.c.obj)
                0x000104ac                bt_conn_cb_register
 .text.conn_cleanup
                0x000104bc       0x80 zephyr/subsys/bluetooth/host/libsubsys__bluetooth__host.a(conn.c.obj)
 .text.bt_conn_recv
                0x0001053c       0xc8 zephyr/subsys/bluetooth/host/libsubsys__bluetooth__host.a(conn.c.obj)
                0x0001053c                bt_conn_recv
 .text.bt_conn_send_cb
                0x00010604       0xac zephyr/subsys/bluetooth/host/libsubsys__bluetooth__host.a(conn.c.obj)
                0x00010604                bt_conn_send_cb
 .text.bt_conn_prepare_events
                0x000106b0       0x80 zephyr/subsys/bluetooth/host/libsubsys__bluetooth__host.a(conn.c.obj)
                0x000106b0                bt_conn_prepare_events
 .text.bt_conn_add_le
                0x00010730       0x58 zephyr/subsys/bluetooth/host/libsubsys__bluetooth__host.a(conn.c.obj)
                0x00010730                bt_conn_add_le
 .text.bt_conn_unref
                0x00010788       0x48 zephyr/subsys/bluetooth/host/libsubsys__bluetooth__host.a(conn.c.obj)
                0x00010788                bt_conn_unref
 .text.bt_conn_lookup_handle
                0x000107d0       0x10 zephyr/subsys/bluetooth/host/libsubsys__bluetooth__host.a(conn.c.obj)
                0x000107d0                bt_conn_lookup_handle
 .text.bt_conn_set_state
                0x000107e0      0x1ec zephyr/subsys/bluetooth/host/libsubsys__bluetooth__host.a(conn.c.obj)
                0x000107e0                bt_conn_set_state
 .text.bt_conn_lookup_addr_le
                0x000109cc       0x48 zephyr/subsys/bluetooth/host/libsubsys__bluetooth__host.a(conn.c.obj)
                0x000109cc                bt_conn_lookup_addr_le
 .text.bt_conn_exists_le
                0x00010a14       0x38 zephyr/subsys/bluetooth/host/libsubsys__bluetooth__host.a(conn.c.obj)
                0x00010a14                bt_conn_exists_le
 .text.bt_conn_lookup_state_le
                0x00010a4c       0x60 zephyr/subsys/bluetooth/host/libsubsys__bluetooth__host.a(conn.c.obj)
                0x00010a4c                bt_conn_lookup_state_le
 .text.bt_conn_get_info
                0x00010aac       0x58 zephyr/subsys/bluetooth/host/libsubsys__bluetooth__host.a(conn.c.obj)
                0x00010aac                bt_conn_get_info
 .text.bt_conn_le_create
                0x00010b04      0x120 zephyr/subsys/bluetooth/host/libsubsys__bluetooth__host.a(conn.c.obj)
                0x00010b04                bt_conn_le_create
 .text.bt_le_set_auto_conn
                0x00010c24       0xdc zephyr/subsys/bluetooth/host/libsubsys__bluetooth__host.a(conn.c.obj)
                0x00010c24                bt_le_set_auto_conn
 .text.bt_conn_disconnect
                0x00010d00       0x8c zephyr/subsys/bluetooth/host/libsubsys__bluetooth__host.a(conn.c.obj)
                0x00010d00                bt_conn_disconnect
 .text.send_conn_le_param_update
                0x00010d8c       0x5c zephyr/subsys/bluetooth/host/libsubsys__bluetooth__host.a(conn.c.obj)
 .text.deferred_work
                0x00010de8       0xb8 zephyr/subsys/bluetooth/host/libsubsys__bluetooth__host.a(conn.c.obj)
 .text.bt_conn_create_pdu_timeout
                0x00010ea0       0x60 zephyr/subsys/bluetooth/host/libsubsys__bluetooth__host.a(conn.c.obj)
                0x00010ea0                bt_conn_create_pdu_timeout
 .text.bt_conn_create_frag_timeout
                0x00010f00        0xc zephyr/subsys/bluetooth/host/libsubsys__bluetooth__host.a(conn.c.obj)
                0x00010f00                bt_conn_create_frag_timeout
 .text.create_frag
                0x00010f0c       0x6c zephyr/subsys/bluetooth/host/libsubsys__bluetooth__host.a(conn.c.obj)
 .text.bt_conn_process_tx
                0x00010f78       0xc0 zephyr/subsys/bluetooth/host/libsubsys__bluetooth__host.a(conn.c.obj)
                0x00010f78                bt_conn_process_tx
 .text.bt_conn_index
                0x00011038       0x40 zephyr/subsys/bluetooth/host/libsubsys__bluetooth__host.a(conn.c.obj)
                0x00011038                bt_conn_index
 .text.bt_conn_lookup_index
                0x00011078       0x1c zephyr/subsys/bluetooth/host/libsubsys__bluetooth__host.a(conn.c.obj)
                0x00011078                bt_conn_lookup_index
 .text.bt_conn_init
                0x00011094       0x74 zephyr/subsys/bluetooth/host/libsubsys__bluetooth__host.a(conn.c.obj)
                0x00011094                bt_conn_init
 .text.l2cap_accept
                0x00011108       0x3c zephyr/subsys/bluetooth/host/libsubsys__bluetooth__host.a(l2cap.c.obj)
 .text.l2cap_create_le_sig_pdu.constprop.0
                0x00011144       0x3c zephyr/subsys/bluetooth/host/libsubsys__bluetooth__host.a(l2cap.c.obj)
 .text.l2cap_rtx_timeout
                0x00011180       0x28 zephyr/subsys/bluetooth/host/libsubsys__bluetooth__host.a(l2cap.c.obj)
 .text.bt_l2cap_connected
                0x000111a8       0xd0 zephyr/subsys/bluetooth/host/libsubsys__bluetooth__host.a(l2cap.c.obj)
                0x000111a8                bt_l2cap_connected
 .text.l2cap_recv
                0x00011278      0x114 zephyr/subsys/bluetooth/host/libsubsys__bluetooth__host.a(l2cap.c.obj)
 .text.bt_l2cap_recv
                0x0001138c       0x50 zephyr/subsys/bluetooth/host/libsubsys__bluetooth__host.a(l2cap.c.obj)
                0x0001138c                bt_l2cap_recv
 .text.bt_l2cap_update_conn_param
                0x000113dc       0x5c zephyr/subsys/bluetooth/host/libsubsys__bluetooth__host.a(l2cap.c.obj)
                0x000113dc                bt_l2cap_update_conn_param
 .text.att_cfm_sent
                0x00011438       0x10 zephyr/subsys/bluetooth/host/libsubsys__bluetooth__host.a(att.c.obj)
 .text.att_rsp_sent
                0x00011448       0x10 zephyr/subsys/bluetooth/host/libsubsys__bluetooth__host.a(att.c.obj)
 .text.att_req_sent
                0x00011458       0x10 zephyr/subsys/bluetooth/host/libsubsys__bluetooth__host.a(att.c.obj)
 .text.att_get  0x00011468       0x50 zephyr/subsys/bluetooth/host/libsubsys__bluetooth__host.a(att.c.obj)
 .text.bt_att_released
                0x000114b8       0x18 zephyr/subsys/bluetooth/host/libsubsys__bluetooth__host.a(att.c.obj)
 .text.find_type_cb
                0x000114d0      0x144 zephyr/subsys/bluetooth/host/libsubsys__bluetooth__host.a(att.c.obj)
 .text.chan_req_sent
                0x00011614       0x1c zephyr/subsys/bluetooth/host/libsubsys__bluetooth__host.a(att.c.obj)
 .text.bt_att_accept
                0x00011630       0xb0 zephyr/subsys/bluetooth/host/libsubsys__bluetooth__host.a(att.c.obj)
 .text.read_group_cb
                0x000116e0       0xac zephyr/subsys/bluetooth/host/libsubsys__bluetooth__host.a(att.c.obj)
 .text.chan_send
                0x0001178c       0xd8 zephyr/subsys/bluetooth/host/libsubsys__bluetooth__host.a(att.c.obj)
 .text.bt_att_chan_req_send
                0x00011864       0xa4 zephyr/subsys/bluetooth/host/libsubsys__bluetooth__host.a(att.c.obj)
 .text.read_type_cb
                0x00011908       0xa8 zephyr/subsys/bluetooth/host/libsubsys__bluetooth__host.a(att.c.obj)
 .text.bt_att_connected
                0x000119b0       0x84 zephyr/subsys/bluetooth/host/libsubsys__bluetooth__host.a(att.c.obj)
 .text.bt_att_chan_create_pdu
                0x00011a34       0x68 zephyr/subsys/bluetooth/host/libsubsys__bluetooth__host.a(att.c.obj)
                0x00011a34                bt_att_chan_create_pdu
 .text.att_indicate
                0x00011a9c       0x3c zephyr/subsys/bluetooth/host/libsubsys__bluetooth__host.a(att.c.obj)
 .text.send_err_rsp.part.0
                0x00011ad8       0x40 zephyr/subsys/bluetooth/host/libsubsys__bluetooth__host.a(att.c.obj)
 .text.bt_att_recv
                0x00011b18      0x108 zephyr/subsys/bluetooth/host/libsubsys__bluetooth__host.a(att.c.obj)
 .text.att_write_rsp.constprop.0
                0x00011c20       0xc8 zephyr/subsys/bluetooth/host/libsubsys__bluetooth__host.a(att.c.obj)
 .text.bt_att_create_pdu
                0x00011ce8       0x5c zephyr/subsys/bluetooth/host/libsubsys__bluetooth__host.a(att.c.obj)
                0x00011ce8                bt_att_create_pdu
 .text.att_read_group_req
                0x00011d44      0x108 zephyr/subsys/bluetooth/host/libsubsys__bluetooth__host.a(att.c.obj)
 .text.att_read_mult_req
                0x00011e4c       0x8c zephyr/subsys/bluetooth/host/libsubsys__bluetooth__host.a(att.c.obj)
 .text.att_read_rsp
                0x00011ed8       0x94 zephyr/subsys/bluetooth/host/libsubsys__bluetooth__host.a(att.c.obj)
 .text.att_read_type_req
                0x00011f6c       0xc8 zephyr/subsys/bluetooth/host/libsubsys__bluetooth__host.a(att.c.obj)
 .text.att_find_type_req
                0x00012034       0xdc zephyr/subsys/bluetooth/host/libsubsys__bluetooth__host.a(att.c.obj)
 .text.att_find_info_req
                0x00012110       0x78 zephyr/subsys/bluetooth/host/libsubsys__bluetooth__host.a(att.c.obj)
 .text.att_mtu_req
                0x00012188       0x60 zephyr/subsys/bluetooth/host/libsubsys__bluetooth__host.a(att.c.obj)
 .text.bt_att_req_alloc
                0x000121e8       0x2c zephyr/subsys/bluetooth/host/libsubsys__bluetooth__host.a(att.c.obj)
                0x000121e8                bt_att_req_alloc
 .text.bt_att_req_free
                0x00012214       0x18 zephyr/subsys/bluetooth/host/libsubsys__bluetooth__host.a(att.c.obj)
                0x00012214                bt_att_req_free
 .text.att_handle_rsp
                0x0001222c       0x88 zephyr/subsys/bluetooth/host/libsubsys__bluetooth__host.a(att.c.obj)
 .text.att_error_rsp
                0x000122b4       0x34 zephyr/subsys/bluetooth/host/libsubsys__bluetooth__host.a(att.c.obj)
 .text.att_reset
                0x000122e8       0x54 zephyr/subsys/bluetooth/host/libsubsys__bluetooth__host.a(att.c.obj)
 .text.att_timeout
                0x0001233c       0x34 zephyr/subsys/bluetooth/host/libsubsys__bluetooth__host.a(att.c.obj)
 .text.bt_att_send
                0x00012370       0xd0 zephyr/subsys/bluetooth/host/libsubsys__bluetooth__host.a(att.c.obj)
                0x00012370                bt_att_send
 .text.bt_att_req_send
                0x00012440       0x74 zephyr/subsys/bluetooth/host/libsubsys__bluetooth__host.a(att.c.obj)
                0x00012440                bt_att_req_send
 .text.bt_att_req_cancel
                0x000124b4       0x64 zephyr/subsys/bluetooth/host/libsubsys__bluetooth__host.a(att.c.obj)
                0x000124b4                bt_att_req_cancel
 .text.db_hash_set
                0x00012518       0x2c zephyr/subsys/bluetooth/host/libsubsys__bluetooth__host.a(gatt.c.obj)
 .text.db_hash_store
                0x00012544       0x2c zephyr/subsys/bluetooth/host/libsubsys__bluetooth__host.a(gatt.c.obj)
 .text.find_cf_cfg
                0x00012570       0x44 zephyr/subsys/bluetooth/host/libsubsys__bluetooth__host.a(gatt.c.obj)
 .text.find_sc_cfg
                0x000125b4       0x38 zephyr/subsys/bluetooth/host/libsubsys__bluetooth__host.a(gatt.c.obj)
 .text.gatt_sub_find
                0x000125ec       0x44 zephyr/subsys/bluetooth/host/libsubsys__bluetooth__host.a(gatt.c.obj)
 .text.find_cf_cfg_by_addr
                0x00012630       0x38 zephyr/subsys/bluetooth/host/libsubsys__bluetooth__host.a(gatt.c.obj)
 .text.bt_gatt_attr_write_ccc
                0x00012668       0xac zephyr/subsys/bluetooth/host/libsubsys__bluetooth__host.a(gatt.c.obj)
                0x00012668                bt_gatt_attr_write_ccc
 .text.cf_write
                0x00012714       0xb4 zephyr/subsys/bluetooth/host/libsubsys__bluetooth__host.a(gatt.c.obj)
 .text.sc_store
                0x000127c8       0x50 zephyr/subsys/bluetooth/host/libsubsys__bluetooth__host.a(gatt.c.obj)
 .text.sc_save  0x00012818       0x78 zephyr/subsys/bluetooth/host/libsubsys__bluetooth__host.a(gatt.c.obj)
 .text.sc_set   0x00012890       0xc8 zephyr/subsys/bluetooth/host/libsubsys__bluetooth__host.a(gatt.c.obj)
 .text.gatt_send.constprop.0
                0x00012958       0x64 zephyr/subsys/bluetooth/host/libsubsys__bluetooth__host.a(gatt.c.obj)
 .text.cf_set   0x000129bc       0xbc zephyr/subsys/bluetooth/host/libsubsys__bluetooth__host.a(gatt.c.obj)
 .text.remove_peer_from_attr
                0x00012a78       0x28 zephyr/subsys/bluetooth/host/libsubsys__bluetooth__host.a(gatt.c.obj)
 .text.ccc_load
                0x00012aa0       0x8c zephyr/subsys/bluetooth/host/libsubsys__bluetooth__host.a(gatt.c.obj)
 .text.ccc_save
                0x00012b2c       0x38 zephyr/subsys/bluetooth/host/libsubsys__bluetooth__host.a(gatt.c.obj)
 .text.gatt_indicate
                0x00012b64       0x6c zephyr/subsys/bluetooth/host/libsubsys__bluetooth__host.a(gatt.c.obj)
 .text.gatt_notify
                0x00012bd0       0x60 zephyr/subsys/bluetooth/host/libsubsys__bluetooth__host.a(gatt.c.obj)
 .text.notify_cb
                0x00012c30       0xf4 zephyr/subsys/bluetooth/host/libsubsys__bluetooth__host.a(gatt.c.obj)
 .text.bt_gatt_clear_sc
                0x00012d24       0x5c zephyr/subsys/bluetooth/host/libsubsys__bluetooth__host.a(gatt.c.obj)
 .text.sc_clear
                0x00012d80       0x44 zephyr/subsys/bluetooth/host/libsubsys__bluetooth__host.a(gatt.c.obj)
 .text.disconnected_cb
                0x00012dc4       0xa8 zephyr/subsys/bluetooth/host/libsubsys__bluetooth__host.a(gatt.c.obj)
 .text.sc_commit
                0x00012e6c       0x38 zephyr/subsys/bluetooth/host/libsubsys__bluetooth__host.a(gatt.c.obj)
 .text.gatt_write_ccc.constprop.0
                0x00012ea4       0x58 zephyr/subsys/bluetooth/host/libsubsys__bluetooth__host.a(gatt.c.obj)
 .text.sc_indicate_rsp
                0x00012efc       0x50 zephyr/subsys/bluetooth/host/libsubsys__bluetooth__host.a(gatt.c.obj)
 .text.bt_gatt_init
                0x00012f4c       0xd0 zephyr/subsys/bluetooth/host/libsubsys__bluetooth__host.a(gatt.c.obj)
                0x00012f4c                bt_gatt_init
 .text.bt_gatt_attr_get_handle
                0x0001301c       0x88 zephyr/subsys/bluetooth/host/libsubsys__bluetooth__host.a(gatt.c.obj)
                0x0001301c                bt_gatt_attr_get_handle
 .text.bt_gatt_foreach_attr_type
                0x000130a4       0xd8 zephyr/subsys/bluetooth/host/libsubsys__bluetooth__host.a(gatt.c.obj)
                0x000130a4                bt_gatt_foreach_attr_type
 .text.db_hash_gen
                0x0001317c       0x78 zephyr/subsys/bluetooth/host/libsubsys__bluetooth__host.a(gatt.c.obj)
 .text.db_hash_commit
                0x000131f4       0xa8 zephyr/subsys/bluetooth/host/libsubsys__bluetooth__host.a(gatt.c.obj)
 .text.ccc_set_direct
                0x0001329c       0xd4 zephyr/subsys/bluetooth/host/libsubsys__bluetooth__host.a(gatt.c.obj)
 .text.bt_gatt_attr_next
                0x00013370       0x24 zephyr/subsys/bluetooth/host/libsubsys__bluetooth__host.a(gatt.c.obj)
                0x00013370                bt_gatt_attr_next
 .text.bt_gatt_notify_cb
                0x00013394      0x120 zephyr/subsys/bluetooth/host/libsubsys__bluetooth__host.a(gatt.c.obj)
                0x00013394                bt_gatt_notify_cb
 .text.bt_gatt_indicate
                0x000134b4      0x128 zephyr/subsys/bluetooth/host/libsubsys__bluetooth__host.a(gatt.c.obj)
                0x000134b4                bt_gatt_indicate
 .text.sc_process
                0x000135dc       0x90 zephyr/subsys/bluetooth/host/libsubsys__bluetooth__host.a(gatt.c.obj)
 .text.update_ccc
                0x0001366c       0xec zephyr/subsys/bluetooth/host/libsubsys__bluetooth__host.a(gatt.c.obj)
 .text.bt_gatt_is_subscribed
                0x00013758       0xd4 zephyr/subsys/bluetooth/host/libsubsys__bluetooth__host.a(gatt.c.obj)
                0x00013758                bt_gatt_is_subscribed
 .text.bt_gatt_discover
                0x0001382c      0x250 zephyr/subsys/bluetooth/host/libsubsys__bluetooth__host.a(gatt.c.obj)
                0x0001382c                bt_gatt_discover
 .text.gatt_read_group_rsp
                0x00013a7c      0x108 zephyr/subsys/bluetooth/host/libsubsys__bluetooth__host.a(gatt.c.obj)
 .text.gatt_read_type_rsp
                0x00013b84      0x218 zephyr/subsys/bluetooth/host/libsubsys__bluetooth__host.a(gatt.c.obj)
 .text.read_included_uuid_cb
                0x00013d9c       0x98 zephyr/subsys/bluetooth/host/libsubsys__bluetooth__host.a(gatt.c.obj)
 .text.gatt_find_info_rsp
                0x00013e34      0x14c zephyr/subsys/bluetooth/host/libsubsys__bluetooth__host.a(gatt.c.obj)
 .text.bt_gatt_subscribe
                0x00013f80      0x124 zephyr/subsys/bluetooth/host/libsubsys__bluetooth__host.a(gatt.c.obj)
                0x00013f80                bt_gatt_subscribe
 .text.bt_gatt_unsubscribe
                0x000140a4      0x130 zephyr/subsys/bluetooth/host/libsubsys__bluetooth__host.a(gatt.c.obj)
                0x000140a4                bt_gatt_unsubscribe
 .text.bt_gatt_mult_notification
                0x000141d4       0xa4 zephyr/subsys/bluetooth/host/libsubsys__bluetooth__host.a(gatt.c.obj)
                0x000141d4                bt_gatt_mult_notification
 .text.bt_gatt_connected
                0x00014278       0xa0 zephyr/subsys/bluetooth/host/libsubsys__bluetooth__host.a(gatt.c.obj)
                0x00014278                bt_gatt_connected
 .text.db_hash_read
                0x00014318       0x50 zephyr/subsys/bluetooth/host/libsubsys__bluetooth__host.a(gatt.c.obj)
 .text.bt_gatt_store_ccc
                0x00014368       0x74 zephyr/subsys/bluetooth/host/libsubsys__bluetooth__host.a(gatt.c.obj)
                0x00014368                bt_gatt_store_ccc
 .text.bt_gatt_disconnected
                0x000143dc      0x16c zephyr/subsys/bluetooth/host/libsubsys__bluetooth__host.a(gatt.c.obj)
                0x000143dc                bt_gatt_disconnected
 .text.bt_smp_accept
                0x00014548       0x3c zephyr/subsys/bluetooth/host/libsubsys__bluetooth__host.a(smp_null.c.obj)
 .text.net_buf_pool_get
                0x00014584       0x10 zephyr/subsys/net/libsubsys__net.a(buf.c.obj)
                0x00014584                net_buf_pool_get
 .text.net_buf_id
                0x00014594       0x20 zephyr/subsys/net/libsubsys__net.a(buf.c.obj)
                0x00014594                net_buf_id
 .text.fixed_data_alloc
                0x000145b4       0x30 zephyr/subsys/net/libsubsys__net.a(buf.c.obj)
 .text.net_buf_reset
                0x000145e4       0x44 zephyr/subsys/net/libsubsys__net.a(buf.c.obj)
                0x000145e4                net_buf_reset
 .text.net_buf_alloc_len
                0x00014628      0x158 zephyr/subsys/net/libsubsys__net.a(buf.c.obj)
                0x00014628                net_buf_alloc_len
 .text.net_buf_get
                0x00014780       0x60 zephyr/subsys/net/libsubsys__net.a(buf.c.obj)
                0x00014780                net_buf_get
 .text.net_buf_simple_reserve
                0x000147e0       0x48 zephyr/subsys/net/libsubsys__net.a(buf.c.obj)
                0x000147e0                net_buf_simple_reserve
 .text.net_buf_put
                0x00014828       0x5c zephyr/subsys/net/libsubsys__net.a(buf.c.obj)
                0x00014828                net_buf_put
 .text.net_buf_unref
                0x00014884       0x88 zephyr/subsys/net/libsubsys__net.a(buf.c.obj)
                0x00014884                net_buf_unref
 .text.net_buf_ref
                0x0001490c       0x30 zephyr/subsys/net/libsubsys__net.a(buf.c.obj)
                0x0001490c                net_buf_ref
 .text.net_buf_frag_last
                0x0001493c       0x30 zephyr/subsys/net/libsubsys__net.a(buf.c.obj)
                0x0001493c                net_buf_frag_last
 .text.net_buf_frag_insert
                0x0001496c       0x50 zephyr/subsys/net/libsubsys__net.a(buf.c.obj)
                0x0001496c                net_buf_frag_insert
 .text.net_buf_frag_add
                0x000149bc       0x44 zephyr/subsys/net/libsubsys__net.a(buf.c.obj)
                0x000149bc                net_buf_frag_add
 .text.net_buf_simple_push
                0x00014a00       0x3c zephyr/subsys/net/libsubsys__net.a(buf.c.obj)
                0x00014a00                net_buf_simple_push
 .text.net_buf_simple_pull
                0x00014a3c       0x38 zephyr/subsys/net/libsubsys__net.a(buf.c.obj)
                0x00014a3c                net_buf_simple_pull
 .text.net_buf_simple_pull_mem
                0x00014a74       0x3c zephyr/subsys/net/libsubsys__net.a(buf.c.obj)
                0x00014a74                net_buf_simple_pull_mem
 .text.net_buf_simple_add
                0x00014ab0       0x3c zephyr/subsys/net/libsubsys__net.a(buf.c.obj)
                0x00014ab0                net_buf_simple_add
 .text.gpio_nrfx_manage_callback
                0x00014aec       0x8c zephyr/drivers/gpio/libdrivers__gpio.a(gpio_nrfx.c.obj)
 .text.nrf_gpio_pin_port_decode
                0x00014b78       0x78 zephyr/drivers/gpio/libdrivers__gpio.a(gpio_nrfx.c.obj)
 .text.gpio_nrfx_init
                0x00014bf0       0x30 zephyr/drivers/gpio/libdrivers__gpio.a(gpio_nrfx.c.obj)
 .text.gpio_nrfx_pin_interrupt_configure
                0x00014c20      0x1c0 zephyr/drivers/gpio/libdrivers__gpio.a(gpio_nrfx.c.obj)
 .text.gpio_nrfx_config
                0x00014de0       0xc8 zephyr/drivers/gpio/libdrivers__gpio.a(gpio_nrfx.c.obj)
 .text.gpio_fire_callbacks.isra.0
                0x00014ea8       0x54 zephyr/drivers/gpio/libdrivers__gpio.a(gpio_nrfx.c.obj)
 .text.gpiote_event_handler
                0x00014efc       0xc4 zephyr/drivers/gpio/libdrivers__gpio.a(gpio_nrfx.c.obj)
 .text.vipm_nrf_1_register_callback
                0x00014fc0       0x10 zephyr/drivers/ipm/libdrivers__ipm.a(ipm_nrfx_ipc.c.obj)
 .text.vipm_nrf_0_set_enabled
                0x00014fd0       0x14 zephyr/drivers/ipm/libdrivers__ipm.a(ipm_nrfx_ipc.c.obj)
 .text.vipm_nrf_0_register_callback
                0x00014fe4        0xc zephyr/drivers/ipm/libdrivers__ipm.a(ipm_nrfx_ipc.c.obj)
 .text.vipm_nrf_1_send
                0x00014ff0       0x14 zephyr/drivers/ipm/libdrivers__ipm.a(ipm_nrfx_ipc.c.obj)
 .text.vipm_nrf_init
                0x00015004       0x40 zephyr/drivers/ipm/libdrivers__ipm.a(ipm_nrfx_ipc.c.obj)
 .text.vipm_dispatcher
                0x00015044       0x70 zephyr/drivers/ipm/libdrivers__ipm.a(ipm_nrfx_ipc.c.obj)
 .text.vipm_nrf_0_send
                0x000150b4       0x3c zephyr/drivers/ipm/libdrivers__ipm.a(ipm_nrfx_ipc.c.obj)
 .text.nrf_gpio_pin_port_decode
                0x000150f0       0x78 zephyr/drivers/serial/libdrivers__serial.a(uart_nrfx_uarte.c.obj)
 .text.uarte_nrfx_configure
                0x00015168      0x180 zephyr/drivers/serial/libdrivers__serial.a(uart_nrfx_uarte.c.obj)
 .text.uarte_nrfx_poll_out
                0x000152e8       0xb8 zephyr/drivers/serial/libdrivers__serial.a(uart_nrfx_uarte.c.obj)
 .text.uarte_0_init
                0x000153a0      0x198 zephyr/drivers/serial/libdrivers__serial.a(uart_nrfx_uarte.c.obj)
 .text.z_impl_gpio_pin_interrupt_configure
                0x00015538       0xdc modules/nrf/lib/dk_buttons_and_leds/lib..__nrf__lib__dk_buttons_and_leds.a(dk_buttons_and_leds.c.obj)
 .text.gpio_pin_set_raw
                0x00015614       0x48 modules/nrf/lib/dk_buttons_and_leds/lib..__nrf__lib__dk_buttons_and_leds.a(dk_buttons_and_leds.c.obj)
 .text.dk_set_leds_state.part.0
                0x0001565c       0x5c modules/nrf/lib/dk_buttons_and_leds/lib..__nrf__lib__dk_buttons_and_leds.a(dk_buttons_and_leds.c.obj)
 .text.buttons_scan_fn
                0x000156b8      0x204 modules/nrf/lib/dk_buttons_and_leds/lib..__nrf__lib__dk_buttons_and_leds.a(dk_buttons_and_leds.c.obj)
 .text.button_pressed
                0x000158bc       0xd8 modules/nrf/lib/dk_buttons_and_leds/lib..__nrf__lib__dk_buttons_and_leds.a(dk_buttons_and_leds.c.obj)
 .text.dk_leds_init
                0x00015994       0xac modules/nrf/lib/dk_buttons_and_leds/lib..__nrf__lib__dk_buttons_and_leds.a(dk_buttons_and_leds.c.obj)
                0x00015994                dk_leds_init
 .text.dk_read_buttons
                0x00015a40       0x20 modules/nrf/lib/dk_buttons_and_leds/lib..__nrf__lib__dk_buttons_and_leds.a(dk_buttons_and_leds.c.obj)
                0x00015a40                dk_read_buttons
 .text.dk_buttons_init
                0x00015a60      0x184 modules/nrf/lib/dk_buttons_and_leds/lib..__nrf__lib__dk_buttons_and_leds.a(dk_buttons_and_leds.c.obj)
                0x00015a60                dk_buttons_init
 .text.dk_set_led
                0x00015be4       0x50 modules/nrf/lib/dk_buttons_and_leds/lib..__nrf__lib__dk_buttons_and_leds.a(dk_buttons_and_leds.c.obj)
                0x00015be4                dk_set_led
 .text.k_sys_fatal_error_handler
                0x00015c34       0x14 modules/nrf/lib/fatal_error/lib..__nrf__lib__fatal_error.a(fatal_error.c.obj)
                0x00015c34                k_sys_fatal_error_handler
 .text.check_ext_api_requests
                0x00015c48       0x9c modules/nrf/subsys/fw_info/lib..__nrf__subsys__fw_info.a(fw_info.c.obj)
 .text.SystemCoreClockUpdate
                0x00015ce4       0x20 modules/hal_nordic/libmodules__hal_nordic.a(system_nrf5340_application.c.obj)
                0x00015ce4                SystemCoreClockUpdate
 .text.nrfx_clock_init
                0x00015d04       0x40 modules/hal_nordic/libmodules__hal_nordic.a(nrfx_clock.c.obj)
                0x00015d04                nrfx_clock_init
 .text.nrfx_clock_enable
                0x00015d44       0x48 modules/hal_nordic/libmodules__hal_nordic.a(nrfx_clock.c.obj)
                0x00015d44                nrfx_clock_enable
 .text.nrfx_clock_start
                0x00015d8c       0xd4 modules/hal_nordic/libmodules__hal_nordic.a(nrfx_clock.c.obj)
                0x00015d8c                nrfx_clock_start
 .text.nrfx_clock_stop
                0x00015e60      0x120 modules/hal_nordic/libmodules__hal_nordic.a(nrfx_clock.c.obj)
                0x00015e60                nrfx_clock_stop
 .text.nrfx_power_clock_irq_handler
                0x00015f80       0xac modules/hal_nordic/libmodules__hal_nordic.a(nrfx_clock.c.obj)
                0x00015f80                nrfx_power_clock_irq_handler
 .text.nrfx_dppi_channel_alloc
                0x0001602c       0x38 modules/hal_nordic/libmodules__hal_nordic.a(nrfx_dppi.c.obj)
                0x0001602c                nrfx_dppi_channel_alloc
 .text.nrfx_gpiote_channel_free
                0x00016064       0x40 modules/hal_nordic/libmodules__hal_nordic.a(nrfx_gpiote.c.obj)
                0x00016064                nrfx_gpiote_channel_free
 .text.nrfx_gpiote_channel_alloc
                0x000160a4       0x70 modules/hal_nordic/libmodules__hal_nordic.a(nrfx_gpiote.c.obj)
                0x000160a4                nrfx_gpiote_channel_alloc
 .text.nrfx_ipc_init
                0x00016114       0x4c modules/hal_nordic/libmodules__hal_nordic.a(nrfx_ipc.c.obj)
                0x00016114                nrfx_ipc_init
 .text.nrfx_ipc_config_load
                0x00016160       0x7c modules/hal_nordic/libmodules__hal_nordic.a(nrfx_ipc.c.obj)
                0x00016160                nrfx_ipc_config_load
 .text.nrfx_ipc_receive_event_enable
                0x000161dc       0x3c modules/hal_nordic/libmodules__hal_nordic.a(nrfx_ipc.c.obj)
                0x000161dc                nrfx_ipc_receive_event_enable
 .text.nrfx_ipc_receive_event_disable
                0x00016218       0x3c modules/hal_nordic/libmodules__hal_nordic.a(nrfx_ipc.c.obj)
                0x00016218                nrfx_ipc_receive_event_disable
 .text.nrfx_ipc_irq_handler
                0x00016254       0x6c modules/hal_nordic/libmodules__hal_nordic.a(nrfx_ipc.c.obj)
                0x00016254                nrfx_ipc_irq_handler
 .text.metal_generic_dev_open
                0x000162c0       0x40 modules/libmetal/libmetal/lib/libmetal.a(device.c.obj)
                0x000162c0                metal_generic_dev_open
 .text.metal_bus_find
                0x00016300       0x3c modules/libmetal/libmetal/lib/libmetal.a(device.c.obj)
                0x00016300                metal_bus_find
 .text.metal_bus_register
                0x0001633c       0x68 modules/libmetal/libmetal/lib/libmetal.a(device.c.obj)
                0x0001633c                metal_bus_register
 .text.metal_register_generic_device
                0x000163a4       0x40 modules/libmetal/libmetal/lib/libmetal.a(device.c.obj)
                0x000163a4                metal_register_generic_device
 .text.metal_init
                0x000163e4       0x40 modules/libmetal/libmetal/lib/libmetal.a(init.c.obj)
                0x000163e4                metal_init
 .text.metal_sys_init
                0x00016424       0x10 modules/libmetal/libmetal/lib/libmetal.a(init.c.obj)
                0x00016424                metal_sys_init
 .text.metal_zephyr_log_handler
                0x00016434       0x3c modules/libmetal/libmetal/lib/libmetal.a(log.c.obj)
                0x00016434                metal_zephyr_log_handler
 .text.virtio_create_virtqueues
                0x00016470       0xb0 modules/open-amp/open-amp/lib/libopen_amp.a(virtio.c.obj)
                0x00016470                virtio_create_virtqueues
 .text.virtqueue_add_consumed_buffer
                0x00016520       0x38 modules/open-amp/open-amp/lib/libopen_amp.a(virtqueue.c.obj)
                0x00016520                virtqueue_add_consumed_buffer
 .text.rpmsg_send_offchannel_raw
                0x00016558       0x24 modules/open-amp/open-amp/lib/libopen_amp.a(rpmsg.c.obj)
                0x00016558                rpmsg_send_offchannel_raw
 .text.rpmsg_create_ept
                0x0001657c       0xfc modules/open-amp/open-amp/lib/libopen_amp.a(rpmsg.c.obj)
                0x0001657c                rpmsg_create_ept
 .text.rpmsg_virtio_send_offchannel_raw
                0x00016678      0x15c modules/open-amp/open-amp/lib/libopen_amp.a(rpmsg_virtio.c.obj)
 .text.rpmsg_init_vdev
                0x000167d4      0x1c4 modules/open-amp/open-amp/lib/libopen_amp.a(rpmsg_virtio.c.obj)
                0x000167d4                rpmsg_init_vdev
 .text.z_sys_init_run_level
                0x00016998       0x50 zephyr/kernel/libkernel.a(device.c.obj)
                0x00016998                z_sys_init_run_level
 .text.z_device_ready
                0x000169e8       0x2c zephyr/kernel/libkernel.a(device.c.obj)
                0x000169e8                z_device_ready
 .text.z_impl_device_get_binding
                0x00016a14       0x4c zephyr/kernel/libkernel.a(device.c.obj)
                0x00016a14                z_impl_device_get_binding
 .text.z_impl_z_errno
                0x00016a60        0xc zephyr/kernel/libkernel.a(errno.c.obj)
                0x00016a60                z_impl_z_errno
 .text.z_fatal_error
                0x00016a6c       0xb8 zephyr/kernel/libkernel.a(fatal.c.obj)
                0x00016a6c                z_fatal_error
 .text.idle     0x00016b24       0x60 zephyr/kernel/libkernel.a(idle.c.obj)
                0x00016b24                idle
 .text.z_bss_zero
                0x00016b84       0x14 zephyr/kernel/libkernel.a(init.c.obj)
                0x00016b84                z_bss_zero
 .text.bg_thread_main
                0x00016b98       0x34 zephyr/kernel/libkernel.a(init.c.obj)
 .text.z_cstart
                0x00016bcc      0x100 zephyr/kernel/libkernel.a(init.c.obj)
                0x00016bcc                z_cstart
 .text.statics_init
                0x00016ccc       0x44 zephyr/kernel/libkernel.a(kheap.c.obj)
 .text.k_heap_aligned_alloc
                0x00016d10      0x110 zephyr/kernel/libkernel.a(kheap.c.obj)
                0x00016d10                k_heap_aligned_alloc
 .text.k_heap_free
                0x00016e20       0x84 zephyr/kernel/libkernel.a(kheap.c.obj)
                0x00016e20                k_heap_free
 .text.init_mem_slab_module
                0x00016ea4       0x64 zephyr/kernel/libkernel.a(mem_slab.c.obj)
 .text.k_mem_slab_alloc
                0x00016f08       0xb4 zephyr/kernel/libkernel.a(mem_slab.c.obj)
                0x00016f08                k_mem_slab_alloc
 .text.k_mem_slab_free
                0x00016fbc       0x9c zephyr/kernel/libkernel.a(mem_slab.c.obj)
                0x00016fbc                k_mem_slab_free
 .text.z_impl_k_mutex_lock
                0x00017058      0x198 zephyr/kernel/libkernel.a(mutex.c.obj)
                0x00017058                z_impl_k_mutex_lock
 .text.z_impl_k_mutex_unlock
                0x000171f0      0x13c zephyr/kernel/libkernel.a(mutex.c.obj)
                0x000171f0                z_impl_k_mutex_unlock
 .text.queue_insert
                0x0001732c      0x114 zephyr/kernel/libkernel.a(queue.c.obj)
 .text.k_queue_append_list
                0x00017440       0xa8 zephyr/kernel/libkernel.a(queue.c.obj)
                0x00017440                k_queue_append_list
 .text.z_impl_k_queue_get
                0x000174e8       0xb8 zephyr/kernel/libkernel.a(queue.c.obj)
                0x000174e8                z_impl_k_queue_get
 .text.pended_on
                0x000175a0       0x2c zephyr/kernel/libkernel.a(sched.c.obj)
 .text.z_reset_time_slice
                0x000175cc       0x2c zephyr/kernel/libkernel.a(sched.c.obj)
                0x000175cc                z_reset_time_slice
 .text.k_sched_time_slice_set
                0x000175f8       0x9c zephyr/kernel/libkernel.a(sched.c.obj)
                0x000175f8                k_sched_time_slice_set
 .text.z_reschedule
                0x00017694       0x6c zephyr/kernel/libkernel.a(sched.c.obj)
                0x00017694                z_reschedule
 .text.k_sched_lock
                0x00017700       0xb0 zephyr/kernel/libkernel.a(sched.c.obj)
                0x00017700                k_sched_lock
 .text.z_priq_dumb_remove
                0x000177b0       0x58 zephyr/kernel/libkernel.a(sched.c.obj)
                0x000177b0                z_priq_dumb_remove
 .text.z_unpend_thread
                0x00017808       0x74 zephyr/kernel/libkernel.a(sched.c.obj)
                0x00017808                z_unpend_thread
 .text.update_cache
                0x0001787c       0x74 zephyr/kernel/libkernel.a(sched.c.obj)
 .text.k_sched_unlock
                0x000178f0       0xb8 zephyr/kernel/libkernel.a(sched.c.obj)
                0x000178f0                k_sched_unlock
 .text.ready_thread
                0x000179a8       0x94 zephyr/kernel/libkernel.a(sched.c.obj)
 .text.z_ready_thread
                0x00017a3c       0x6c zephyr/kernel/libkernel.a(sched.c.obj)
                0x00017a3c                z_ready_thread
 .text.z_sched_start
                0x00017aa8       0x84 zephyr/kernel/libkernel.a(sched.c.obj)
                0x00017aa8                z_sched_start
 .text.z_thread_timeout
                0x00017b2c       0x88 zephyr/kernel/libkernel.a(sched.c.obj)
                0x00017b2c                z_thread_timeout
 .text.move_thread_to_end_of_prio_q
                0x00017bb4       0x98 zephyr/kernel/libkernel.a(sched.c.obj)
 .text.z_time_slice
                0x00017c4c       0xc8 zephyr/kernel/libkernel.a(sched.c.obj)
                0x00017c4c                z_time_slice
 .text.z_impl_k_thread_suspend
                0x00017d14       0xb0 zephyr/kernel/libkernel.a(sched.c.obj)
                0x00017d14                z_impl_k_thread_suspend
 .text.z_thread_single_abort
                0x00017dc4      0x204 zephyr/kernel/libkernel.a(sched.c.obj)
                0x00017dc4                z_thread_single_abort
 .text.unready_thread
                0x00017fc8       0x38 zephyr/kernel/libkernel.a(sched.c.obj)
 .text.add_to_waitq_locked
                0x00018000       0x78 zephyr/kernel/libkernel.a(sched.c.obj)
 .text.pend     0x00018078       0x98 zephyr/kernel/libkernel.a(sched.c.obj)
 .text.z_pend_curr
                0x00018110       0x4c zephyr/kernel/libkernel.a(sched.c.obj)
                0x00018110                z_pend_curr
 .text.z_set_prio
                0x0001815c       0xf8 zephyr/kernel/libkernel.a(sched.c.obj)
                0x0001815c                z_set_prio
 .text.z_unpend_first_thread
                0x00018254       0xd0 zephyr/kernel/libkernel.a(sched.c.obj)
                0x00018254                z_unpend_first_thread
 .text.z_sched_init
                0x00018324       0x18 zephyr/kernel/libkernel.a(sched.c.obj)
                0x00018324                z_sched_init
 .text.z_impl_k_yield
                0x0001833c      0x11c zephyr/kernel/libkernel.a(sched.c.obj)
                0x0001833c                z_impl_k_yield
 .text.z_tick_sleep
                0x00018458       0xfc zephyr/kernel/libkernel.a(sched.c.obj)
 .text.z_impl_k_sleep
                0x00018554       0x60 zephyr/kernel/libkernel.a(sched.c.obj)
                0x00018554                z_impl_k_sleep
 .text.z_impl_k_current_get
                0x000185b4        0xc zephyr/kernel/libkernel.a(sched.c.obj)
                0x000185b4                z_impl_k_current_get
 .text.z_impl_k_sem_give
                0x000185c0       0x78 zephyr/kernel/libkernel.a(sem.c.obj)
                0x000185c0                z_impl_k_sem_give
 .text.z_impl_k_sem_take
                0x00018638       0xd4 zephyr/kernel/libkernel.a(sem.c.obj)
                0x00018638                z_impl_k_sem_take
 .text.k_sys_work_q_init
                0x0001870c       0x30 zephyr/kernel/libkernel.a(system_work_q.c.obj)
 .text.z_setup_new_thread
                0x0001873c       0xd4 zephyr/kernel/libkernel.a(thread.c.obj)
                0x0001873c                z_setup_new_thread
 .text.z_impl_k_thread_create
                0x00018810       0x90 zephyr/kernel/libkernel.a(thread.c.obj)
                0x00018810                z_impl_k_thread_create
 .text.z_init_static_threads
                0x000188a0       0xf8 zephyr/kernel/libkernel.a(thread.c.obj)
                0x000188a0                z_init_static_threads
 .text.z_spin_lock_valid
                0x00018998       0x1c zephyr/kernel/libkernel.a(thread.c.obj)
                0x00018998                z_spin_lock_valid
 .text.z_spin_unlock_valid
                0x000189b4       0x1c zephyr/kernel/libkernel.a(thread.c.obj)
                0x000189b4                z_spin_unlock_valid
 .text.z_spin_lock_set_owner
                0x000189d0       0x10 zephyr/kernel/libkernel.a(thread.c.obj)
                0x000189d0                z_spin_lock_set_owner
 .text.z_self_abort
                0x000189e0       0x58 zephyr/kernel/libkernel.a(thread_abort.c.obj)
                0x000189e0                z_self_abort
 .text.k_work_q_start
                0x00018a38       0x4c zephyr/kernel/libkernel.a(work_q.c.obj)
                0x00018a38                k_work_q_start
 .text.k_delayed_work_submit_to_queue
                0x00018a84       0xe0 zephyr/kernel/libkernel.a(work_q.c.obj)
                0x00018a84                k_delayed_work_submit_to_queue
 .text.k_delayed_work_cancel
                0x00018b64       0x78 zephyr/kernel/libkernel.a(work_q.c.obj)
                0x00018b64                k_delayed_work_cancel
 .text.boot_banner
                0x00018bdc       0x18 zephyr/kernel/libkernel.a(banner.c.obj)
                0x00018bdc                boot_banner
 .text.z_data_copy
                0x00018bf4       0x34 zephyr/kernel/libkernel.a(xip.c.obj)
                0x00018bf4                z_data_copy
 .text.elapsed  0x00018c28       0x14 zephyr/kernel/libkernel.a(timeout.c.obj)
 .text.next_timeout
                0x00018c3c       0x50 zephyr/kernel/libkernel.a(timeout.c.obj)
 .text.remove_timeout
                0x00018c8c       0x34 zephyr/kernel/libkernel.a(timeout.c.obj)
 .text.z_add_timeout
                0x00018cc0      0x160 zephyr/kernel/libkernel.a(timeout.c.obj)
                0x00018cc0                z_add_timeout
 .text.z_abort_timeout
                0x00018e20       0x78 zephyr/kernel/libkernel.a(timeout.c.obj)
                0x00018e20                z_abort_timeout
 .text.z_get_next_timeout_expiry
                0x00018e98       0x6c zephyr/kernel/libkernel.a(timeout.c.obj)
                0x00018e98                z_get_next_timeout_expiry
 .text.z_set_timeout_expiry
                0x00018f04       0x7c zephyr/kernel/libkernel.a(timeout.c.obj)
                0x00018f04                z_set_timeout_expiry
 .text.z_clock_announce
                0x00018f80      0x13c zephyr/kernel/libkernel.a(timeout.c.obj)
                0x00018f80                z_clock_announce
 .text.z_tick_get
                0x000190bc       0x7c zephyr/kernel/libkernel.a(timeout.c.obj)
                0x000190bc                z_tick_get
 .text.signal_poll_event
                0x00019138       0xd8 zephyr/kernel/libkernel.a(poll.c.obj)
 .text.register_events
                0x00019210      0x1a8 zephyr/kernel/libkernel.a(poll.c.obj)
 .text.clear_event_registrations
                0x000193b8      0x114 zephyr/kernel/libkernel.a(poll.c.obj)
 .text.k_poll_event_init
                0x000194cc       0x6c zephyr/kernel/libkernel.a(poll.c.obj)
                0x000194cc                k_poll_event_init
 .text.z_impl_k_poll
                0x00019538      0x1ac zephyr/kernel/libkernel.a(poll.c.obj)
                0x00019538                z_impl_k_poll
 .text.z_impl_k_poll_signal_raise
                0x000196e4       0x94 zephyr/kernel/libkernel.a(poll.c.obj)
                0x000196e4                z_impl_k_poll_signal_raise
 .text.k_aligned_alloc
                0x00019778       0x54 zephyr/kernel/libkernel.a(mempool.c.obj)
                0x00019778                k_aligned_alloc
 .text.z_thread_aligned_alloc
                0x000197cc       0x34 zephyr/kernel/libkernel.a(mempool.c.obj)
                0x000197cc                z_thread_aligned_alloc
 .text._ZN13deviceManager10app_led_cbEb
                0x00019800        0x8 app/libapp.a(deviceManager.cpp.obj)
                0x00019800                deviceManager::app_led_cb(bool)
 .text._ZN13deviceManager11deviceFoundEPK12bt_addr_le_tahP14net_buf_simple
                0x00019808        0x4 app/libapp.a(deviceManager.cpp.obj)
                0x00019808                deviceManager::deviceFound(bt_addr_le_t const*, signed char, unsigned char, net_buf_simple*)
 .text._ZN13deviceManager14checkAddressesEPcS0_
                0x0001980c       0x26 app/libapp.a(deviceManager.cpp.obj)
                0x0001980c                deviceManager::checkAddresses(char*, char*)
 .text._ZL7on_sentP7bt_connPv
                0x00019832        0x4 app/libapp.a(dataService.cpp.obj)
 .text.u8_to_dec
                0x00019836       0x42 zephyr/libzephyr.a(dec.c.obj)
                0x00019836                u8_to_dec
 .text.char2hex
                0x00019878       0x30 zephyr/libzephyr.a(hex.c.obj)
                0x00019878                char2hex
 .text.hex2bin  0x000198a8       0x70 zephyr/libzephyr.a(hex.c.obj)
                0x000198a8                hex2bin
 .text.sys_notify_validate
                0x00019918       0x28 zephyr/libzephyr.a(notify.c.obj)
                0x00019918                sys_notify_validate
 .text.arch_printk_char_out
                0x00019940        0x4 zephyr/libzephyr.a(printk.c.obj)
                0x00019940                arch_printk_char_out
 .text.str_out  0x00019944       0x26 zephyr/libzephyr.a(printk.c.obj)
 .text.printk   0x0001996a       0x1a zephyr/libzephyr.a(printk.c.obj)
                0x0001996a                printk
 .text.snprintk
                0x00019984       0x1a zephyr/libzephyr.a(printk.c.obj)
                0x00019984                snprintk
 .text.process_recheck
                0x0001999e       0x38 zephyr/libzephyr.a(onoff.c.obj)
 .text.notify_one
                0x000199d6       0x2c zephyr/libzephyr.a(onoff.c.obj)
 .text.validate_args
                0x00019a02       0x1e zephyr/libzephyr.a(onoff.c.obj)
 .text.onoff_manager_init
                0x00019a20       0x26 zephyr/libzephyr.a(onoff.c.obj)
                0x00019a20                onoff_manager_init
 .text.z_thread_entry
                0x00019a46       0x14 zephyr/libzephyr.a(thread_entry.c.obj)
                0x00019a46                z_thread_entry
 .text.chunk_field
                0x00019a5a       0x16 zephyr/libzephyr.a(heap.c.obj)
 .text.chunk_set
                0x00019a70       0x16 zephyr/libzephyr.a(heap.c.obj)
 .text.chunk_size
                0x00019a86        0xc zephyr/libzephyr.a(heap.c.obj)
 .text.set_chunk_used
                0x00019a92       0x30 zephyr/libzephyr.a(heap.c.obj)
 .text.set_chunk_size
                0x00019ac2        0x8 zephyr/libzephyr.a(heap.c.obj)
 .text.bytes_to_chunksz.isra.0
                0x00019aca       0x12 zephyr/libzephyr.a(heap.c.obj)
 .text.bucket_idx.isra.0
                0x00019adc       0x18 zephyr/libzephyr.a(heap.c.obj)
 .text.free_list_remove_bidx
                0x00019af4       0x5e zephyr/libzephyr.a(heap.c.obj)
 .text.free_list_remove
                0x00019b52       0x2e zephyr/libzephyr.a(heap.c.obj)
 .text.alloc_chunk
                0x00019b80       0x86 zephyr/libzephyr.a(heap.c.obj)
 .text.split_chunks
                0x00019c06       0x4e zephyr/libzephyr.a(heap.c.obj)
 .text.merge_chunks
                0x00019c54       0x3c zephyr/libzephyr.a(heap.c.obj)
 .text.free_list_add
                0x00019c90       0x86 zephyr/libzephyr.a(heap.c.obj)
 .text.free_chunk
                0x00019d16       0x84 zephyr/libzephyr.a(heap.c.obj)
 .text.sys_heap_alloc
                0x00019d9a       0x64 zephyr/libzephyr.a(heap.c.obj)
                0x00019d9a                sys_heap_alloc
 .text.encode_uint
                0x00019dfe       0x8c zephyr/libzephyr.a(cbprintf_complete.c.obj)
 .text.outs     0x00019e8a       0x2c zephyr/libzephyr.a(cbprintf_complete.c.obj)
 .text.assert_post_action
                0x00019eb6        0xe zephyr/libzephyr.a(assert.c.obj)
                0x00019eb6                assert_post_action
 .text._ConfigAbsSyms
                0x00019ec4        0x2 zephyr/libzephyr.a(configs.c.obj)
                0x00019ec4                _ConfigAbsSyms
 .text.nordicsemi_nrf53_init
                0x00019ec6       0x2e zephyr/libzephyr.a(soc.c.obj)
 .text.z_platform_init
                0x00019ef4        0x4 zephyr/libzephyr.a(soc.c.obj)
                0x00019ef4                z_platform_init
 .text.read_str
                0x00019ef8       0x34 zephyr/libzephyr.a(dis.c.obj)
 .text.virtio_get_status
                0x00019f2c        0x4 zephyr/libzephyr.a(rpmsg_backend.c.obj)
 .text.virtio_get_features
                0x00019f30        0x4 zephyr/libzephyr.a(rpmsg_backend.c.obj)
 .text.virtio_set_features
                0x00019f34        0x2 zephyr/libzephyr.a(rpmsg_backend.c.obj)
 .text.virtqueue_allocate.constprop.0
                0x00019f36       0x1a zephyr/libzephyr.a(rpmsg_backend.c.obj)
 .text.rpmsg_service_unbind
                0x00019f50        0x4 zephyr/libzephyr.a(rpmsg_service.c.obj)
 .text.settings_load
                0x00019f54        0x6 zephyr/libzephyr.a(settings_store.c.obj)
                0x00019f54                settings_load
 .text.settings_delete
                0x00019f5a        0x8 zephyr/libzephyr.a(settings_store.c.obj)
                0x00019f5a                settings_delete
 .text.settings_name_steq
                0x00019f62       0x46 zephyr/libzephyr.a(settings.c.obj)
                0x00019f62                settings_name_steq
 .text.settings_name_next
                0x00019fa8       0x2c zephyr/libzephyr.a(settings.c.obj)