Archive member included to satisfy reference by file (symbol)

app/libapp.a(main.cpp.obj)    (--whole-archive)
app/libapp.a(deviceManager.cpp.obj)
                              (--whole-archive)
app/libapp.a(dataCSC.cpp.obj)
                              (--whole-archive)
app/libapp.a(dataService.cpp.obj)
                              (--whole-archive)
zephyr/libzephyr.a(cbprintf.c.obj)
                              (--whole-archive)
zephyr/libzephyr.a(crc32_sw.c.obj)
                              (--whole-archive)
zephyr/libzephyr.a(crc16_sw.c.obj)
                              (--whole-archive)
zephyr/libzephyr.a(crc8_sw.c.obj)
                              (--whole-archive)
zephyr/libzephyr.a(crc7_sw.c.obj)
                              (--whole-archive)
zephyr/libzephyr.a(dec.c.obj)
                              (--whole-archive)
zephyr/libzephyr.a(fdtable.c.obj)
                              (--whole-archive)
zephyr/libzephyr.a(hex.c.obj)
                              (--whole-archive)
zephyr/libzephyr.a(notify.c.obj)
                              (--whole-archive)
zephyr/libzephyr.a(printk.c.obj)
                              (--whole-archive)
zephyr/libzephyr.a(onoff.c.obj)
                              (--whole-archive)
zephyr/libzephyr.a(rb.c.obj)  (--whole-archive)
zephyr/libzephyr.a(sem.c.obj)
                              (--whole-archive)
zephyr/libzephyr.a(thread_entry.c.obj)
                              (--whole-archive)
zephyr/libzephyr.a(timeutil.c.obj)
                              (--whole-archive)
zephyr/libzephyr.a(work_q.c.obj)
                              (--whole-archive)
zephyr/libzephyr.a(heap.c.obj)
                              (--whole-archive)
zephyr/libzephyr.a(heap-validate.c.obj)
                              (--whole-archive)
zephyr/libzephyr.a(cbprintf_complete.c.obj)
                              (--whole-archive)
zephyr/libzephyr.a(assert.c.obj)
                              (--whole-archive)
zephyr/libzephyr.a(configs.c.obj)
                              (--whole-archive)
zephyr/libzephyr.a(soc.c.obj)
                              (--whole-archive)
zephyr/libzephyr.a(power.c.obj)
                              (--whole-archive)
zephyr/libzephyr.a(validate_base_addresses.c.obj)
                              (--whole-archive)
zephyr/libzephyr.a(validate_enabled_instances.c.obj)
                              (--whole-archive)
zephyr/libzephyr.a(log_minimal.c.obj)
                              (--whole-archive)
zephyr/libzephyr.a(dis.c.obj)
                              (--whole-archive)
zephyr/libzephyr.a(nvs.c.obj)
                              (--whole-archive)
zephyr/libzephyr.a(rpmsg_backend.c.obj)
                              (--whole-archive)
zephyr/libzephyr.a(rpmsg_service.c.obj)
                              (--whole-archive)
zephyr/libzephyr.a(addr_utils.c.obj)
                              (--whole-archive)
zephyr/libzephyr.a(flash_map.c.obj)
                              (--whole-archive)
zephyr/libzephyr.a(flash_map_default.c.obj)
                              (--whole-archive)
zephyr/libzephyr.a(settings_store.c.obj)
                              (--whole-archive)
zephyr/libzephyr.a(settings.c.obj)
                              (--whole-archive)
zephyr/libzephyr.a(settings_init.c.obj)
                              (--whole-archive)
zephyr/libzephyr.a(settings_line.c.obj)
                              (--whole-archive)
zephyr/libzephyr.a(settings_nvs.c.obj)
                              (--whole-archive)
zephyr/libzephyr.a(power.c.obj)
                              (--whole-archive)
zephyr/libzephyr.a(reboot.c.obj)
                              (--whole-archive)
zephyr/libzephyr.a(policy_residency.c.obj)
                              (--whole-archive)
zephyr/libzephyr.a(rtt_console.c.obj)
                              (--whole-archive)
zephyr/libzephyr.a(clock_control_nrf.c.obj)
                              (--whole-archive)
zephyr/libzephyr.a(rpmsg.c.obj)
                              (--whole-archive)
zephyr/libzephyr.a(rpmsg_nrf53.c.obj)
                              (--whole-archive)
zephyr/libzephyr.a(sys_clock_init.c.obj)
                              (--whole-archive)
zephyr/libzephyr.a(nrf_rtc_timer.c.obj)
                              (--whole-archive)
zephyr/libzephyr.a(gatt_dm.c.obj)
                              (--whole-archive)
zephyr/libzephyr.a(scan.c.obj)
                              (--whole-archive)
zephyr/libzephyr.a(lbs.c.obj)
                              (--whole-archive)
zephyr/libzephyr.a(secure_services_ns.c.obj)
                              (--whole-archive)
zephyr/libzephyr.a(SEGGER_RTT.c.obj)
                              (--whole-archive)
zephyr/libzephyr.a(SEGGER_RTT_zephyr.c.obj)
                              (--whole-archive)
zephyr/libzephyr.a(utils.c.obj)
                              (--whole-archive)
zephyr/libzephyr.a(aes_decrypt.c.obj)
                              (--whole-archive)
[...]
Memory Configuration

Name             Origin             Length             Attributes
FLASH            0x00008000         0x000f6000         xr
SRAM             0x20008000         0x00068000         xw
IDT_LIST         0x20070000         0x00000800         xw
*default*        0x00000000         0xffffffff

Linker script and memory map

LOAD zephyr/CMakeFiles/zephyr_final.dir/misc/empty_file.c.obj
LOAD zephyr/CMakeFiles/zephyr_final.dir/isr_tables.c.obj
                0x00000020                _region_min_align = 0x20

.rel.plt        0x00008000        0x0
 *(SORT_BY_ALIGNMENT(.rel.plt))
                [!provide]                PROVIDE (__rel_iplt_start = .)
 *(SORT_BY_ALIGNMENT(.rel.iplt))
 .rel.iplt      0x00008000        0x0 zephyr/CMakeFiles/zephyr_final.dir/isr_tables.c.obj
                [!provide]                PROVIDE (__rel_iplt_end = .)

.rela.plt       0x00000000        0x0
 *(SORT_BY_ALIGNMENT(.rela.plt))
                [!provide]                PROVIDE (__rela_iplt_start = .)
 *(SORT_BY_ALIGNMENT(.rela.iplt))
                [!provide]                PROVIDE (__rela_iplt_end = .)

.rel.dyn
 *(SORT_BY_ALIGNMENT(.rel.*))

.rela.dyn
 *(SORT_BY_ALIGNMENT(.rela.*))

/DISCARD/
 *(SORT_BY_ALIGNMENT(.plt))
 *(SORT_BY_ALIGNMENT(.iplt))
 *(SORT_BY_ALIGNMENT(.got.plt))
 *(SORT_BY_ALIGNMENT(.igot.plt))
 *(SORT_BY_ALIGNMENT(.got))
 *(SORT_BY_ALIGNMENT(.igot))
 *(SORT_BY_ALIGNMENT(.irq_info*))
 *(SORT_BY_ALIGNMENT(.intList*))
 *(SORT_BY_ALIGNMENT(.note.GNU-stack))
                0x00008000                _image_rom_start = 0x8000

rom_start       0x00008000      0x23c
                0x00000000                . = 0x0
                0x00000000                . = ALIGN (0x4)
                0x00000000                . = ALIGN (0x80)
                0x00000000                . = ALIGN (0x200)
                0x00008000                _vector_start = .
 *(SORT_BY_ALIGNMENT(.exc_vector_table))
 *(SORT_BY_ALIGNMENT(.exc_vector_table.*))
 .exc_vector_table._vector_table_section
                0x00008000       0x40 zephyr/arch/arch/arm/core/aarch32/cortex_m/libarch__arm__core__aarch32__cortex_m.a(vector_table.S.obj)
                0x00008000                _vector_table
 *(SORT_BY_ALIGNMENT(.gnu.linkonce.irq_vector_table*))
 .gnu.linkonce.irq_vector_table*
                0x00008040      0x114 zephyr/CMakeFiles/zephyr_final.dir/isr_tables.c.obj
                0x00008040                _irq_vector_table
 *(SORT_BY_ALIGNMENT(.vectors))
                0x00008154                _vector_end = .
 *(SORT_BY_ALIGNMENT(.openocd_dbg))
 *(SORT_BY_ALIGNMENT(.openocd_dbg.*))
                0x00000200                . = 0x200
 *fill*         0x00008154       0xac 
                0x00008200                _fw_info_start = .
 *(SORT_BY_NAME(SORT_BY_ALIGNMENT(.firmware_info*)))
 .firmware_info
                0x00008200       0x3c modules/nrf/subsys/fw_info/lib..__nrf__subsys__fw_info.a(fw_info.c.obj)
                0x00008200                m_firmware_info
                0x0000003c                _fw_info_size = ABSOLUTE ((. - _fw_info_start))

text            0x00008240    0x19474
                0x00008240                _image_text_start = .
 *(SORT_BY_ALIGNMENT(.text))
 .text          0x00008240      0x378 c:/gnu_arm_embedded/bin/../lib/gcc/arm-none-eabi/10.2.1/thumb/v8-m.main/nofp\libgcc.a(_arm_addsubdf3.o)
                0x00008240                __aeabi_drsub
                0x00008248                __aeabi_dsub
                0x00008248                __subdf3
                0x0000824c                __aeabi_dadd
                0x0000824c                __adddf3
                0x000084c4                __floatunsidf
                0x000084c4                __aeabi_ui2d
                0x000084e4                __floatsidf
                0x000084e4                __aeabi_i2d
                0x00008508                __aeabi_f2d
                0x00008508                __extendsfdf2
                0x0000854c                __floatundidf
                0x0000854c                __aeabi_ul2d
                0x0000855c                __floatdidf
                0x0000855c                __aeabi_l2d
 .text          0x000085b8      0x424 c:/gnu_arm_embedded/bin/../lib/gcc/arm-none-eabi/10.2.1/thumb/v8-m.main/nofp\libgcc.a(_arm_muldivdf3.o)
                0x000085b8                __aeabi_dmul
                0x000085b8                __muldf3
                0x0000880c                __divdf3
                0x0000880c                __aeabi_ddiv
 .text          0x000089dc      0x110 c:/gnu_arm_embedded/bin/../lib/gcc/arm-none-eabi/10.2.1/thumb/v8-m.main/nofp\libgcc.a(_arm_cmpdf2.o)
                0x000089dc                __gtdf2
                0x000089dc                __gedf2
                0x000089e4                __ltdf2
                0x000089e4                __ledf2
                0x000089ec                __nedf2
                0x000089ec                __eqdf2
                0x000089ec                __cmpdf2
                0x00008a68                __aeabi_cdrcmple
                0x00008a78                __aeabi_cdcmpeq
                0x00008a78                __aeabi_cdcmple
                0x00008a88                __aeabi_dcmpeq
                0x00008a9c                __aeabi_dcmplt
                0x00008ab0                __aeabi_dcmple
                0x00008ac4                __aeabi_dcmpge
                0x00008ad8                __aeabi_dcmpgt
 .text          0x00008aec       0x40 c:/gnu_arm_embedded/bin/../lib/gcc/arm-none-eabi/10.2.1/thumb/v8-m.main/nofp\libgcc.a(_arm_fixunsdfsi.o)
                0x00008aec                __aeabi_d2uiz
                0x00008aec                __fixunsdfsi
 .text          0x00008b2c       0x30 c:/gnu_arm_embedded/bin/../lib/gcc/arm-none-eabi/10.2.1/thumb/v8-m.main/nofp\libgcc.a(_aeabi_uldivmod.o)
                0x00008b2c                __aeabi_uldivmod
 .text          0x00008b5c      0x2e8 c:/gnu_arm_embedded/bin/../lib/gcc/arm-none-eabi/10.2.1/thumb/v8-m.main/nofp\libgcc.a(_udivmoddi4.o)
                0x00008b5c                __udivmoddi4
 .text          0x00008e44        0x4 c:/gnu_arm_embedded/bin/../lib/gcc/arm-none-eabi/10.2.1/thumb/v8-m.main/nofp\libgcc.a(_dvmd_tls.o)
                0x00008e44                __aeabi_idiv0
                0x00008e44                __aeabi_ldiv0
 *(SORT_BY_ALIGNMENT(.text.*))
 .text._ZN7dataCSC9calcSpeedEv
                0x00008e48       0xb4 app/libapp.a(dataCSC.cpp.obj)
                0x00008e48                dataCSC::calcSpeed()
 *fill*         0x00008efc        0x4 
 .text._ZL10on_receiveP7bt_connPK12bt_gatt_attrPKvtth
                0x00008f00       0xa4 app/libapp.a(dataService.cpp.obj)
 *fill*         0x00008fa4        0x4 
 .text.bt_init  0x00008fa8      0x4c0 zephyr/subsys/bluetooth/host/libsubsys__bluetooth__host.a(hci_core.c.obj)
 .text.main     0x00009468       0x24 app/libapp.a(main.cpp.obj)
                0x00009468                main
 .text._ZN13deviceManager13app_button_cbEv
                0x0000948c        0xc app/libapp.a(deviceManager.cpp.obj)
                0x0000948c                deviceManager::app_button_cb()
 .text._ZN13deviceManager21discovery_error_foundEP7bt_conniPv
                0x00009498        0xc app/libapp.a(deviceManager.cpp.obj)
                0x00009498                deviceManager::discovery_error_found(bt_conn*, int, void*)
 .text._ZN13deviceManager27discovery_service_not_foundEP7bt_connPv
                0x000094a4       0x80 app/libapp.a(deviceManager.cpp.obj)
                0x000094a4                deviceManager::discovery_service_not_found(bt_conn*, void*)
 .text._ZN13deviceManager13buttonChangedEjj
                0x00009524       0x1c app/libapp.a(deviceManager.cpp.obj)
                0x00009524                deviceManager::buttonChanged(unsigned int, unsigned int)
 .text._ZN13deviceManager10onReceivedEP7bt_connP24bt_gatt_subscribe_paramsPKvt
                0x00009540       0xe4 app/libapp.a(deviceManager.cpp.obj)
                0x00009540                deviceManager::onReceived(bt_conn*, bt_gatt_subscribe_params*, void const*, unsigned short)
 .text.bt_addr_le_to_str.constprop.0.isra.0
                0x00009624       0x78 app/libapp.a(deviceManager.cpp.obj)
 .text._ZN13deviceManager15scanFilterMatchEP19bt_scan_device_infoP20bt_scan_filter_matchb
                0x0000969c      0x134 app/libapp.a(deviceManager.cpp.obj)
                0x0000969c                deviceManager::scanFilterMatch(bt_scan_device_info*, bt_scan_filter_match*, bool)
 .text._ZN13deviceManagerC2Ev
                0x000097d0       0x5c app/libapp.a(deviceManager.cpp.obj)
                0x000097d0                deviceManager::deviceManager()
                0x000097d0                deviceManager::deviceManager()
 .text._ZN13deviceManager9getDeviceEv
                0x0000982c       0x28 app/libapp.a(deviceManager.cpp.obj)
                0x0000982c                deviceManager::getDevice()
 .text._ZN13deviceManager10initButtonEv
                0x00009854       0x20 app/libapp.a(deviceManager.cpp.obj)
                0x00009854                deviceManager::initButton()
 .text._ZN13deviceManager16startAdvertisingEv
                0x00009874       0x4c app/libapp.a(deviceManager.cpp.obj)
                0x00009874                deviceManager::startAdvertising()
 .text._ZN13deviceManager14initPeripheralEv
                0x000098c0       0x84 app/libapp.a(deviceManager.cpp.obj)
                0x000098c0                deviceManager::initPeripheral()
 .text._ZN13deviceManager8initScanEv
                0x00009944       0x70 app/libapp.a(deviceManager.cpp.obj)
                0x00009944                deviceManager::initScan()
 .text._ZN13deviceManager9startScanEv
                0x000099b4       0x24 app/libapp.a(deviceManager.cpp.obj)
                0x000099b4                deviceManager::startScan()
 .text._ZN13deviceManager11initCentralEv
                0x000099d8       0x94 app/libapp.a(deviceManager.cpp.obj)
                0x000099d8                deviceManager::initCentral()
 .text._ZN13deviceManager9setDeviceEbb
                0x00009a6c       0x30 app/libapp.a(deviceManager.cpp.obj)
                0x00009a6c                deviceManager::setDevice(bool, bool)
 .text._ZN13deviceManager19scanConnectionErrorEP19bt_scan_device_info
                0x00009a9c       0x14 app/libapp.a(deviceManager.cpp.obj)
                0x00009a9c                deviceManager::scanConnectionError(bt_scan_device_info*)
 .text._ZN13deviceManager9connectedEP7bt_connh
                0x00009ab0       0xdc app/libapp.a(deviceManager.cpp.obj)
                0x00009ab0                deviceManager::connected(bt_conn*, unsigned char)
 .text._ZN13deviceManager12disconnectedEP7bt_connh
                0x00009b8c      0x1a8 app/libapp.a(deviceManager.cpp.obj)
                0x00009b8c                deviceManager::disconnected(bt_conn*, unsigned char)
 .text._ZN13deviceManager18discoveryCompletedEP10bt_gatt_dmPv
                0x00009d34       0xd4 app/libapp.a(deviceManager.cpp.obj)
                0x00009d34                deviceManager::discoveryCompleted(bt_gatt_dm*, void*)
 .text._ZN7dataCSC8saveDataEPKv
                0x00009e08       0x44 app/libapp.a(dataCSC.cpp.obj)
                0x00009e08                dataCSC::saveData(void const*)
 .text._ZN7dataCSC7calcRPMEv
                0x00009e4c       0x78 app/libapp.a(dataCSC.cpp.obj)
                0x00009e4c                dataCSC::calcRPM()
 .text._Z15on_cccd_changedPK12bt_gatt_attrt
                0x00009ec4       0x2c app/libapp.a(dataService.cpp.obj)
                0x00009ec4                on_cccd_changed(bt_gatt_attr const*, unsigned short)
 .text._Z17data_service_initv
                0x00009ef0       0x24 app/libapp.a(dataService.cpp.obj)
                0x00009ef0                data_service_init()
 .text._Z17data_service_sendP7bt_connPKht
                0x00009f14       0x54 app/libapp.a(dataService.cpp.obj)
                0x00009f14                data_service_send(bt_conn*, unsigned char const*, unsigned short)
 .text._Z11getDiameterv
                0x00009f68        0xc app/libapp.a(dataService.cpp.obj)
                0x00009f68                getDiameter()
 .text.crc8_ccitt
                0x00009f74       0x30 zephyr/libzephyr.a(crc8_sw.c.obj)
                0x00009f74                crc8_ccitt
 .text.sys_notify_finalize
                0x00009fa4       0x58 zephyr/libzephyr.a(notify.c.obj)
                0x00009fa4                sys_notify_finalize
 .text.char_out
                0x00009ffc       0x10 zephyr/libzephyr.a(printk.c.obj)
 .text.__printk_hook_install
                0x0000a00c        0xc zephyr/libzephyr.a(printk.c.obj)
                0x0000a00c                __printk_hook_install
 .text.vprintk  0x0000a018       0x1c zephyr/libzephyr.a(printk.c.obj)
                0x0000a018                vprintk
 .text.vsnprintk
                0x0000a034       0x28 zephyr/libzephyr.a(printk.c.obj)
                0x0000a034                vsnprintk
 .text.process_event
                0x0000a05c      0x36c zephyr/libzephyr.a(onoff.c.obj)
 .text.transition_complete
                0x0000a3c8       0x54 zephyr/libzephyr.a(onoff.c.obj)
 .text.onoff_request
                0x0000a41c      0x108 zephyr/libzephyr.a(onoff.c.obj)
                0x0000a41c                onoff_request
 .text.z_work_q_main
                0x0000a524       0x60 zephyr/libzephyr.a(work_q.c.obj)
                0x0000a524                z_work_q_main
 .text.sys_heap_free
                0x0000a584       0x84 zephyr/libzephyr.a(heap.c.obj)
                0x0000a584                sys_heap_free
 .text.sys_heap_aligned_alloc
                0x0000a608       0xe4 zephyr/libzephyr.a(heap.c.obj)
                0x0000a608                sys_heap_aligned_alloc
 .text.sys_heap_init
                0x0000a6ec      0x110 zephyr/libzephyr.a(heap.c.obj)
                0x0000a6ec                sys_heap_init
 .text.cbvprintf
                0x0000a7fc      0x784 zephyr/libzephyr.a(cbprintf_complete.c.obj)
                0x0000a7fc                cbvprintf
 .text.arch_busy_wait
                0x0000af80       0x24 zephyr/libzephyr.a(soc.c.obj)
                0x0000af80                arch_busy_wait
 .text.nvs_recover_last_ate
                0x0000afa4       0x60 zephyr/libzephyr.a(nvs.c.obj)
 .text.nvs_gc   0x0000b004      0x150 zephyr/libzephyr.a(nvs.c.obj)
 .text.nvs_init
                0x0000b154      0x278 zephyr/libzephyr.a(nvs.c.obj)
                0x0000b154                nvs_init
 .text.nvs_write
                0x0000b3cc      0x194 zephyr/libzephyr.a(nvs.c.obj)
                0x0000b3cc                nvs_write
 .text.nvs_read_hist
                0x0000b560       0xbc zephyr/libzephyr.a(nvs.c.obj)
                0x0000b560                nvs_read_hist
 .text.virtio_set_status
                0x0000b61c        0xc zephyr/libzephyr.a(rpmsg_backend.c.obj)
 .text.init_status_flag
                0x0000b628        0xc zephyr/libzephyr.a(rpmsg_backend.c.obj)
                0x0000b628                init_status_flag
 .text.ipm_callback_process
                0x0000b634        0xc zephyr/libzephyr.a(rpmsg_backend.c.obj)
 .text.virtio_notify
                0x0000b640       0x34 zephyr/libzephyr.a(rpmsg_backend.c.obj)
 .text.ipm_callback
                0x0000b674       0x28 zephyr/libzephyr.a(rpmsg_backend.c.obj)
 .text.rpmsg_backend_init
                0x0000b69c      0x18c zephyr/libzephyr.a(rpmsg_backend.c.obj)
                0x0000b69c                rpmsg_backend_init
 .text.ns_bind_cb
                0x0000b828       0x84 zephyr/libzephyr.a(rpmsg_service.c.obj)
 .text.rpmsg_service_init
                0x0000b8ac       0x74 zephyr/libzephyr.a(rpmsg_service.c.obj)
 .text.rpmsg_service_register_endpoint
                0x0000b920       0x44 zephyr/libzephyr.a(rpmsg_service.c.obj)
                0x0000b920                rpmsg_service_register_endpoint
 .text.rpmsg_service_endpoint_is_bound
                0x0000b964       0x14 zephyr/libzephyr.a(rpmsg_service.c.obj)
                0x0000b964                rpmsg_service_endpoint_is_bound
 .text.rpmsg_service_send
                0x0000b978       0x28 zephyr/libzephyr.a(rpmsg_service.c.obj)
                0x0000b978                rpmsg_service_send
 .text.get_flash_area_from_id
                0x0000b9a0       0x2c zephyr/libzephyr.a(flash_map.c.obj)
 .text.flash_area_open
                0x0000b9cc       0x28 zephyr/libzephyr.a(flash_map.c.obj)
                0x0000b9cc                flash_area_open
 .text.flash_area_get_sectors
                0x0000b9f4       0x50 zephyr/libzephyr.a(flash_map.c.obj)
                0x0000b9f4                flash_area_get_sectors
 .text.settings_save_one
                0x0000ba44       0x4c zephyr/libzephyr.a(settings_store.c.obj)
                0x0000ba44                settings_save_one
 .text.settings_src_register
                0x0000ba90       0x1c zephyr/libzephyr.a(settings_store.c.obj)
                0x0000ba90                settings_src_register
 .text.settings_dst_register
                0x0000baac        0xc zephyr/libzephyr.a(settings_store.c.obj)
                0x0000baac                settings_dst_register
 .text.settings_load_subtree
                0x0000bab8       0x4c zephyr/libzephyr.a(settings_store.c.obj)
                0x0000bab8                settings_load_subtree
 .text.settings_load_subtree_direct
                0x0000bb04       0x40 zephyr/libzephyr.a(settings_store.c.obj)
                0x0000bb04                settings_load_subtree_direct
 .text.settings_store_init
                0x0000bb44       0x10 zephyr/libzephyr.a(settings_store.c.obj)
                0x0000bb44                settings_store_init
 .text.settings_init
                0x0000bb54       0x10 zephyr/libzephyr.a(settings.c.obj)
                0x0000bb54                settings_init
 .text.settings_parse_and_lookup
                0x0000bb64       0xb4 zephyr/libzephyr.a(settings.c.obj)
                0x0000bb64                settings_parse_and_lookup
 .text.settings_call_set_handler
                0x0000bc18       0x7c zephyr/libzephyr.a(settings.c.obj)
                0x0000bc18                settings_call_set_handler
 .text.settings_commit_subtree
                0x0000bc94       0x9c zephyr/libzephyr.a(settings.c.obj)
                0x0000bc94                settings_commit_subtree
 .text.settings_subsys_init
                0x0000bd30       0x20 zephyr/libzephyr.a(settings_init.c.obj)
                0x0000bd30                settings_subsys_init
 .text.settings_nvs_load
                0x0000bd50       0xb8 zephyr/libzephyr.a(settings_nvs.c.obj)
 .text.settings_backend_init
                0x0000be08       0x98 zephyr/libzephyr.a(settings_nvs.c.obj)
                0x0000be08                settings_backend_init
 .text.rtt_console_init
                0x0000bea0       0x18 zephyr/libzephyr.a(rtt_console.c.obj)
 .text.rtt_console_out
                0x0000beb8       0x6c zephyr/libzephyr.a(rtt_console.c.obj)
 .text.onoff_start
                0x0000bf24       0x3c zephyr/libzephyr.a(clock_control_nrf.c.obj)
 .text.get_status
                0x0000bf60       0x38 zephyr/libzephyr.a(clock_control_nrf.c.obj)
 .text.stop     0x0000bf98       0x7c zephyr/libzephyr.a(clock_control_nrf.c.obj)
 .text.onoff_stop
                0x0000c014       0x28 zephyr/libzephyr.a(clock_control_nrf.c.obj)
 .text.clk_init
                0x0000c03c       0x68 zephyr/libzephyr.a(clock_control_nrf.c.obj)
 .text.clkstarted_handle.constprop.0
                0x0000c0a4       0x38 zephyr/libzephyr.a(clock_control_nrf.c.obj)
 .text.clock_event_handler
                0x0000c0dc       0x6c zephyr/libzephyr.a(clock_control_nrf.c.obj)
 .text.generic_hfclk_start
                0x0000c148       0x64 zephyr/libzephyr.a(clock_control_nrf.c.obj)
 .text.api_blocking_start
                0x0000c1ac       0x3c zephyr/libzephyr.a(clock_control_nrf.c.obj)
 .text.generic_hfclk_stop
                0x0000c1e8       0x24 zephyr/libzephyr.a(clock_control_nrf.c.obj)
 .text.z_nrf_clock_control_lf_on
                0x0000c20c      0x134 zephyr/libzephyr.a(clock_control_nrf.c.obj)
                0x0000c20c                z_nrf_clock_control_lf_on
 .text.bt_rpmsg_init
                0x0000c340       0x38 zephyr/libzephyr.a(rpmsg.c.obj)
 .text.bt_rpmsg_send
                0x0000c378       0x4c zephyr/libzephyr.a(rpmsg.c.obj)
 .text.bt_rpmsg_rx
                0x0000c3c4      0x18c zephyr/libzephyr.a(rpmsg.c.obj)
                0x0000c3c4                bt_rpmsg_rx
 .text.bt_rpmsg_platform_init
                0x0000c550       0x38 zephyr/libzephyr.a(rpmsg_nrf53.c.obj)
                0x0000c550                bt_rpmsg_platform_init
 .text.bt_rpmsg_platform_send
                0x0000c588       0x10 zephyr/libzephyr.a(rpmsg_nrf53.c.obj)
                0x0000c588                bt_rpmsg_platform_send
 .text.bt_rpmsg_platform_endpoint_is_bound
                0x0000c598       0x10 zephyr/libzephyr.a(rpmsg_nrf53.c.obj)
                0x0000c598                bt_rpmsg_platform_endpoint_is_bound
 .text.z_clock_isr
                0x0000c5a8       0x24 zephyr/libzephyr.a(sys_clock_init.c.obj)
                0x0000c5a8                z_clock_isr
 .text.sys_clock_timeout_handler
                0x0000c5cc       0x18 zephyr/libzephyr.a(nrf_rtc_timer.c.obj)
 .text.set_absolute_alarm
                0x0000c5e4       0x98 zephyr/libzephyr.a(nrf_rtc_timer.c.obj)
 .text.rtc_nrf_isr
                0x0000c67c       0x50 zephyr/libzephyr.a(nrf_rtc_timer.c.obj)
                0x0000c67c                rtc_nrf_isr
 .text.z_clock_driver_init
                0x0000c6cc       0x4c zephyr/libzephyr.a(nrf_rtc_timer.c.obj)
                0x0000c6cc                z_clock_driver_init
 .text.z_clock_set_timeout
                0x0000c718       0x64 zephyr/libzephyr.a(nrf_rtc_timer.c.obj)
                0x0000c718                z_clock_set_timeout
 .text.z_clock_elapsed
                0x0000c77c       0x7c zephyr/libzephyr.a(nrf_rtc_timer.c.obj)
                0x0000c77c                z_clock_elapsed
 .text.user_data_alloc.constprop.0
                0x0000c7f8       0x78 zephyr/libzephyr.a(gatt_dm.c.obj)
 .text.discovery_complete.constprop.0
                0x0000c870       0x28 zephyr/libzephyr.a(gatt_dm.c.obj)
 .text.discovery_complete_error.constprop.0
                0x0000c898       0x34 zephyr/libzephyr.a(gatt_dm.c.obj)
 .text.attr_store.constprop.0
                0x0000c8cc       0x98 zephyr/libzephyr.a(gatt_dm.c.obj)
 .text.uuid_store.constprop.0
                0x0000c964       0x48 zephyr/libzephyr.a(gatt_dm.c.obj)
 .text.discovery_callback
                0x0000c9ac      0x214 zephyr/libzephyr.a(gatt_dm.c.obj)
 .text.bt_gatt_dm_char_by_uuid
                0x0000cbc0       0x58 zephyr/libzephyr.a(gatt_dm.c.obj)
                0x0000cbc0                bt_gatt_dm_char_by_uuid
 .text.bt_gatt_dm_start
                0x0000cc18       0xa4 zephyr/libzephyr.a(gatt_dm.c.obj)
                0x0000cc18                bt_gatt_dm_start
 .text.scan_default_param_set
                0x0000ccbc       0x24 zephyr/libzephyr.a(scan.c.obj)
 .text.scan_default_conn_param_set
                0x0000cce0       0x18 zephyr/libzephyr.a(scan.c.obj)
 .text.uuid_check
                0x0000ccf8       0xb4 zephyr/libzephyr.a(scan.c.obj)
 .text.adv_data_found
                0x0000cdac      0x178 zephyr/libzephyr.a(scan.c.obj)
 .text.notify_filter_matched.constprop.0
                0x0000cf24       0x30 zephyr/libzephyr.a(scan.c.obj)
 .text.bt_scan_cb_register
                0x0000cf54       0x20 zephyr/libzephyr.a(scan.c.obj)
                0x0000cf54                bt_scan_cb_register
 .text.bt_scan_filter_add
                0x0000cf74       0xac zephyr/libzephyr.a(scan.c.obj)
                0x0000cf74                bt_scan_filter_add
 .text.bt_scan_filter_disable
                0x0000d020       0x1c zephyr/libzephyr.a(scan.c.obj)
                0x0000d020                bt_scan_filter_disable
 .text.bt_scan_filter_enable
                0x0000d03c       0x5c zephyr/libzephyr.a(scan.c.obj)
                0x0000d03c                bt_scan_filter_enable
 .text.scan_connect_with_target.part.0
                0x0000d098       0x7c zephyr/libzephyr.a(scan.c.obj)
 .text.scan_recv
                0x0000d114      0x16c zephyr/libzephyr.a(scan.c.obj)
 .text.bt_scan_init
                0x0000d280       0x64 zephyr/libzephyr.a(scan.c.obj)
                0x0000d280                bt_scan_init
 .text.bt_scan_start
                0x0000d2e4       0x24 zephyr/libzephyr.a(scan.c.obj)
                0x0000d2e4                bt_scan_start
 .text.lbslc_ccc_cfg_changed
                0x0000d308       0x10 zephyr/libzephyr.a(lbs.c.obj)
 .text.write_led
                0x0000d318       0x18 zephyr/libzephyr.a(lbs.c.obj)
 .text.read_button
                0x0000d330       0x44 zephyr/libzephyr.a(lbs.c.obj)
 .text.bt_lbs_init
                0x0000d374       0x14 zephyr/libzephyr.a(lbs.c.obj)
                0x0000d374                bt_lbs_init
 .text.bt_lbs_send_button_state
                0x0000d388       0x44 zephyr/libzephyr.a(lbs.c.obj)
                0x0000d388                bt_lbs_send_button_state
 .text._DoInit  0x0000d3cc       0x60 zephyr/libzephyr.a(SEGGER_RTT.c.obj)
 .text.SEGGER_RTT_WriteNoLock
                0x0000d42c       0x60 zephyr/libzephyr.a(SEGGER_RTT.c.obj)
                0x0000d42c                SEGGER_RTT_WriteNoLock
 .text.sub_bytes
                0x0000d48c       0x18 zephyr/libzephyr.a(aes_encrypt.c.obj)
 .text.tc_aes128_set_encrypt_key
                0x0000d4a4       0xa8 zephyr/libzephyr.a(aes_encrypt.c.obj)
                0x0000d4a4                tc_aes128_set_encrypt_key
 .text.compress
                0x0000d54c      0x1d0 zephyr/libzephyr.a(sha256.c.obj)
 .text.tc_sha256_init
                0x0000d71c       0x58 zephyr/libzephyr.a(sha256.c.obj)
                0x0000d71c                tc_sha256_init
 .text.arch_swap
                0x0000d774       0x38 zephyr/arch/arch/arm/core/aarch32/libarch__arm__core__aarch32.a(swap.c.obj)
                0x0000d774                arch_swap
 .text.z_arm_pendsv
                0x0000d7ac       0x5c zephyr/arch/arch/arm/core/aarch32/libarch__arm__core__aarch32.a(swap_helper.S.obj)
                0x0000d7ac                z_arm_pendsv
 .text.z_arm_svc
                0x0000d808       0x20 zephyr/arch/arch/arm/core/aarch32/libarch__arm__core__aarch32.a(swap_helper.S.obj)
                0x0000d808                z_arm_svc
 .text.arch_irq_enable
                0x0000d828       0x20 zephyr/arch/arch/arm/core/aarch32/libarch__arm__core__aarch32.a(irq_manage.c.obj)
                0x0000d828                arch_irq_enable
 .text.arch_irq_is_enabled
                0x0000d848       0x1c zephyr/arch/arch/arm/core/aarch32/libarch__arm__core__aarch32.a(irq_manage.c.obj)
                0x0000d848                arch_irq_is_enabled
 .text.z_arm_irq_priority_set
                0x0000d864       0x4c zephyr/arch/arch/arm/core/aarch32/libarch__arm__core__aarch32.a(irq_manage.c.obj)
                0x0000d864                z_arm_irq_priority_set
 .text.arch_new_thread
                0x0000d8b0       0x38 zephyr/arch/arch/arm/core/aarch32/libarch__arm__core__aarch32.a(thread.c.obj)
                0x0000d8b0                arch_new_thread
 .text.arch_switch_to_main_thread
                0x0000d8e8       0x34 zephyr/arch/arch/arm/core/aarch32/libarch__arm__core__aarch32.a(thread.c.obj)
                0x0000d8e8                arch_switch_to_main_thread
 .text.z_arm_cpu_idle_init
                0x0000d91c        0xc zephyr/arch/arch/arm/core/aarch32/libarch__arm__core__aarch32.a(cpu_idle.S.obj)
                0x0000d91c                z_arm_cpu_idle_init
 .text.arch_cpu_idle
                0x0000d928       0x1c zephyr/arch/arch/arm/core/aarch32/libarch__arm__core__aarch32.a(cpu_idle.S.obj)
                0x0000d928                arch_cpu_idle
 .text.arch_cpu_atomic_idle
                0x0000d944       0x14 zephyr/arch/arch/arm/core/aarch32/libarch__arm__core__aarch32.a(cpu_idle.S.obj)
                0x0000d944                arch_cpu_atomic_idle
 .text.z_arm_fatal_error
                0x0000d958       0x5c zephyr/arch/arch/arm/core/aarch32/libarch__arm__core__aarch32.a(fatal.c.obj)
                0x0000d958                z_arm_fatal_error
 .text.z_SysNmiOnReset
                0x0000d9b4        0x8 zephyr/arch/arch/arm/core/aarch32/libarch__arm__core__aarch32.a(nmi_on_reset.S.obj)
                0x0000d9b4                z_SysNmiOnReset
 .text.z_arm_prep_c
                0x0000d9bc       0x44 zephyr/arch/arch/arm/core/aarch32/libarch__arm__core__aarch32.a(prep_c.c.obj)
                0x0000d9bc                z_arm_prep_c
 .text._isr_wrapper
                0x0000da00       0x40 zephyr/arch/arch/arm/core/aarch32/libarch__arm__core__aarch32.a(isr_wrapper.S.obj)
                0x0000da00                _isr_wrapper
 .text._reset_section
                0x0000da40       0x30 zephyr/arch/arch/arm/core/aarch32/cortex_m/libarch__arm__core__aarch32__cortex_m.a(reset.S.obj)
                0x0000da40                __start
                0x0000da40                z_arm_reset
 .text.__fault  0x0000da70       0x14 zephyr/arch/arch/arm/core/aarch32/cortex_m/libarch__arm__core__aarch32__cortex_m.a(fault_s.S.obj)
                0x0000da70                z_arm_usage_fault
                0x0000da70                z_arm_mpu_fault
                0x0000da70                z_arm_exc_spurious
                0x0000da70                z_arm_debug_monitor
                0x0000da70                z_arm_hard_fault
                0x0000da70                z_arm_bus_fault
 .text.usage_fault.constprop.0
                0x0000da84       0xac zephyr/arch/arch/arm/core/aarch32/cortex_m/libarch__arm__core__aarch32__cortex_m.a(fault.c.obj)
 .text.bus_fault.constprop.0
                0x0000db30       0xb4 zephyr/arch/arch/arm/core/aarch32/cortex_m/libarch__arm__core__aarch32__cortex_m.a(fault.c.obj)
 .text.mem_manage_fault.constprop.0
                0x0000dbe4       0xd0 zephyr/arch/arch/arm/core/aarch32/cortex_m/libarch__arm__core__aarch32__cortex_m.a(fault.c.obj)
 .text.z_arm_fault
                0x0000dcb4      0x178 zephyr/arch/arch/arm/core/aarch32/cortex_m/libarch__arm__core__aarch32__cortex_m.a(fault.c.obj)
                0x0000dcb4                z_arm_fault
 .text.z_arm_fault_init
                0x0000de2c       0x18 zephyr/arch/arch/arm/core/aarch32/cortex_m/libarch__arm__core__aarch32__cortex_m.a(fault.c.obj)
                0x0000de2c                z_arm_fault_init
 .text._HandlerModeExit
                0x0000de44       0x1c zephyr/arch/arch/arm/core/aarch32/cortex_m/libarch__arm__core__aarch32__cortex_m.a(exc_exit.S.obj)
                0x0000de44                z_arm_int_exit
                0x0000de44                z_arm_exc_exit
 .text.sys_arch_reboot
                0x0000de60       0x24 zephyr/arch/arch/arm/core/aarch32/cortex_m/libarch__arm__core__aarch32__cortex_m.a(scb.c.obj)
                0x0000de60                sys_arch_reboot
 .text.z_arm_interrupt_init
                0x0000de84       0x18 zephyr/arch/arch/arm/core/aarch32/cortex_m/libarch__arm__core__aarch32__cortex_m.a(irq_init.c.obj)
                0x0000de84                z_arm_interrupt_init
 .text.z_impl_k_thread_abort
                0x0000de9c       0x44 zephyr/arch/arch/arm/core/aarch32/cortex_m/libarch__arm__core__aarch32__cortex_m.a(thread_abort.c.obj)
                0x0000de9c                z_impl_k_thread_abort
 .text.z_arm_configure_static_mpu_regions
                0x0000dee0       0x38 zephyr/arch/arch/arm/core/aarch32/cortex_m/mpu/libarch__arm__core__aarch32__cortex_m__mpu.a(arm_core_mpu.c.obj)
                0x0000dee0                z_arm_configure_static_mpu_regions
 .text.region_init
                0x0000df18       0x34 zephyr/arch/arch/arm/core/aarch32/cortex_m/mpu/libarch__arm__core__aarch32__cortex_m__mpu.a(arm_mpu.c.obj)
 .text.mpu_configure_region
                0x0000df4c       0x50 zephyr/arch/arch/arm/core/aarch32/cortex_m/mpu/libarch__arm__core__aarch32__cortex_m__mpu.a(arm_mpu.c.obj)
 .text.mpu_configure_regions_and_partition.constprop.0
                0x0000df9c      0x184 zephyr/arch/arch/arm/core/aarch32/cortex_m/mpu/libarch__arm__core__aarch32__cortex_m__mpu.a(arm_mpu.c.obj)
 .text.arm_core_mpu_enable
                0x0000e120       0x18 zephyr/arch/arch/arm/core/aarch32/cortex_m/mpu/libarch__arm__core__aarch32__cortex_m__mpu.a(arm_mpu.c.obj)
                0x0000e120                arm_core_mpu_enable
 .text.arm_core_mpu_disable
                0x0000e138       0x14 zephyr/arch/arch/arm/core/aarch32/cortex_m/mpu/libarch__arm__core__aarch32__cortex_m__mpu.a(arm_mpu.c.obj)
                0x0000e138                arm_core_mpu_disable
 .text.arm_mpu_init
                0x0000e14c       0x90 zephyr/arch/arch/arm/core/aarch32/cortex_m/mpu/libarch__arm__core__aarch32__cortex_m__mpu.a(arm_mpu.c.obj)
 .text.arm_core_mpu_configure_static_mpu_regions
                0x0000e1dc       0x38 zephyr/arch/arch/arm/core/aarch32/cortex_m/mpu/libarch__arm__core__aarch32__cortex_m__mpu.a(arm_mpu.c.obj)
                0x0000e1dc                arm_core_mpu_configure_static_mpu_regions
 .text.arm_core_mpu_mark_areas_for_dynamic_regions
                0x0000e214       0xdc zephyr/arch/arch/arm/core/aarch32/cortex_m/mpu/libarch__arm__core__aarch32__cortex_m__mpu.a(arm_mpu.c.obj)
                0x0000e214                arm_core_mpu_mark_areas_for_dynamic_regions
 .text.__stdout_hook_install
                0x0000e2f0        0xc zephyr/lib/libc/minimal/liblib__libc__minimal.a(stdout_console.c.obj)
                0x0000e2f0                __stdout_hook_install
 .text.remoteproc_mgr_boot
                0x0000e2fc       0x10 zephyr/boards/arm/nrf5340dk_nrf5340/libboards__arm__nrf5340dk_nrf5340.a(nrf5340_cpunet_reset.c.obj)
 .text.bt_hex_real
                0x0000e30c       0x44 zephyr/subsys/bluetooth/common/libsubsys__bluetooth__common.a(log.c.obj)
                0x0000e30c                bt_hex_real
 .text.bt_addr_le_str_real
                0x0000e350       0x7c zephyr/subsys/bluetooth/common/libsubsys__bluetooth__common.a(log.c.obj)
                0x0000e350                bt_addr_le_str_real
 .text.save_id  0x0000e3cc       0x3c zephyr/subsys/bluetooth/host/libsubsys__bluetooth__host.a(settings.c.obj)
 .text.set      0x0000e408       0x88 zephyr/subsys/bluetooth/host/libsubsys__bluetooth__host.a(settings.c.obj)
 .text.bt_settings_encode_key
                0x0000e490       0x60 zephyr/subsys/bluetooth/host/libsubsys__bluetooth__host.a(settings.c.obj)
                0x0000e490                bt_settings_encode_key
 .text.bt_settings_save_id
                0x0000e4f0       0x28 zephyr/subsys/bluetooth/host/libsubsys__bluetooth__host.a(settings.c.obj)
                0x0000e4f0                bt_settings_save_id
 .text.commit   0x0000e518       0x5c zephyr/subsys/bluetooth/host/libsubsys__bluetooth__host.a(settings.c.obj)
 .text.bt_settings_init
                0x0000e574       0x1c zephyr/subsys/bluetooth/host/libsubsys__bluetooth__host.a(settings.c.obj)
                0x0000e574                bt_settings_init
 .text.uuid_to_uuid128
                0x0000e590       0x6c zephyr/subsys/bluetooth/host/libsubsys__bluetooth__host.a(uuid.c.obj)
 .text.bt_buf_get_rx
                0x0000e5fc       0x58 zephyr/subsys/bluetooth/host/libsubsys__bluetooth__host.a(buf.c.obj)
                0x0000e5fc                bt_buf_get_rx
 .text.bt_buf_get_cmd_complete
                0x0000e654       0x4c zephyr/subsys/bluetooth/host/libsubsys__bluetooth__host.a(buf.c.obj)
                0x0000e654                bt_buf_get_cmd_complete
 .text.bt_buf_get_evt
                0x0000e6a0       0x54 zephyr/subsys/bluetooth/host/libsubsys__bluetooth__host.a(buf.c.obj)
                0x0000e6a0                bt_buf_get_evt
 .text.bt_adv_foreach
                0x0000e6f4        0xc zephyr/subsys/bluetooth/host/libsubsys__bluetooth__host.a(hci_core.c.obj)
 .text.le_dhkey_complete
                0x0000e700       0x1c zephyr/subsys/bluetooth/host/libsubsys__bluetooth__host.a(hci_core.c.obj)
 .text.hci_data_buf_overflow
                0x0000e71c       0x10 zephyr/subsys/bluetooth/host/libsubsys__bluetooth__host.a(hci_core.c.obj)
 .text.id_find  0x0000e72c       0x30 zephyr/subsys/bluetooth/host/libsubsys__bluetooth__host.a(hci_core.c.obj)
 .text.valid_adv_param
                0x0000e75c       0x88 zephyr/subsys/bluetooth/host/libsubsys__bluetooth__host.a(hci_core.c.obj)
 .text.le_pkey_complete
                0x0000e7e4       0x50 zephyr/subsys/bluetooth/host/libsubsys__bluetooth__host.a(hci_core.c.obj)
 .text.le_data_len_change
                0x0000e834       0x28 zephyr/subsys/bluetooth/host/libsubsys__bluetooth__host.a(hci_core.c.obj)
 .text.hci_disconn_complete_prio
                0x0000e85c       0x3c zephyr/subsys/bluetooth/host/libsubsys__bluetooth__host.a(hci_core.c.obj)
 .text.hci_hardware_error
                0x0000e898       0x1c zephyr/subsys/bluetooth/host/libsubsys__bluetooth__host.a(hci_core.c.obj)
 .text.hci_vendor_event
                0x0000e8b4       0x1c zephyr/subsys/bluetooth/host/libsubsys__bluetooth__host.a(hci_core.c.obj)
 .text.le_conn_update_complete
                0x0000e8d0       0xa0 zephyr/subsys/bluetooth/host/libsubsys__bluetooth__host.a(hci_core.c.obj)
 .text.le_adv_start_add_conn
                0x0000e970       0xa8 zephyr/subsys/bluetooth/host/libsubsys__bluetooth__host.a(hci_core.c.obj)
 .text.update_sec_level.part.0
                0x0000ea18       0x48 zephyr/subsys/bluetooth/host/libsubsys__bluetooth__host.a(hci_core.c.obj)
 .text.find_pending_connect.part.0
                0x0000ea60       0x3c zephyr/subsys/bluetooth/host/libsubsys__bluetooth__host.a(hci_core.c.obj)
 .text.handle_event
                0x0000ea9c       0x60 zephyr/subsys/bluetooth/host/libsubsys__bluetooth__host.a(hci_core.c.obj)
 .text.hci_le_meta_event
                0x0000eafc       0x20 zephyr/subsys/bluetooth/host/libsubsys__bluetooth__host.a(hci_core.c.obj)
 .text.id_create.constprop.0
                0x0000eb1c       0x6c zephyr/subsys/bluetooth/host/libsubsys__bluetooth__host.a(hci_core.c.obj)
 .text.hci_rx_thread
                0x0000eb88      0x124 zephyr/subsys/bluetooth/host/libsubsys__bluetooth__host.a(hci_core.c.obj)
 .text.hci_cmd_done
                0x0000ecac       0xcc zephyr/subsys/bluetooth/host/libsubsys__bluetooth__host.a(hci_core.c.obj)
 .text.hci_cmd_status
                0x0000ed78       0x2c zephyr/subsys/bluetooth/host/libsubsys__bluetooth__host.a(hci_core.c.obj)
 .text.hci_cmd_complete
                0x0000eda4       0x30 zephyr/subsys/bluetooth/host/libsubsys__bluetooth__host.a(hci_core.c.obj)
 .text.hci_num_completed_packets
                0x0000edd4       0xf4 zephyr/subsys/bluetooth/host/libsubsys__bluetooth__host.a(hci_core.c.obj)
 .text.bt_hci_cmd_create
                0x0000eec8       0x94 zephyr/subsys/bluetooth/host/libsubsys__bluetooth__host.a(hci_core.c.obj)
                0x0000eec8                bt_hci_cmd_create
 .text.bt_hci_cmd_send_sync
                0x0000ef5c       0xc4 zephyr/subsys/bluetooth/host/libsubsys__bluetooth__host.a(hci_core.c.obj)
                0x0000ef5c                bt_hci_cmd_send_sync
 .text.hci_le_read_max_data_len
                0x0000f020       0x40 zephyr/subsys/bluetooth/host/libsubsys__bluetooth__host.a(hci_core.c.obj)
 .text.set_random_address
                0x0000f060       0x5c zephyr/subsys/bluetooth/host/libsubsys__bluetooth__host.a(hci_core.c.obj)
 .text.set_le_adv_enable_legacy
                0x0000f0bc       0x58 zephyr/subsys/bluetooth/host/libsubsys__bluetooth__host.a(hci_core.c.obj)
 .text.set_le_scan_enable_legacy
                0x0000f114       0x78 zephyr/subsys/bluetooth/host/libsubsys__bluetooth__host.a(hci_core.c.obj)
 .text.le_adv_set_random_addr.isra.0
                0x0000f18c       0xfc zephyr/subsys/bluetooth/host/libsubsys__bluetooth__host.a(hci_core.c.obj)
 .text.hci_set_ad
                0x0000f288       0xd0 zephyr/subsys/bluetooth/host/libsubsys__bluetooth__host.a(hci_core.c.obj)
 .text.le_adv_update.constprop.0
                0x0000f358       0xe8 zephyr/subsys/bluetooth/host/libsubsys__bluetooth__host.a(hci_core.c.obj)
 .text.start_le_scan_legacy
                0x0000f440       0xbc zephyr/subsys/bluetooth/host/libsubsys__bluetooth__host.a(hci_core.c.obj)
 .text.bt_le_scan_random_addr_check
                0x0000f4fc       0x10 zephyr/subsys/bluetooth/host/libsubsys__bluetooth__host.a(hci_core.c.obj)
                0x0000f4fc                bt_le_scan_random_addr_check
 .text.bt_le_create_conn_legacy
                0x0000f50c       0xd4 zephyr/subsys/bluetooth/host/libsubsys__bluetooth__host.a(hci_core.c.obj)
                0x0000f50c                bt_le_create_conn_legacy
 .text.bt_le_create_conn_cancel
                0x0000f5e0       0x48 zephyr/subsys/bluetooth/host/libsubsys__bluetooth__host.a(hci_core.c.obj)
                0x0000f5e0                bt_le_create_conn_cancel
 .text.bt_security_err_get
                0x0000f628       0x10 zephyr/subsys/bluetooth/host/libsubsys__bluetooth__host.a(hci_core.c.obj)
                0x0000f628                bt_security_err_get
 .text.hci_encrypt_key_refresh_complete
                0x0000f638       0x60 zephyr/subsys/bluetooth/host/libsubsys__bluetooth__host.a(hci_core.c.obj)
 .text.hci_encrypt_change
                0x0000f698       0x68 zephyr/subsys/bluetooth/host/libsubsys__bluetooth__host.a(hci_core.c.obj)
 .text.bt_id_add
                0x0000f700      0x17c zephyr/subsys/bluetooth/host/libsubsys__bluetooth__host.a(hci_core.c.obj)
                0x0000f700                bt_id_add
 .text.bt_id_del
                0x0000f87c      0x13c zephyr/subsys/bluetooth/host/libsubsys__bluetooth__host.a(hci_core.c.obj)
                0x0000f87c                bt_id_del
 .text.bt_le_scan_update
                0x0000f9b8       0x7c zephyr/subsys/bluetooth/host/libsubsys__bluetooth__host.a(hci_core.c.obj)
                0x0000f9b8                bt_le_scan_update
 .text.hci_disconn_complete
                0x0000fa34       0x60 zephyr/subsys/bluetooth/host/libsubsys__bluetooth__host.a(hci_core.c.obj)
 .text.le_adv_report
                0x0000fa94      0x1f8 zephyr/subsys/bluetooth/host/libsubsys__bluetooth__host.a(hci_core.c.obj)
 .text.bt_data_parse
                0x0000fc8c       0x60 zephyr/subsys/bluetooth/host/libsubsys__bluetooth__host.a(hci_core.c.obj)
                0x0000fc8c                bt_data_parse
 .text.bt_send  0x0000fcec       0x10 zephyr/subsys/bluetooth/host/libsubsys__bluetooth__host.a(hci_core.c.obj)
                0x0000fcec                bt_send
 .text.bt_hci_cmd_send
                0x0000fcfc       0x50 zephyr/subsys/bluetooth/host/libsubsys__bluetooth__host.a(hci_core.c.obj)
                0x0000fcfc                bt_hci_cmd_send
 .text.bt_hci_host_num_completed_packets
                0x0000fd4c       0xb4 zephyr/subsys/bluetooth/host/libsubsys__bluetooth__host.a(hci_core.c.obj)
                0x0000fd4c                bt_hci_host_num_completed_packets
 .text.le_ltk_request
                0x0000fe00       0xa4 zephyr/subsys/bluetooth/host/libsubsys__bluetooth__host.a(hci_core.c.obj)
 .text.conn_auto_initiate
                0x0000fea4       0xd8 zephyr/subsys/bluetooth/host/libsubsys__bluetooth__host.a(hci_core.c.obj)
 .text.le_phy_update_complete
                0x0000ff7c       0x50 zephyr/subsys/bluetooth/host/libsubsys__bluetooth__host.a(hci_core.c.obj)
 .text.le_remote_feat_complete
                0x0000ffcc       0x4c zephyr/subsys/bluetooth/host/libsubsys__bluetooth__host.a(hci_core.c.obj)
 .text.le_conn_param_neg_reply
                0x00010018       0x40 zephyr/subsys/bluetooth/host/libsubsys__bluetooth__host.a(hci_core.c.obj)
 .text.le_conn_param_req
                0x00010058       0xbc zephyr/subsys/bluetooth/host/libsubsys__bluetooth__host.a(hci_core.c.obj)
 .text.hci_tx_thread
                0x00010114      0x158 zephyr/subsys/bluetooth/host/libsubsys__bluetooth__host.a(hci_core.c.obj)
 .text.hci_event_prio
                0x0001026c       0x98 zephyr/subsys/bluetooth/host/libsubsys__bluetooth__host.a(hci_core.c.obj)
                0x0001026c                hci_event_prio
 .text.bt_recv  0x00010304       0x54 zephyr/subsys/bluetooth/host/libsubsys__bluetooth__host.a(hci_core.c.obj)
                0x00010304                bt_recv
 .text.bt_hci_driver_register
                0x00010358       0x28 zephyr/subsys/bluetooth/host/libsubsys__bluetooth__host.a(hci_core.c.obj)
                0x00010358                bt_hci_driver_register
 .text.bt_finalize_init
                0x00010380       0x18 zephyr/subsys/bluetooth/host/libsubsys__bluetooth__host.a(hci_core.c.obj)
                0x00010380                bt_finalize_init
 .text.init_work
                0x00010398       0x18 zephyr/subsys/bluetooth/host/libsubsys__bluetooth__host.a(hci_core.c.obj)
 .text.bt_enable
                0x000103b0      0x110 zephyr/subsys/bluetooth/host/libsubsys__bluetooth__host.a(hci_core.c.obj)
                0x000103b0                bt_enable
 .text.bt_get_name
                0x000104c0        0x8 zephyr/subsys/bluetooth/host/libsubsys__bluetooth__host.a(hci_core.c.obj)
                0x000104c0                bt_get_name
 .text.bt_id_create
                0x000104c8       0x74 zephyr/subsys/bluetooth/host/libsubsys__bluetooth__host.a(hci_core.c.obj)
                0x000104c8                bt_id_create
 .text.bt_setup_public_id_addr
                0x0001053c       0x94 zephyr/subsys/bluetooth/host/libsubsys__bluetooth__host.a(hci_core.c.obj)
                0x0001053c                bt_setup_public_id_addr
 .text.bt_read_static_addr
                0x000105d0       0x88 zephyr/subsys/bluetooth/host/libsubsys__bluetooth__host.a(hci_core.c.obj)
                0x000105d0                bt_read_static_addr
 .text.bt_setup_random_id_addr
                0x00010658       0x5c zephyr/subsys/bluetooth/host/libsubsys__bluetooth__host.a(hci_core.c.obj)
                0x00010658                bt_setup_random_id_addr
 .text.bt_le_adv_start_legacy
                0x000106b4      0x230 zephyr/subsys/bluetooth/host/libsubsys__bluetooth__host.a(hci_core.c.obj)
                0x000106b4                bt_le_adv_start_legacy
 .text.bt_le_adv_start
                0x000108e4       0x1c zephyr/subsys/bluetooth/host/libsubsys__bluetooth__host.a(hci_core.c.obj)
                0x000108e4                bt_le_adv_start
 .text.bt_le_adv_stop
                0x00010900       0xb8 zephyr/subsys/bluetooth/host/libsubsys__bluetooth__host.a(hci_core.c.obj)
                0x00010900                bt_le_adv_stop
 .text.bt_le_adv_resume
                0x000109b8       0x6c zephyr/subsys/bluetooth/host/libsubsys__bluetooth__host.a(hci_core.c.obj)
                0x000109b8                bt_le_adv_resume
 .text.enh_conn_complete
                0x00010a24      0x230 zephyr/subsys/bluetooth/host/libsubsys__bluetooth__host.a(hci_core.c.obj)
 .text.bt_le_scan_start
                0x00010c54       0xc8 zephyr/subsys/bluetooth/host/libsubsys__bluetooth__host.a(hci_core.c.obj)
                0x00010c54                bt_le_scan_start
 .text.bt_le_scan_stop
                0x00010d1c       0x2c zephyr/subsys/bluetooth/host/libsubsys__bluetooth__host.a(hci_core.c.obj)
                0x00010d1c                bt_le_scan_stop
 .text.bt_le_scan_cb_register
                0x00010d48       0x20 zephyr/subsys/bluetooth/host/libsubsys__bluetooth__host.a(hci_core.c.obj)
                0x00010d48                bt_le_scan_cb_register
 .text.bt_pub_key_gen
                0x00010d68       0x80 zephyr/subsys/bluetooth/host/libsubsys__bluetooth__host.a(hci_core.c.obj)
                0x00010d68                bt_pub_key_gen
 .text.bt_pub_key_get
                0x00010de8       0x1c zephyr/subsys/bluetooth/host/libsubsys__bluetooth__host.a(hci_core.c.obj)
                0x00010de8                bt_pub_key_get
 .text.bt_dh_key_gen
                0x00010e04       0x7c zephyr/subsys/bluetooth/host/libsubsys__bluetooth__host.a(hci_core.c.obj)
                0x00010e04                bt_dh_key_gen
 .text.prng_reseed.constprop.0
                0x00010e80       0x80 zephyr/subsys/bluetooth/host/libsubsys__bluetooth__host.a(crypto.c.obj)
 .text.sys_memcpy_swap.constprop.0
                0x00010f00       0x4c zephyr/subsys/bluetooth/host/libsubsys__bluetooth__host.a(crypto.c.obj)
 .text.prng_init
                0x00010f4c       0x5c zephyr/subsys/bluetooth/host/libsubsys__bluetooth__host.a(crypto.c.obj)
                0x00010f4c                prng_init
 .text.bt_rand  0x00010fa8       0x30 zephyr/subsys/bluetooth/host/libsubsys__bluetooth__host.a(crypto.c.obj)
                0x00010fa8                bt_rand
 .text.tx_free  0x00010fd8       0x14 zephyr/subsys/bluetooth/host/libsubsys__bluetooth__host.a(conn.c.obj)
 .text.notify_connected
                0x00010fec       0x2c zephyr/subsys/bluetooth/host/libsubsys__bluetooth__host.a(conn.c.obj)
 .text.send_frag
                0x00011018      0x144 zephyr/subsys/bluetooth/host/libsubsys__bluetooth__host.a(conn.c.obj)
 .text.bt_conn_get_pkts
                0x0001115c        0x8 zephyr/subsys/bluetooth/host/libsubsys__bluetooth__host.a(conn.c.obj)
                0x0001115c                bt_conn_get_pkts
 .text.notify_le_param_updated
                0x00011164       0x5c zephyr/subsys/bluetooth/host/libsubsys__bluetooth__host.a(conn.c.obj)
                0x00011164                notify_le_param_updated
 .text.le_param_req
                0x000111c0       0x40 zephyr/subsys/bluetooth/host/libsubsys__bluetooth__host.a(conn.c.obj)
                0x000111c0                le_param_req
 .text.bt_conn_identity_resolved
                0x00011200       0x34 zephyr/subsys/bluetooth/host/libsubsys__bluetooth__host.a(conn.c.obj)
                0x00011200                bt_conn_identity_resolved
 .text.bt_conn_security_changed
                0x00011234       0x2c zephyr/subsys/bluetooth/host/libsubsys__bluetooth__host.a(conn.c.obj)
                0x00011234                bt_conn_security_changed
 .text.bt_conn_cb_register
                0x00011260       0x10 zephyr/subsys/bluetooth/host/libsubsys__bluetooth__host.a(conn.c.obj)
                0x00011260                bt_conn_cb_register
 .text.conn_cleanup
                0x00011270       0x80 zephyr/subsys/bluetooth/host/libsubsys__bluetooth__host.a(conn.c.obj)
 .text.bt_conn_recv
                0x000112f0       0xc8 zephyr/subsys/bluetooth/host/libsubsys__bluetooth__host.a(conn.c.obj)
                0x000112f0                bt_conn_recv
 .text.bt_conn_send_cb
                0x000113b8       0xac zephyr/subsys/bluetooth/host/libsubsys__bluetooth__host.a(conn.c.obj)
                0x000113b8                bt_conn_send_cb
 .text.bt_conn_prepare_events
                0x00011464       0x78 zephyr/subsys/bluetooth/host/libsubsys__bluetooth__host.a(conn.c.obj)
                0x00011464                bt_conn_prepare_events
 .text.bt_conn_add_le
                0x000114dc       0x5c zephyr/subsys/bluetooth/host/libsubsys__bluetooth__host.a(conn.c.obj)
                0x000114dc                bt_conn_add_le
 .text.bt_conn_unref
                0x00011538       0x48 zephyr/subsys/bluetooth/host/libsubsys__bluetooth__host.a(conn.c.obj)
                0x00011538                bt_conn_unref
 .text.bt_conn_lookup_handle
                0x00011580       0x10 zephyr/subsys/bluetooth/host/libsubsys__bluetooth__host.a(conn.c.obj)
                0x00011580                bt_conn_lookup_handle
 .text.bt_conn_set_state
                0x00011590      0x1e4 zephyr/subsys/bluetooth/host/libsubsys__bluetooth__host.a(conn.c.obj)
                0x00011590                bt_conn_set_state
 .text.bt_conn_lookup_addr_le
                0x00011774       0x48 zephyr/subsys/bluetooth/host/libsubsys__bluetooth__host.a(conn.c.obj)
                0x00011774                bt_conn_lookup_addr_le
 .text.bt_conn_exists_le
                0x000117bc       0x38 zephyr/subsys/bluetooth/host/libsubsys__bluetooth__host.a(conn.c.obj)
                0x000117bc                bt_conn_exists_le
 .text.bt_conn_lookup_state_le
                0x000117f4       0x60 zephyr/subsys/bluetooth/host/libsubsys__bluetooth__host.a(conn.c.obj)
                0x000117f4                bt_conn_lookup_state_le
 .text.bt_conn_get_info
                0x00011854       0x58 zephyr/subsys/bluetooth/host/libsubsys__bluetooth__host.a(conn.c.obj)
                0x00011854                bt_conn_get_info
 .text.bt_conn_le_create
                0x000118ac      0x150 zephyr/subsys/bluetooth/host/libsubsys__bluetooth__host.a(conn.c.obj)
                0x000118ac                bt_conn_le_create
 .text.bt_le_set_auto_conn
                0x000119fc       0xc8 zephyr/subsys/bluetooth/host/libsubsys__bluetooth__host.a(conn.c.obj)
                0x000119fc                bt_le_set_auto_conn
 .text.bt_conn_disconnect
                0x00011ac4       0x8c zephyr/subsys/bluetooth/host/libsubsys__bluetooth__host.a(conn.c.obj)
                0x00011ac4                bt_conn_disconnect
 .text.send_conn_le_param_update
                0x00011b50       0x5c zephyr/subsys/bluetooth/host/libsubsys__bluetooth__host.a(conn.c.obj)
 .text.deferred_work
                0x00011bac       0xb0 zephyr/subsys/bluetooth/host/libsubsys__bluetooth__host.a(conn.c.obj)
 .text.bt_conn_create_pdu_timeout
                0x00011c5c       0x60 zephyr/subsys/bluetooth/host/libsubsys__bluetooth__host.a(conn.c.obj)
                0x00011c5c                bt_conn_create_pdu_timeout
 .text.bt_conn_create_frag_timeout
                0x00011cbc        0xc zephyr/subsys/bluetooth/host/libsubsys__bluetooth__host.a(conn.c.obj)
                0x00011cbc                bt_conn_create_frag_timeout
 .text.create_frag
                0x00011cc8       0x6c zephyr/subsys/bluetooth/host/libsubsys__bluetooth__host.a(conn.c.obj)
 .text.bt_conn_process_tx
                0x00011d34       0xb8 zephyr/subsys/bluetooth/host/libsubsys__bluetooth__host.a(conn.c.obj)
                0x00011d34                bt_conn_process_tx
 .text.bt_conn_index
                0x00011dec       0x40 zephyr/subsys/bluetooth/host/libsubsys__bluetooth__host.a(conn.c.obj)
                0x00011dec                bt_conn_index
 .text.bt_conn_lookup_index
                0x00011e2c       0x1c zephyr/subsys/bluetooth/host/libsubsys__bluetooth__host.a(conn.c.obj)
                0x00011e2c                bt_conn_lookup_index
 .text.bt_conn_init
                0x00011e48       0x74 zephyr/subsys/bluetooth/host/libsubsys__bluetooth__host.a(conn.c.obj)
                0x00011e48                bt_conn_init
 .text.l2cap_accept
                0x00011ebc       0x4c zephyr/subsys/bluetooth/host/libsubsys__bluetooth__host.a(l2cap.c.obj)
 .text.l2cap_create_le_sig_pdu.constprop.0
                0x00011f08       0x3c zephyr/subsys/bluetooth/host/libsubsys__bluetooth__host.a(l2cap.c.obj)
 .text.l2cap_rtx_timeout
                0x00011f44       0x28 zephyr/subsys/bluetooth/host/libsubsys__bluetooth__host.a(l2cap.c.obj)
 .text.bt_l2cap_connected
                0x00011f6c       0xd0 zephyr/subsys/bluetooth/host/libsubsys__bluetooth__host.a(l2cap.c.obj)
                0x00011f6c                bt_l2cap_connected
 .text.l2cap_recv
                0x0001203c      0x114 zephyr/subsys/bluetooth/host/libsubsys__bluetooth__host.a(l2cap.c.obj)
 .text.bt_l2cap_recv
                0x00012150       0x50 zephyr/subsys/bluetooth/host/libsubsys__bluetooth__host.a(l2cap.c.obj)
                0x00012150                bt_l2cap_recv
 .text.bt_l2cap_update_conn_param
                0x000121a0       0x5c zephyr/subsys/bluetooth/host/libsubsys__bluetooth__host.a(l2cap.c.obj)
                0x000121a0                bt_l2cap_update_conn_param
 .text.att_cfm_sent
                0x000121fc       0x10 zephyr/subsys/bluetooth/host/libsubsys__bluetooth__host.a(att.c.obj)
 .text.att_rsp_sent
                0x0001220c       0x10 zephyr/subsys/bluetooth/host/libsubsys__bluetooth__host.a(att.c.obj)
 .text.att_req_sent
                0x0001221c       0x10 zephyr/subsys/bluetooth/host/libsubsys__bluetooth__host.a(att.c.obj)
 .text.att_get  0x0001222c       0x50 zephyr/subsys/bluetooth/host/libsubsys__bluetooth__host.a(att.c.obj)
 .text.bt_att_released
                0x0001227c       0x18 zephyr/subsys/bluetooth/host/libsubsys__bluetooth__host.a(att.c.obj)
 .text.find_type_cb
                0x00012294      0x144 zephyr/subsys/bluetooth/host/libsubsys__bluetooth__host.a(att.c.obj)
 .text.chan_req_sent
                0x000123d8       0x1c zephyr/subsys/bluetooth/host/libsubsys__bluetooth__host.a(att.c.obj)
 .text.bt_att_accept
                0x000123f4       0xb0 zephyr/subsys/bluetooth/host/libsubsys__bluetooth__host.a(att.c.obj)
 .text.chan_cb.isra.0
                0x000124a4       0x20 zephyr/subsys/bluetooth/host/libsubsys__bluetooth__host.a(att.c.obj)
 .text.read_group_cb
                0x000124c4       0xac zephyr/subsys/bluetooth/host/libsubsys__bluetooth__host.a(att.c.obj)
 .text.chan_send
                0x00012570       0xc0 zephyr/subsys/bluetooth/host/libsubsys__bluetooth__host.a(att.c.obj)
 .text.bt_att_chan_req_send
                0x00012630       0xa4 zephyr/subsys/bluetooth/host/libsubsys__bluetooth__host.a(att.c.obj)
 .text.read_type_cb
                0x000126d4       0xa8 zephyr/subsys/bluetooth/host/libsubsys__bluetooth__host.a(att.c.obj)
 .text.bt_att_connected
                0x0001277c       0x84 zephyr/subsys/bluetooth/host/libsubsys__bluetooth__host.a(att.c.obj)
 .text.bt_att_chan_create_pdu
                0x00012800       0x68 zephyr/subsys/bluetooth/host/libsubsys__bluetooth__host.a(att.c.obj)
                0x00012800                bt_att_chan_create_pdu
 .text.att_indicate
                0x00012868       0x3c zephyr/subsys/bluetooth/host/libsubsys__bluetooth__host.a(att.c.obj)
 .text.send_err_rsp.part.0
                0x000128a4       0x40 zephyr/subsys/bluetooth/host/libsubsys__bluetooth__host.a(att.c.obj)
 .text.bt_att_recv
                0x000128e4      0x108 zephyr/subsys/bluetooth/host/libsubsys__bluetooth__host.a(att.c.obj)
 .text.att_write_rsp.constprop.0
                0x000129ec       0xc8 zephyr/subsys/bluetooth/host/libsubsys__bluetooth__host.a(att.c.obj)
 .text.bt_att_create_pdu
                0x00012ab4       0x5c zephyr/subsys/bluetooth/host/libsubsys__bluetooth__host.a(att.c.obj)
                0x00012ab4                bt_att_create_pdu
 .text.att_read_group_req
                0x00012b10      0x108 zephyr/subsys/bluetooth/host/libsubsys__bluetooth__host.a(att.c.obj)
 .text.att_read_mult_req
                0x00012c18       0x8c zephyr/subsys/bluetooth/host/libsubsys__bluetooth__host.a(att.c.obj)
 .text.att_read_rsp
                0x00012ca4       0x94 zephyr/subsys/bluetooth/host/libsubsys__bluetooth__host.a(att.c.obj)
 .text.att_read_type_req
                0x00012d38       0xc8 zephyr/subsys/bluetooth/host/libsubsys__bluetooth__host.a(att.c.obj)
 .text.att_find_type_req
                0x00012e00       0xdc zephyr/subsys/bluetooth/host/libsubsys__bluetooth__host.a(att.c.obj)
 .text.att_find_info_req
                0x00012edc       0x78 zephyr/subsys/bluetooth/host/libsubsys__bluetooth__host.a(att.c.obj)
 .text.att_mtu_req
                0x00012f54       0x68 zephyr/subsys/bluetooth/host/libsubsys__bluetooth__host.a(att.c.obj)
 .text.bt_att_req_alloc
                0x00012fbc       0x2c zephyr/subsys/bluetooth/host/libsubsys__bluetooth__host.a(att.c.obj)
                0x00012fbc                bt_att_req_alloc
 .text.bt_att_req_free
                0x00012fe8       0x18 zephyr/subsys/bluetooth/host/libsubsys__bluetooth__host.a(att.c.obj)
                0x00012fe8                bt_att_req_free
 .text.att_handle_rsp
                0x00013000       0x88 zephyr/subsys/bluetooth/host/libsubsys__bluetooth__host.a(att.c.obj)
 .text.att_error_rsp
                0x00013088       0x78 zephyr/subsys/bluetooth/host/libsubsys__bluetooth__host.a(att.c.obj)
 .text.att_reset
                0x00013100       0x54 zephyr/subsys/bluetooth/host/libsubsys__bluetooth__host.a(att.c.obj)
 .text.att_timeout
                0x00013154       0x34 zephyr/subsys/bluetooth/host/libsubsys__bluetooth__host.a(att.c.obj)
 .text.bt_att_send
                0x00013188       0xd0 zephyr/subsys/bluetooth/host/libsubsys__bluetooth__host.a(att.c.obj)
                0x00013188                bt_att_send
 .text.bt_att_req_send
                0x00013258       0x74 zephyr/subsys/bluetooth/host/libsubsys__bluetooth__host.a(att.c.obj)
                0x00013258                bt_att_req_send
 .text.bt_att_req_cancel
                0x000132cc       0x64 zephyr/subsys/bluetooth/host/libsubsys__bluetooth__host.a(att.c.obj)
                0x000132cc                bt_att_req_cancel
 .text.db_hash_set
                0x00013330       0x2c zephyr/subsys/bluetooth/host/libsubsys__bluetooth__host.a(gatt.c.obj)
 .text.db_hash_store
                0x0001335c       0x2c zephyr/subsys/bluetooth/host/libsubsys__bluetooth__host.a(gatt.c.obj)
 .text.find_cf_cfg
                0x00013388       0x44 zephyr/subsys/bluetooth/host/libsubsys__bluetooth__host.a(gatt.c.obj)
 .text.find_sc_cfg
                0x000133cc       0x38 zephyr/subsys/bluetooth/host/libsubsys__bluetooth__host.a(gatt.c.obj)
 .text.gatt_sub_find
                0x00013404       0x44 zephyr/subsys/bluetooth/host/libsubsys__bluetooth__host.a(gatt.c.obj)
 .text.find_cf_cfg_by_addr
                0x00013448       0x38 zephyr/subsys/bluetooth/host/libsubsys__bluetooth__host.a(gatt.c.obj)
 .text.bt_gatt_attr_write_ccc
                0x00013480       0xac zephyr/subsys/bluetooth/host/libsubsys__bluetooth__host.a(gatt.c.obj)
                0x00013480                bt_gatt_attr_write_ccc
 .text.cf_write
                0x0001352c       0xb4 zephyr/subsys/bluetooth/host/libsubsys__bluetooth__host.a(gatt.c.obj)
 .text.sc_store
                0x000135e0       0x50 zephyr/subsys/bluetooth/host/libsubsys__bluetooth__host.a(gatt.c.obj)
 .text.sc_save  0x00013630       0x78 zephyr/subsys/bluetooth/host/libsubsys__bluetooth__host.a(gatt.c.obj)
 .text.sc_set   0x000136a8       0xc8 zephyr/subsys/bluetooth/host/libsubsys__bluetooth__host.a(gatt.c.obj)
 .text.gatt_send.constprop.0
                0x00013770       0x64 zephyr/subsys/bluetooth/host/libsubsys__bluetooth__host.a(gatt.c.obj)
 .text.cf_set   0x000137d4       0xbc zephyr/subsys/bluetooth/host/libsubsys__bluetooth__host.a(gatt.c.obj)
 .text.remove_peer_from_attr
                0x00013890       0x28 zephyr/subsys/bluetooth/host/libsubsys__bluetooth__host.a(gatt.c.obj)
 .text.ccc_load
                0x000138b8       0x8c zephyr/subsys/bluetooth/host/libsubsys__bluetooth__host.a(gatt.c.obj)
 .text.ccc_save
                0x00013944       0x38 zephyr/subsys/bluetooth/host/libsubsys__bluetooth__host.a(gatt.c.obj)
 .text.gatt_indicate
                0x0001397c       0x6c zephyr/subsys/bluetooth/host/libsubsys__bluetooth__host.a(gatt.c.obj)
 .text.gatt_notify
                0x000139e8       0x60 zephyr/subsys/bluetooth/host/libsubsys__bluetooth__host.a(gatt.c.obj)
 .text.notify_cb
                0x00013a48       0xf4 zephyr/subsys/bluetooth/host/libsubsys__bluetooth__host.a(gatt.c.obj)
 .text.bt_gatt_clear_sc
                0x00013b3c       0x5c zephyr/subsys/bluetooth/host/libsubsys__bluetooth__host.a(gatt.c.obj)
 .text.sc_clear
                0x00013b98       0x44 zephyr/subsys/bluetooth/host/libsubsys__bluetooth__host.a(gatt.c.obj)
 .text.disconnected_cb
                0x00013bdc       0xa4 zephyr/subsys/bluetooth/host/libsubsys__bluetooth__host.a(gatt.c.obj)
 .text.sc_commit
                0x00013c80       0x38 zephyr/subsys/bluetooth/host/libsubsys__bluetooth__host.a(gatt.c.obj)
 .text.gatt_write_ccc.constprop.0
                0x00013cb8       0x58 zephyr/subsys/bluetooth/host/libsubsys__bluetooth__host.a(gatt.c.obj)
 .text.sc_indicate_rsp
                0x00013d10       0x50 zephyr/subsys/bluetooth/host/libsubsys__bluetooth__host.a(gatt.c.obj)
 .text.bt_gatt_init
                0x00013d60       0xd0 zephyr/subsys/bluetooth/host/libsubsys__bluetooth__host.a(gatt.c.obj)
                0x00013d60                bt_gatt_init
 .text.bt_gatt_attr_get_handle
                0x00013e30       0x88 zephyr/subsys/bluetooth/host/libsubsys__bluetooth__host.a(gatt.c.obj)
                0x00013e30                bt_gatt_attr_get_handle
 .text.bt_gatt_foreach_attr_type
                0x00013eb8       0xd8 zephyr/subsys/bluetooth/host/libsubsys__bluetooth__host.a(gatt.c.obj)
                0x00013eb8                bt_gatt_foreach_attr_type
 .text.db_hash_gen
                0x00013f90       0x78 zephyr/subsys/bluetooth/host/libsubsys__bluetooth__host.a(gatt.c.obj)
 .text.db_hash_commit
                0x00014008       0xa8 zephyr/subsys/bluetooth/host/libsubsys__bluetooth__host.a(gatt.c.obj)
 .text.ccc_set_direct
                0x000140b0       0xd4 zephyr/subsys/bluetooth/host/libsubsys__bluetooth__host.a(gatt.c.obj)
 .text.bt_gatt_attr_next
                0x00014184       0x24 zephyr/subsys/bluetooth/host/libsubsys__bluetooth__host.a(gatt.c.obj)
                0x00014184                bt_gatt_attr_next
 .text.bt_gatt_notify_cb
                0x000141a8      0x120 zephyr/subsys/bluetooth/host/libsubsys__bluetooth__host.a(gatt.c.obj)
                0x000141a8                bt_gatt_notify_cb
 .text.bt_gatt_indicate
                0x000142c8      0x128 zephyr/subsys/bluetooth/host/libsubsys__bluetooth__host.a(gatt.c.obj)
                0x000142c8                bt_gatt_indicate
 .text.sc_process
                0x000143f0       0x90 zephyr/subsys/bluetooth/host/libsubsys__bluetooth__host.a(gatt.c.obj)
 .text.update_ccc
                0x00014480      0x118 zephyr/subsys/bluetooth/host/libsubsys__bluetooth__host.a(gatt.c.obj)
 .text.bt_gatt_is_subscribed
                0x00014598       0xd4 zephyr/subsys/bluetooth/host/libsubsys__bluetooth__host.a(gatt.c.obj)
                0x00014598                bt_gatt_is_subscribed
 .text.bt_gatt_discover
                0x0001466c      0x250 zephyr/subsys/bluetooth/host/libsubsys__bluetooth__host.a(gatt.c.obj)
                0x0001466c                bt_gatt_discover
 .text.gatt_read_group_rsp
                0x000148bc      0x108 zephyr/subsys/bluetooth/host/libsubsys__bluetooth__host.a(gatt.c.obj)
 .text.gatt_read_type_rsp
                0x000149c4      0x218 zephyr/subsys/bluetooth/host/libsubsys__bluetooth__host.a(gatt.c.obj)
 .text.read_included_uuid_cb
                0x00014bdc       0x98 zephyr/subsys/bluetooth/host/libsubsys__bluetooth__host.a(gatt.c.obj)
 .text.gatt_find_info_rsp
                0x00014c74      0x14c zephyr/subsys/bluetooth/host/libsubsys__bluetooth__host.a(gatt.c.obj)
 .text.bt_gatt_subscribe
                0x00014dc0      0x124 zephyr/subsys/bluetooth/host/libsubsys__bluetooth__host.a(gatt.c.obj)
                0x00014dc0                bt_gatt_subscribe
 .text.bt_gatt_unsubscribe
                0x00014ee4      0x130 zephyr/subsys/bluetooth/host/libsubsys__bluetooth__host.a(gatt.c.obj)
                0x00014ee4                bt_gatt_unsubscribe
 .text.bt_gatt_mult_notification
                0x00015014       0xa4 zephyr/subsys/bluetooth/host/libsubsys__bluetooth__host.a(gatt.c.obj)
                0x00015014                bt_gatt_mult_notification
 .text.bt_gatt_connected
                0x000150b8       0xb4 zephyr/subsys/bluetooth/host/libsubsys__bluetooth__host.a(gatt.c.obj)
                0x000150b8                bt_gatt_connected
 .text.bt_gatt_encrypt_change
                0x0001516c       0x20 zephyr/subsys/bluetooth/host/libsubsys__bluetooth__host.a(gatt.c.obj)
                0x0001516c                bt_gatt_encrypt_change
 .text.db_hash_read
                0x0001518c       0x50 zephyr/subsys/bluetooth/host/libsubsys__bluetooth__host.a(gatt.c.obj)
 .text.bt_gatt_store_ccc
                0x000151dc       0x74 zephyr/subsys/bluetooth/host/libsubsys__bluetooth__host.a(gatt.c.obj)
                0x000151dc                bt_gatt_store_ccc
 .text.bt_gatt_disconnected
                0x00015250      0x16c zephyr/subsys/bluetooth/host/libsubsys__bluetooth__host.a(gatt.c.obj)
                0x00015250                bt_gatt_disconnected
 .text.get_io_capa
                0x000153bc       0x4c zephyr/subsys/bluetooth/host/libsubsys__bluetooth__host.a(smp.c.obj)
 .text.smp_find
                0x00015408       0x28 zephyr/subsys/bluetooth/host/libsubsys__bluetooth__host.a(smp.c.obj)
 .text.sys_memcpy_swap
                0x00015430       0x4c zephyr/subsys/bluetooth/host/libsubsys__bluetooth__host.a(smp.c.obj)
 .text.smp_g2   0x0001547c       0x68 zephyr/subsys/bluetooth/host/libsubsys__bluetooth__host.a(smp.c.obj)
 .text.smp_chan_get
                0x000154e4       0x1c zephyr/subsys/bluetooth/host/libsubsys__bluetooth__host.a(smp.c.obj)
 .text.bt_smp_accept
                0x00015500       0x4c zephyr/subsys/bluetooth/host/libsubsys__bluetooth__host.a(smp.c.obj)
 .text.get_pair_method
                0x0001554c       0xa0 zephyr/subsys/bluetooth/host/libsubsys__bluetooth__host.a(smp.c.obj)
 .text.get_auth.constprop.0
                0x000155ec       0x3c zephyr/subsys/bluetooth/host/libsubsys__bluetooth__host.a(smp.c.obj)
 .text.smp_f5   0x00015628       0xd0 zephyr/subsys/bluetooth/host/libsubsys__bluetooth__host.a(smp.c.obj)
 .text.sc_smp_check_confirm
                0x000156f8       0x84 zephyr/subsys/bluetooth/host/libsubsys__bluetooth__host.a(smp.c.obj)
 .text.smp_send.constprop.0
                0x0001577c       0x30 zephyr/subsys/bluetooth/host/libsubsys__bluetooth__host.a(smp.c.obj)
 .text.sec_level_reachable.isra.0
                0x000157ac       0x60 zephyr/subsys/bluetooth/host/libsubsys__bluetooth__host.a(smp.c.obj)
 .text.display_passkey
                0x0001580c       0x58 zephyr/subsys/bluetooth/host/libsubsys__bluetooth__host.a(smp.c.obj)
 .text.smp_init
                0x00015864       0x3c zephyr/subsys/bluetooth/host/libsubsys__bluetooth__host.a(smp.c.obj)
 .text.smp_dhkey_generate
                0x000158a0       0x38 zephyr/subsys/bluetooth/host/libsubsys__bluetooth__host.a(smp.c.obj)
 .text.legacy_request_tk
                0x000158d8       0xf4 zephyr/subsys/bluetooth/host/libsubsys__bluetooth__host.a(smp.c.obj)
 .text.smp_ident_info
                0x000159cc       0x54 zephyr/subsys/bluetooth/host/libsubsys__bluetooth__host.a(smp.c.obj)
 .text.smp_encrypt_info
                0x00015a20       0x54 zephyr/subsys/bluetooth/host/libsubsys__bluetooth__host.a(smp.c.obj)
 .text.bt_smp_distribute_keys
                0x00015a74      0x128 zephyr/subsys/bluetooth/host/libsubsys__bluetooth__host.a(smp.c.obj)
 .text.smp_send_pairing_req
                0x00015b9c      0x108 zephyr/subsys/bluetooth/host/libsubsys__bluetooth__host.a(smp.c.obj)
 .text.smp_security_request
                0x00015ca4       0xf0 zephyr/subsys/bluetooth/host/libsubsys__bluetooth__host.a(smp.c.obj)
 .text.smp_send_pairing_confirm
                0x00015d94       0x8c zephyr/subsys/bluetooth/host/libsubsys__bluetooth__host.a(smp.c.obj)
 .text.smp_pairing_req
                0x00015e20      0x1d0 zephyr/subsys/bluetooth/host/libsubsys__bluetooth__host.a(smp.c.obj)
 .text.sc_send_public_key
                0x00015ff0       0x44 zephyr/subsys/bluetooth/host/libsubsys__bluetooth__host.a(smp.c.obj)
 .text.smp_public_key_slave
                0x00016034       0xb8 zephyr/subsys/bluetooth/host/libsubsys__bluetooth__host.a(smp.c.obj)
 .text.smp_public_key
                0x000160ec      0x19c zephyr/subsys/bluetooth/host/libsubsys__bluetooth__host.a(smp.c.obj)
 .text.compute_and_send_master_dhcheck
                0x00016288       0xcc zephyr/subsys/bluetooth/host/libsubsys__bluetooth__host.a(smp.c.obj)
 .text.compute_and_check_and_send_slave_dhcheck
                0x00016354      0x138 zephyr/subsys/bluetooth/host/libsubsys__bluetooth__host.a(smp.c.obj)
 .text.smp_dhkey_check
                0x0001648c      0x134 zephyr/subsys/bluetooth/host/libsubsys__bluetooth__host.a(smp.c.obj)
 .text.bt_smp_connected
                0x000165c0       0x24 zephyr/subsys/bluetooth/host/libsubsys__bluetooth__host.a(smp.c.obj)
 .text.smp_pairing_complete
                0x000165e4       0xa4 zephyr/subsys/bluetooth/host/libsubsys__bluetooth__host.a(smp.c.obj)
 .text.bt_smp_recv
                0x00016688       0xc8 zephyr/subsys/bluetooth/host/libsubsys__bluetooth__host.a(smp.c.obj)
 .text.bt_smp_pkey_ready
                0x00016750       0x78 zephyr/subsys/bluetooth/host/libsubsys__bluetooth__host.a(smp.c.obj)
 .text.smp_pairing_failed
                0x000167c8       0x54 zephyr/subsys/bluetooth/host/libsubsys__bluetooth__host.a(smp.c.obj)
 .text.smp_timeout
                0x0001681c       0x28 zephyr/subsys/bluetooth/host/libsubsys__bluetooth__host.a(smp.c.obj)
 .text.smp_master_ident
                0x00016844       0xac zephyr/subsys/bluetooth/host/libsubsys__bluetooth__host.a(smp.c.obj)
 .text.smp_ident_sent
                0x000168f0       0x50 zephyr/subsys/bluetooth/host/libsubsys__bluetooth__host.a(smp.c.obj)
 .text.smp_ident_addr_info
                0x00016940      0x14c zephyr/subsys/bluetooth/host/libsubsys__bluetooth__host.a(smp.c.obj)
 .text.smp_pairing_confirm
                0x00016a8c       0x94 zephyr/subsys/bluetooth/host/libsubsys__bluetooth__host.a(smp.c.obj)
 .text.smp_pairing_rsp
                0x00016b20      0x17c zephyr/subsys/bluetooth/host/libsubsys__bluetooth__host.a(smp.c.obj)
 .text.smp_pairing_random
                0x00016c9c      0x2d8 zephyr/subsys/bluetooth/host/libsubsys__bluetooth__host.a(smp.c.obj)
 .text.bt_smp_update_keys
                0x00016f74      0x104 zephyr/subsys/bluetooth/host/libsubsys__bluetooth__host.a(smp.c.obj)
                0x00016f74                bt_smp_update_keys
 .text.bt_smp_init
                0x00017078       0x2c zephyr/subsys/bluetooth/host/libsubsys__bluetooth__host.a(smp.c.obj)
                0x00017078                bt_smp_init
 .text.bt_keys_get_addr
                0x000170a4       0x50 zephyr/subsys/bluetooth/host/libsubsys__bluetooth__host.a(keys.c.obj)
                0x000170a4                bt_keys_get_addr
 .text.bt_keys_foreach
                0x000170f4       0x1c zephyr/subsys/bluetooth/host/libsubsys__bluetooth__host.a(keys.c.obj)
                0x000170f4                bt_keys_foreach
 .text.keys_commit
                0x00017110       0x14 zephyr/subsys/bluetooth/host/libsubsys__bluetooth__host.a(keys.c.obj)
 .text.bt_keys_find
                0x00017124       0x2c zephyr/subsys/bluetooth/host/libsubsys__bluetooth__host.a(keys.c.obj)
                0x00017124                bt_keys_find
 .text.bt_keys_find_irk
                0x00017150       0x70 zephyr/subsys/bluetooth/host/libsubsys__bluetooth__host.a(keys.c.obj)
                0x00017150                bt_keys_find_irk
 .text.bt_keys_find_addr
                0x000171c0       0x20 zephyr/subsys/bluetooth/host/libsubsys__bluetooth__host.a(keys.c.obj)
                0x000171c0                bt_keys_find_addr
 .text.bt_keys_clear
                0x000171e0       0x50 zephyr/subsys/bluetooth/host/libsubsys__bluetooth__host.a(keys.c.obj)
                0x000171e0                bt_keys_clear
 .text.keys_set
                0x00017230       0xe8 zephyr/subsys/bluetooth/host/libsubsys__bluetooth__host.a(keys.c.obj)
 .text.bt_keys_store
                0x00017318       0x54 zephyr/subsys/bluetooth/host/libsubsys__bluetooth__host.a(keys.c.obj)
                0x00017318                bt_keys_store
 .text.net_buf_pool_get
                0x0001736c       0x10 zephyr/subsys/net/libsubsys__net.a(buf.c.obj)
                0x0001736c                net_buf_pool_get
 .text.net_buf_id
                0x0001737c       0x20 zephyr/subsys/net/libsubsys__net.a(buf.c.obj)
                0x0001737c                net_buf_id
 .text.fixed_data_alloc
                0x0001739c       0x30 zephyr/subsys/net/libsubsys__net.a(buf.c.obj)
 .text.net_buf_reset
                0x000173cc       0x44 zephyr/subsys/net/libsubsys__net.a(buf.c.obj)
                0x000173cc                net_buf_reset
 .text.net_buf_alloc_len
                0x00017410      0x158 zephyr/subsys/net/libsubsys__net.a(buf.c.obj)
                0x00017410                net_buf_alloc_len
 .text.net_buf_get
                0x00017568       0x60 zephyr/subsys/net/libsubsys__net.a(buf.c.obj)
                0x00017568                net_buf_get
 .text.net_buf_simple_reserve
                0x000175c8       0x48 zephyr/subsys/net/libsubsys__net.a(buf.c.obj)
                0x000175c8                net_buf_simple_reserve
 .text.net_buf_put
                0x00017610       0x5c zephyr/subsys/net/libsubsys__net.a(buf.c.obj)
                0x00017610                net_buf_put
 .text.net_buf_unref
                0x0001766c       0x88 zephyr/subsys/net/libsubsys__net.a(buf.c.obj)
                0x0001766c                net_buf_unref
 .text.net_buf_ref
                0x000176f4       0x30 zephyr/subsys/net/libsubsys__net.a(buf.c.obj)
                0x000176f4                net_buf_ref
 .text.net_buf_frag_last
                0x00017724       0x30 zephyr/subsys/net/libsubsys__net.a(buf.c.obj)
                0x00017724                net_buf_frag_last
 .text.net_buf_frag_insert
                0x00017754       0x50 zephyr/subsys/net/libsubsys__net.a(buf.c.obj)
                0x00017754                net_buf_frag_insert
 .text.net_buf_frag_add
                0x000177a4       0x44 zephyr/subsys/net/libsubsys__net.a(buf.c.obj)
                0x000177a4                net_buf_frag_add
 .text.net_buf_simple_push
                0x000177e8       0x3c zephyr/subsys/net/libsubsys__net.a(buf.c.obj)
                0x000177e8                net_buf_simple_push
 .text.net_buf_simple_pull
                0x00017824       0x38 zephyr/subsys/net/libsubsys__net.a(buf.c.obj)
                0x00017824                net_buf_simple_pull
 .text.net_buf_simple_pull_mem
                0x0001785c       0x3c zephyr/subsys/net/libsubsys__net.a(buf.c.obj)
                0x0001785c                net_buf_simple_pull_mem
 .text.net_buf_simple_add
                0x00017898       0x3c zephyr/subsys/net/libsubsys__net.a(buf.c.obj)
                0x00017898                net_buf_simple_add
 .text.gpio_nrfx_manage_callback
                0x000178d4       0x8c zephyr/drivers/gpio/libdrivers__gpio.a(gpio_nrfx.c.obj)
 .text.nrf_gpio_pin_port_decode
                0x00017960       0x78 zephyr/drivers/gpio/libdrivers__gpio.a(gpio_nrfx.c.obj)
 .text.gpio_nrfx_init
                0x000179d8       0x30 zephyr/drivers/gpio/libdrivers__gpio.a(gpio_nrfx.c.obj)
 .text.gpio_nrfx_pin_interrupt_configure
                0x00017a08      0x1c0 zephyr/drivers/gpio/libdrivers__gpio.a(gpio_nrfx.c.obj)
 .text.gpio_nrfx_config
                0x00017bc8       0xc8 zephyr/drivers/gpio/libdrivers__gpio.a(gpio_nrfx.c.obj)
 .text.gpio_fire_callbacks.isra.0
                0x00017c90       0x54 zephyr/drivers/gpio/libdrivers__gpio.a(gpio_nrfx.c.obj)
 .text.gpiote_event_handler
                0x00017ce4       0xc4 zephyr/drivers/gpio/libdrivers__gpio.a(gpio_nrfx.c.obj)
 .text.vipm_nrf_1_register_callback
                0x00017da8       0x10 zephyr/drivers/ipm/libdrivers__ipm.a(ipm_nrfx_ipc.c.obj)
 .text.vipm_nrf_0_set_enabled
                0x00017db8       0x14 zephyr/drivers/ipm/libdrivers__ipm.a(ipm_nrfx_ipc.c.obj)
 .text.vipm_nrf_0_register_callback
                0x00017dcc        0xc zephyr/drivers/ipm/libdrivers__ipm.a(ipm_nrfx_ipc.c.obj)
 .text.vipm_nrf_1_send
                0x00017dd8       0x14 zephyr/drivers/ipm/libdrivers__ipm.a(ipm_nrfx_ipc.c.obj)
 .text.vipm_nrf_init
                0x00017dec       0x40 zephyr/drivers/ipm/libdrivers__ipm.a(ipm_nrfx_ipc.c.obj)
 .text.vipm_dispatcher
                0x00017e2c       0x70 zephyr/drivers/ipm/libdrivers__ipm.a(ipm_nrfx_ipc.c.obj)
 .text.vipm_nrf_0_send
                0x00017e9c       0x3c zephyr/drivers/ipm/libdrivers__ipm.a(ipm_nrfx_ipc.c.obj)
 .text.flash_nrf_pages_layout
                0x00017ed8       0x10 zephyr/drivers/flash/libdrivers__flash.a(soc_flash_nrf.c.obj)
 .text.flash_nrf_get_parameters
                0x00017ee8        0x8 zephyr/drivers/flash/libdrivers__flash.a(soc_flash_nrf.c.obj)
 .text.flash_nrf_read
                0x00017ef0       0x4c zephyr/drivers/flash/libdrivers__flash.a(soc_flash_nrf.c.obj)
 .text.nrf_flash_init
                0x00017f3c       0x28 zephyr/drivers/flash/libdrivers__flash.a(soc_flash_nrf.c.obj)
 .text.flash_nrf_erase
                0x00017f64       0x84 zephyr/drivers/flash/libdrivers__flash.a(soc_flash_nrf.c.obj)
 .text.flash_nrf_write
                0x00017fe8       0x88 zephyr/drivers/flash/libdrivers__flash.a(soc_flash_nrf.c.obj)
 .text.nrf_gpio_pin_port_decode
                0x00018070       0x78 zephyr/drivers/serial/libdrivers__serial.a(uart_nrfx_uarte.c.obj)
 .text.uarte_nrfx_configure
                0x000180e8      0x180 zephyr/drivers/serial/libdrivers__serial.a(uart_nrfx_uarte.c.obj)
 .text.uarte_nrfx_poll_out
                0x00018268       0xb8 zephyr/drivers/serial/libdrivers__serial.a(uart_nrfx_uarte.c.obj)
 .text.uarte_0_init
                0x00018320      0x198 zephyr/drivers/serial/libdrivers__serial.a(uart_nrfx_uarte.c.obj)
 .text.z_impl_gpio_pin_interrupt_configure
                0x000184b8       0xdc modules/nrf/lib/dk_buttons_and_leds/lib..__nrf__lib__dk_buttons_and_leds.a(dk_buttons_and_leds.c.obj)
 .text.gpio_pin_set_raw
                0x00018594       0x48 modules/nrf/lib/dk_buttons_and_leds/lib..__nrf__lib__dk_buttons_and_leds.a(dk_buttons_and_leds.c.obj)
 .text.dk_set_leds_state.part.0
                0x000185dc       0x5c modules/nrf/lib/dk_buttons_and_leds/lib..__nrf__lib__dk_buttons_and_leds.a(dk_buttons_and_leds.c.obj)
 .text.buttons_scan_fn
                0x00018638      0x204 modules/nrf/lib/dk_buttons_and_leds/lib..__nrf__lib__dk_buttons_and_leds.a(dk_buttons_and_leds.c.obj)
 .text.button_pressed
                0x0001883c       0xd8 modules/nrf/lib/dk_buttons_and_leds/lib..__nrf__lib__dk_buttons_and_leds.a(dk_buttons_and_leds.c.obj)
 .text.dk_leds_init
                0x00018914       0xac modules/nrf/lib/dk_buttons_and_leds/lib..__nrf__lib__dk_buttons_and_leds.a(dk_buttons_and_leds.c.obj)
                0x00018914                dk_leds_init
 .text.dk_read_buttons
                0x000189c0       0x20 modules/nrf/lib/dk_buttons_and_leds/lib..__nrf__lib__dk_buttons_and_leds.a(dk_buttons_and_leds.c.obj)
                0x000189c0                dk_read_buttons
 .text.dk_buttons_init
                0x000189e0      0x184 modules/nrf/lib/dk_buttons_and_leds/lib..__nrf__lib__dk_buttons_and_leds.a(dk_buttons_and_leds.c.obj)
                0x000189e0                dk_buttons_init
 .text.dk_set_led
                0x00018b64       0x50 modules/nrf/lib/dk_buttons_and_leds/lib..__nrf__lib__dk_buttons_and_leds.a(dk_buttons_and_leds.c.obj)
                0x00018b64                dk_set_led
 .text.k_sys_fatal_error_handler
                0x00018bb4       0x14 modules/nrf/lib/fatal_error/lib..__nrf__lib__fatal_error.a(fatal_error.c.obj)
                0x00018bb4                k_sys_fatal_error_handler
 .text.check_ext_api_requests
                0x00018bc8       0x9c modules/nrf/subsys/fw_info/lib..__nrf__subsys__fw_info.a(fw_info.c.obj)
 .text.SystemCoreClockUpdate
                0x00018c64       0x20 modules/hal_nordic/libmodules__hal_nordic.a(system_nrf5340_application.c.obj)
                0x00018c64                SystemCoreClockUpdate
 .text.nrfx_clock_init
                0x00018c84       0x40 modules/hal_nordic/libmodules__hal_nordic.a(nrfx_clock.c.obj)
                0x00018c84                nrfx_clock_init
 .text.nrfx_clock_enable
                0x00018cc4       0x48 modules/hal_nordic/libmodules__hal_nordic.a(nrfx_clock.c.obj)
                0x00018cc4                nrfx_clock_enable
 .text.nrfx_clock_start
                0x00018d0c       0xd4 modules/hal_nordic/libmodules__hal_nordic.a(nrfx_clock.c.obj)
                0x00018d0c                nrfx_clock_start
 .text.nrfx_clock_stop
                0x00018de0      0x120 modules/hal_nordic/libmodules__hal_nordic.a(nrfx_clock.c.obj)
                0x00018de0                nrfx_clock_stop
 .text.nrfx_power_clock_irq_handler
                0x00018f00       0xac modules/hal_nordic/libmodules__hal_nordic.a(nrfx_clock.c.obj)
                0x00018f00                nrfx_power_clock_irq_handler
 .text.nrfx_dppi_channel_alloc
                0x00018fac       0x38 modules/hal_nordic/libmodules__hal_nordic.a(nrfx_dppi.c.obj)
                0x00018fac                nrfx_dppi_channel_alloc
 .text.nrfx_gpiote_channel_free
                0x00018fe4       0x40 modules/hal_nordic/libmodules__hal_nordic.a(nrfx_gpiote.c.obj)
                0x00018fe4                nrfx_gpiote_channel_free
 .text.nrfx_gpiote_channel_alloc
                0x00019024       0x70 modules/hal_nordic/libmodules__hal_nordic.a(nrfx_gpiote.c.obj)
                0x00019024                nrfx_gpiote_channel_alloc
 .text.nrfx_ipc_init
                0x00019094       0x4c modules/hal_nordic/libmodules__hal_nordic.a(nrfx_ipc.c.obj)
                0x00019094                nrfx_ipc_init
 .text.nrfx_ipc_config_load
                0x000190e0       0x7c modules/hal_nordic/libmodules__hal_nordic.a(nrfx_ipc.c.obj)
                0x000190e0                nrfx_ipc_config_load
 .text.nrfx_ipc_receive_event_enable
                0x0001915c       0x3c modules/hal_nordic/libmodules__hal_nordic.a(nrfx_ipc.c.obj)
                0x0001915c                nrfx_ipc_receive_event_enable
 .text.nrfx_ipc_receive_event_disable
                0x00019198       0x3c modules/hal_nordic/libmodules__hal_nordic.a(nrfx_ipc.c.obj)
                0x00019198                nrfx_ipc_receive_event_disable
 .text.nrfx_ipc_irq_handler
                0x000191d4       0x6c modules/hal_nordic/libmodules__hal_nordic.a(nrfx_ipc.c.obj)
                0x000191d4                nrfx_ipc_irq_handler
 .text.nvmc_word_write
                0x00019240       0x18 modules/hal_nordic/libmodules__hal_nordic.a(nrfx_nvmc.c.obj)
 .text.nrfx_nvmc_page_erase
                0x00019258       0x60 modules/hal_nordic/libmodules__hal_nordic.a(nrfx_nvmc.c.obj)
                0x00019258                nrfx_nvmc_page_erase
 .text.nrfx_nvmc_word_write
                0x000192b8       0x60 modules/hal_nordic/libmodules__hal_nordic.a(nrfx_nvmc.c.obj)
                0x000192b8                nrfx_nvmc_word_write
 .text.metal_generic_dev_open
                0x00019318       0x40 modules/libmetal/libmetal/lib/libmetal.a(device.c.obj)
                0x00019318                metal_generic_dev_open
 .text.metal_bus_find
                0x00019358       0x3c modules/libmetal/libmetal/lib/libmetal.a(device.c.obj)
                0x00019358                metal_bus_find
 .text.metal_bus_register
                0x00019394       0x68 modules/libmetal/libmetal/lib/libmetal.a(device.c.obj)
                0x00019394                metal_bus_register
 .text.metal_register_generic_device
                0x000193fc       0x40 modules/libmetal/libmetal/lib/libmetal.a(device.c.obj)
                0x000193fc                metal_register_generic_device
 .text.metal_init
                0x0001943c       0x40 modules/libmetal/libmetal/lib/libmetal.a(init.c.obj)
                0x0001943c                metal_init
 .text.metal_sys_init
                0x0001947c       0x10 modules/libmetal/libmetal/lib/libmetal.a(init.c.obj)
                0x0001947c                metal_sys_init
 .text.metal_zephyr_log_handler
                0x0001948c       0x3c modules/libmetal/libmetal/lib/libmetal.a(log.c.obj)
                0x0001948c                metal_zephyr_log_handler
 .text.virtio_create_virtqueues
                0x000194c8       0xb0 modules/open-amp/open-amp/lib/libopen_amp.a(virtio.c.obj)
                0x000194c8                virtio_create_virtqueues
 .text.virtqueue_add_consumed_buffer
                0x00019578       0x38 modules/open-amp/open-amp/lib/libopen_amp.a(virtqueue.c.obj)
                0x00019578                virtqueue_add_consumed_buffer
 .text.rpmsg_send_offchannel_raw
                0x000195b0       0x24 modules/open-amp/open-amp/lib/libopen_amp.a(rpmsg.c.obj)
                0x000195b0                rpmsg_send_offchannel_raw
 .text.rpmsg_create_ept
                0x000195d4       0xfc modules/open-amp/open-amp/lib/libopen_amp.a(rpmsg.c.obj)
                0x000195d4                rpmsg_create_ept
 .text.rpmsg_virtio_send_offchannel_raw
                0x000196d0      0x15c modules/open-amp/open-amp/lib/libopen_amp.a(rpmsg_virtio.c.obj)
 .text.rpmsg_init_vdev
                0x0001982c      0x1c4 modules/open-amp/open-amp/lib/libopen_amp.a(rpmsg_virtio.c.obj)
                0x0001982c                rpmsg_init_vdev
 .text.z_sys_init_run_level
                0x000199f0       0x50 zephyr/kernel/libkernel.a(device.c.obj)
                0x000199f0                z_sys_init_run_level
 .text.z_device_ready
                0x00019a40       0x2c zephyr/kernel/libkernel.a(device.c.obj)
                0x00019a40                z_device_ready
 .text.z_impl_device_get_binding
                0x00019a6c       0x4c zephyr/kernel/libkernel.a(device.c.obj)
                0x00019a6c                z_impl_device_get_binding
 .text.z_impl_z_errno
                0x00019ab8        0xc zephyr/kernel/libkernel.a(errno.c.obj)
                0x00019ab8                z_impl_z_errno
 .text.z_fatal_error
                0x00019ac4       0xb8 zephyr/kernel/libkernel.a(fatal.c.obj)
                0x00019ac4                z_fatal_error
 .text.idle     0x00019b7c       0x60 zephyr/kernel/libkernel.a(idle.c.obj)
                0x00019b7c                idle
 .text.z_bss_zero
                0x00019bdc       0x14 zephyr/kernel/libkernel.a(init.c.obj)
                0x00019bdc                z_bss_zero
 .text.bg_thread_main
                0x00019bf0       0x34 zephyr/kernel/libkernel.a(init.c.obj)
 .text.z_cstart
                0x00019c24      0x100 zephyr/kernel/libkernel.a(init.c.obj)
                0x00019c24                z_cstart
 .text.statics_init
                0x00019d24       0x44 zephyr/kernel/libkernel.a(kheap.c.obj)
 .text.k_heap_aligned_alloc
                0x00019d68      0x110 zephyr/kernel/libkernel.a(kheap.c.obj)
                0x00019d68                k_heap_aligned_alloc
 .text.k_heap_free
                0x00019e78       0x84 zephyr/kernel/libkernel.a(kheap.c.obj)
                0x00019e78                k_heap_free
 .text.init_mem_slab_module
                0x00019efc       0x64 zephyr/kernel/libkernel.a(mem_slab.c.obj)
 .text.k_mem_slab_alloc
                0x00019f60       0xb4 zephyr/kernel/libkernel.a(mem_slab.c.obj)
                0x00019f60                k_mem_slab_alloc
 .text.k_mem_slab_free
                0x0001a014       0x9c zephyr/kernel/libkernel.a(mem_slab.c.obj)
                0x0001a014                k_mem_slab_free
 .text.z_impl_k_mutex_lock
                0x0001a0b0      0x198 zephyr/kernel/libkernel.a(mutex.c.obj)
                0x0001a0b0                z_impl_k_mutex_lock
 .text.z_impl_k_mutex_unlock
                0x0001a248      0x13c zephyr/kernel/libkernel.a(mutex.c.obj)
                0x0001a248                z_impl_k_mutex_unlock
 .text.queue_insert
                0x0001a384      0x114 zephyr/kernel/libkernel.a(queue.c.obj)
 .text.k_queue_append_list
                0x0001a498       0xa8 zephyr/kernel/libkernel.a(queue.c.obj)
                0x0001a498                k_queue_append_list
 .text.z_impl_k_queue_get
                0x0001a540       0xb8 zephyr/kernel/libkernel.a(queue.c.obj)
                0x0001a540                z_impl_k_queue_get
 .text.pended_on
                0x0001a5f8       0x2c zephyr/kernel/libkernel.a(sched.c.obj)
 .text.z_reset_time_slice
                0x0001a624       0x2c zephyr/kernel/libkernel.a(sched.c.obj)
                0x0001a624                z_reset_time_slice
 .text.k_sched_time_slice_set
                0x0001a650       0x9c zephyr/kernel/libkernel.a(sched.c.obj)
                0x0001a650                k_sched_time_slice_set
 .text.z_reschedule
                0x0001a6ec       0x6c zephyr/kernel/libkernel.a(sched.c.obj)
                0x0001a6ec                z_reschedule
 .text.k_sched_lock
                0x0001a758       0xb0 zephyr/kernel/libkernel.a(sched.c.obj)
                0x0001a758                k_sched_lock
 .text.z_priq_dumb_remove
                0x0001a808       0x58 zephyr/kernel/libkernel.a(sched.c.obj)
                0x0001a808                z_priq_dumb_remove
 .text.z_unpend_thread
                0x0001a860       0x74 zephyr/kernel/libkernel.a(sched.c.obj)
                0x0001a860                z_unpend_thread
 .text.update_cache
                0x0001a8d4       0x74 zephyr/kernel/libkernel.a(sched.c.obj)
 .text.k_sched_unlock
                0x0001a948       0xb8 zephyr/kernel/libkernel.a(sched.c.obj)
                0x0001a948                k_sched_unlock
 .text.ready_thread
                0x0001aa00       0x94 zephyr/kernel/libkernel.a(sched.c.obj)
 .text.z_ready_thread
                0x0001aa94       0x6c zephyr/kernel/libkernel.a(sched.c.obj)
                0x0001aa94                z_ready_thread
 .text.z_sched_start
                0x0001ab00       0x84 zephyr/kernel/libkernel.a(sched.c.obj)
                0x0001ab00                z_sched_start
 .text.z_thread_timeout
                0x0001ab84       0x88 zephyr/kernel/libkernel.a(sched.c.obj)
                0x0001ab84                z_thread_timeout
 .text.move_thread_to_end_of_prio_q
                0x0001ac0c       0x98 zephyr/kernel/libkernel.a(sched.c.obj)
 .text.z_time_slice
                0x0001aca4       0xc8 zephyr/kernel/libkernel.a(sched.c.obj)
                0x0001aca4                z_time_slice
 .text.z_impl_k_thread_suspend
                0x0001ad6c       0xb0 zephyr/kernel/libkernel.a(sched.c.obj)
                0x0001ad6c                z_impl_k_thread_suspend
 .text.z_thread_single_abort