Archive member included to satisfy reference by file (symbol)

app/libapp.a(main.cpp.obj)    (--whole-archive)
app/libapp.a(deviceManager.cpp.obj)
                              (--whole-archive)
app/libapp.a(dataCSC.cpp.obj)
                              (--whole-archive)
app/libapp.a(dataService.cpp.obj)
                              (--whole-archive)
app/libapp.a(BatteryManager.c.obj)
                              (--whole-archive)
zephyr/libzephyr.a(cbprintf.c.obj)
                              (--whole-archive)
zephyr/libzephyr.a(crc32_sw.c.obj)
                              (--whole-archive)
zephyr/libzephyr.a(crc16_sw.c.obj)
                              (--whole-archive)
zephyr/libzephyr.a(crc8_sw.c.obj)
                              (--whole-archive)
zephyr/libzephyr.a(crc7_sw.c.obj)
                              (--whole-archive)
zephyr/libzephyr.a(dec.c.obj)
                              (--whole-archive)
zephyr/libzephyr.a(fdtable.c.obj)
                              (--whole-archive)
zephyr/libzephyr.a(hex.c.obj)
                              (--whole-archive)
zephyr/libzephyr.a(notify.c.obj)
                              (--whole-archive)
zephyr/libzephyr.a(printk.c.obj)
                              (--whole-archive)
zephyr/libzephyr.a(onoff.c.obj)
                              (--whole-archive)
zephyr/libzephyr.a(rb.c.obj)  (--whole-archive)
zephyr/libzephyr.a(sem.c.obj)
                              (--whole-archive)
zephyr/libzephyr.a(thread_entry.c.obj)
                              (--whole-archive)
zephyr/libzephyr.a(timeutil.c.obj)
                              (--whole-archive)
zephyr/libzephyr.a(work_q.c.obj)
                              (--whole-archive)
zephyr/libzephyr.a(heap.c.obj)
                              (--whole-archive)
zephyr/libzephyr.a(heap-validate.c.obj)
                              (--whole-archive)
zephyr/libzephyr.a(cbprintf_complete.c.obj)
                              (--whole-archive)
zephyr/libzephyr.a(assert.c.obj)
                              (--whole-archive)
zephyr/libzephyr.a(configs.c.obj)
                              (--whole-archive)
zephyr/libzephyr.a(soc.c.obj)
                              (--whole-archive)
zephyr/libzephyr.a(power.c.obj)
                              (--whole-archive)
zephyr/libzephyr.a(validate_base_addresses.c.obj)
                              (--whole-archive)
zephyr/libzephyr.a(validate_enabled_instances.c.obj)
                              (--whole-archive)
zephyr/libzephyr.a(log_minimal.c.obj)
                              (--whole-archive)
zephyr/libzephyr.a(dis.c.obj)
                              (--whole-archive)
zephyr/libzephyr.a(rpmsg_backend.c.obj)
                              (--whole-archive)
zephyr/libzephyr.a(rpmsg_service.c.obj)
                              (--whole-archive)
zephyr/libzephyr.a(addr_utils.c.obj)
                              (--whole-archive)
zephyr/libzephyr.a(settings_store.c.obj)
                              (--whole-archive)
zephyr/libzephyr.a(settings.c.obj)
                              (--whole-archive)
zephyr/libzephyr.a(settings_init.c.obj)
                              (--whole-archive)
zephyr/libzephyr.a(settings_line.c.obj)
                              (--whole-archive)
zephyr/libzephyr.a(settings_none.c.obj)
                              (--whole-archive)
zephyr/libzephyr.a(power.c.obj)
                              (--whole-archive)
zephyr/libzephyr.a(reboot.c.obj)
                              (--whole-archive)
zephyr/libzephyr.a(policy_residency.c.obj)
                              (--whole-archive)
zephyr/libzephyr.a(rtt_console.c.obj)
                              (--whole-archive)
zephyr/libzephyr.a(clock_control_nrf.c.obj)
                              (--whole-archive)
zephyr/libzephyr.a(rpmsg.c.obj)
                              (--whole-archive)
zephyr/libzephyr.a(rpmsg_nrf53.c.obj)
                              (--whole-archive)
zephyr/libzephyr.a(sys_clock_init.c.obj)
                              (--whole-archive)
zephyr/libzephyr.a(nrf_rtc_timer.c.obj)
                              (--whole-archive)
zephyr/libzephyr.a(gatt_dm.c.obj)
                              (--whole-archive)
zephyr/libzephyr.a(scan.c.obj)
                              (--whole-archive)
zephyr/libzephyr.a(bas_client.c.obj)
                              (--whole-archive)
zephyr/libzephyr.a(lbs.c.obj)
                              (--whole-archive)
zephyr/libzephyr.a(secure_services_ns.c.obj)
                              (--whole-archive)
zephyr/libzephyr.a(SEGGER_RTT.c.obj)
                              (--whole-archive)
zephyr/libzephyr.a(SEGGER_RTT_zephyr.c.obj)
                              (--whole-archive)
zephyr/libzephyr.a(utils.c.obj)
                              (--whole-archive)
zephyr/libzephyr.a(aes_decrypt.c.obj)
                              (--whole-archive)
zephyr/libzephyr.a(aes_encrypt.c.obj)
                              (--whole-archive)
[...]
Memory Configuration

Name             Origin             Length             Attributes
FLASH            0x00008000         0x000f8000         xr
SRAM             0x20008000         0x00068000         xw
IDT_LIST         0x20070000         0x00000800         xw
*default*        0x00000000         0xffffffff

Linker script and memory map

LOAD zephyr/CMakeFiles/zephyr_prebuilt.dir/misc/empty_file.c.obj
                0x00000020                _region_min_align = 0x20

.rel.plt        0x00008000        0x0
 *(SORT_BY_ALIGNMENT(.rel.plt))
                [!provide]                PROVIDE (__rel_iplt_start = .)
 *(SORT_BY_ALIGNMENT(.rel.iplt))
 .rel.iplt      0x00008000        0x0 app/libapp.a(main.cpp.obj)
                [!provide]                PROVIDE (__rel_iplt_end = .)

.rela.plt       0x00000000        0x0
 *(SORT_BY_ALIGNMENT(.rela.plt))
                [!provide]                PROVIDE (__rela_iplt_start = .)
 *(SORT_BY_ALIGNMENT(.rela.iplt))
                [!provide]                PROVIDE (__rela_iplt_end = .)

.rel.dyn
 *(SORT_BY_ALIGNMENT(.rel.*))

.rela.dyn
 *(SORT_BY_ALIGNMENT(.rela.*))

/DISCARD/
 *(SORT_BY_ALIGNMENT(.plt))
 *(SORT_BY_ALIGNMENT(.iplt))
 *(SORT_BY_ALIGNMENT(.got.plt))
 *(SORT_BY_ALIGNMENT(.igot.plt))
 *(SORT_BY_ALIGNMENT(.got))
 *(SORT_BY_ALIGNMENT(.igot))
 *(SORT_BY_ALIGNMENT(.note.GNU-stack))
                0x00008000                _image_rom_start = 0x8000

rom_start       0x00008000      0x23c
                0x00000000                . = 0x0
                0x00000000                . = ALIGN (0x4)
                0x00000000                . = ALIGN (0x80)
                0x00000000                . = ALIGN (0x200)
                0x00008000                _vector_start = .
 *(SORT_BY_ALIGNMENT(.exc_vector_table))
 *(SORT_BY_ALIGNMENT(.exc_vector_table.*))
 .exc_vector_table._vector_table_section
                0x00008000       0x40 zephyr/arch/arch/arm/core/aarch32/cortex_m/libarch__arm__core__aarch32__cortex_m.a(vector_table.S.obj)
                0x00008000                _vector_table
 *(SORT_BY_ALIGNMENT(.gnu.linkonce.irq_vector_table*))
 .gnu.linkonce.irq_vector_table*
                0x00008040      0x114 zephyr/arch/common/libisr_tables.a(isr_tables.c.obj)
                0x00008040                _irq_vector_table
 *(SORT_BY_ALIGNMENT(.vectors))
                0x00008154                _vector_end = .
 *(SORT_BY_ALIGNMENT(.openocd_dbg))
 *(SORT_BY_ALIGNMENT(.openocd_dbg.*))
                0x00000200                . = 0x200
 *fill*         0x00008154       0xac 
                0x00008200                _fw_info_start = .
 *(SORT_BY_NAME(SORT_BY_ALIGNMENT(.firmware_info*)))
 .firmware_info
                0x00008200       0x3c modules/nrf/subsys/fw_info/lib..__nrf__subsys__fw_info.a(fw_info.c.obj)
                0x00008200                m_firmware_info
                0x0000003c                _fw_info_size = ABSOLUTE ((. - _fw_info_start))

text            0x00008240    0x162c2
                0x00008240                _image_text_start = .
 *(SORT_BY_ALIGNMENT(.text))
 .text          0x00008240      0x378 c:/gnu_arm_embedded/bin/../lib/gcc/arm-none-eabi/10.2.1/thumb/v8-m.main/nofp\libgcc.a(_arm_addsubdf3.o)
                0x00008240                __aeabi_drsub
                0x00008248                __aeabi_dsub
                0x00008248                __subdf3
                0x0000824c                __aeabi_dadd
                0x0000824c                __adddf3
                0x000084c4                __floatunsidf
                0x000084c4                __aeabi_ui2d
                0x000084e4                __floatsidf
                0x000084e4                __aeabi_i2d
                0x00008508                __aeabi_f2d
                0x00008508                __extendsfdf2
                0x0000854c                __floatundidf
                0x0000854c                __aeabi_ul2d
                0x0000855c                __floatdidf
                0x0000855c                __aeabi_l2d
 .text          0x000085b8      0x424 c:/gnu_arm_embedded/bin/../lib/gcc/arm-none-eabi/10.2.1/thumb/v8-m.main/nofp\libgcc.a(_arm_muldivdf3.o)
                0x000085b8                __aeabi_dmul
                0x000085b8                __muldf3
                0x0000880c                __divdf3
                0x0000880c                __aeabi_ddiv
 .text          0x000089dc      0x110 c:/gnu_arm_embedded/bin/../lib/gcc/arm-none-eabi/10.2.1/thumb/v8-m.main/nofp\libgcc.a(_arm_cmpdf2.o)
                0x000089dc                __gtdf2
                0x000089dc                __gedf2
                0x000089e4                __ltdf2
                0x000089e4                __ledf2
                0x000089ec                __nedf2
                0x000089ec                __eqdf2
                0x000089ec                __cmpdf2
                0x00008a68                __aeabi_cdrcmple
                0x00008a78                __aeabi_cdcmpeq
                0x00008a78                __aeabi_cdcmple
                0x00008a88                __aeabi_dcmpeq
                0x00008a9c                __aeabi_dcmplt
                0x00008ab0                __aeabi_dcmple
                0x00008ac4                __aeabi_dcmpge
                0x00008ad8                __aeabi_dcmpgt
 .text          0x00008aec       0x40 c:/gnu_arm_embedded/bin/../lib/gcc/arm-none-eabi/10.2.1/thumb/v8-m.main/nofp\libgcc.a(_arm_fixunsdfsi.o)
                0x00008aec                __aeabi_d2uiz
                0x00008aec                __fixunsdfsi
 .text          0x00008b2c       0x30 c:/gnu_arm_embedded/bin/../lib/gcc/arm-none-eabi/10.2.1/thumb/v8-m.main/nofp\libgcc.a(_aeabi_uldivmod.o)
                0x00008b2c                __aeabi_uldivmod
 .text          0x00008b5c      0x2e8 c:/gnu_arm_embedded/bin/../lib/gcc/arm-none-eabi/10.2.1/thumb/v8-m.main/nofp\libgcc.a(_udivmoddi4.o)
                0x00008b5c                __udivmoddi4
 .text          0x00008e44        0x4 c:/gnu_arm_embedded/bin/../lib/gcc/arm-none-eabi/10.2.1/thumb/v8-m.main/nofp\libgcc.a(_dvmd_tls.o)
                0x00008e44                __aeabi_idiv0
                0x00008e44                __aeabi_ldiv0
 *(SORT_BY_ALIGNMENT(.text.*))
 .text._ZN7dataCSC9calcSpeedEv
                0x00008e48       0xcc app/libapp.a(dataCSC.cpp.obj)
                0x00008e48                dataCSC::calcSpeed()
 *fill*         0x00008f14        0x4 
 .text._ZL10on_receiveP7bt_connPK12bt_gatt_attrPKvtth
                0x00008f18      0x170 app/libapp.a(dataService.cpp.obj)
 .text.main     0x00009088       0x24 app/libapp.a(main.cpp.obj)
                0x00009088                main
 .text._ZN13deviceManager13app_button_cbEv
                0x000090ac        0xc app/libapp.a(deviceManager.cpp.obj)
                0x000090ac                deviceManager::app_button_cb()
 .text._ZN13deviceManager21discovery_error_foundEP7bt_conniPv
                0x000090b8        0xc app/libapp.a(deviceManager.cpp.obj)
                0x000090b8                deviceManager::discovery_error_found(bt_conn*, int, void*)
 .text._ZN13deviceManager20discoveryCompletedHREP10bt_gatt_dmPv
                0x000090c4      0x17c app/libapp.a(deviceManager.cpp.obj)
                0x000090c4                deviceManager::discoveryCompletedHR(bt_gatt_dm*, void*)
 .text._ZN13deviceManager27discovery_service_not_foundEP7bt_connPv
                0x00009240       0x30 app/libapp.a(deviceManager.cpp.obj)
                0x00009240                deviceManager::discovery_service_not_found(bt_conn*, void*)
 .text._ZN13deviceManager9notify_HREP7bt_connP24bt_gatt_subscribe_paramsPKvt
                0x00009270      0x12c app/libapp.a(deviceManager.cpp.obj)
                0x00009270                deviceManager::notify_HR(bt_conn*, bt_gatt_subscribe_params*, void const*, unsigned short)
 .text._ZN13deviceManager13buttonChangedEjj
                0x0000939c       0x1c app/libapp.a(deviceManager.cpp.obj)
                0x0000939c                deviceManager::buttonChanged(unsigned int, unsigned int)
 .text._ZN13deviceManager10onReceivedEP7bt_connP24bt_gatt_subscribe_paramsPKvt
                0x000093b8      0x230 app/libapp.a(deviceManager.cpp.obj)
                0x000093b8                deviceManager::onReceived(bt_conn*, bt_gatt_subscribe_params*, void const*, unsigned short)
 .text.bt_addr_le_to_str.isra.0
                0x000095e8       0x78 app/libapp.a(deviceManager.cpp.obj)
 .text._ZN13deviceManagerC2Ev
                0x00009660       0x60 app/libapp.a(deviceManager.cpp.obj)
                0x00009660                deviceManager::deviceManager()
                0x00009660                deviceManager::deviceManager()
 .text._ZN13deviceManager9getDeviceEv
                0x000096c0       0x28 app/libapp.a(deviceManager.cpp.obj)
                0x000096c0                deviceManager::getDevice()
 .text._ZN13deviceManager10initButtonEv
                0x000096e8       0x24 app/libapp.a(deviceManager.cpp.obj)
                0x000096e8                deviceManager::initButton()
 .text._ZN13deviceManager16startAdvertisingEv
                0x0000970c       0x50 app/libapp.a(deviceManager.cpp.obj)
                0x0000970c                deviceManager::startAdvertising()
 .text._ZN13deviceManager14initPeripheralEv
                0x0000975c       0x88 app/libapp.a(deviceManager.cpp.obj)
                0x0000975c                deviceManager::initPeripheral()
 .text._ZN13deviceManager9startScanEv
                0x000097e4       0x28 app/libapp.a(deviceManager.cpp.obj)
                0x000097e4                deviceManager::startScan()
 .text._ZN13deviceManager8initScanEv
                0x0000980c      0x12c app/libapp.a(deviceManager.cpp.obj)
                0x0000980c                deviceManager::initScan()
 .text._ZN13deviceManager21discoveryCompletedCSCEP10bt_gatt_dmPv
                0x00009938      0x1a0 app/libapp.a(deviceManager.cpp.obj)
                0x00009938                deviceManager::discoveryCompletedCSC(bt_gatt_dm*, void*)
 .text._ZN13deviceManager11initCentralEv
                0x00009ad8       0x9c app/libapp.a(deviceManager.cpp.obj)
                0x00009ad8                deviceManager::initCentral()
 .text._ZN13deviceManager9setDeviceEbb
                0x00009b74       0x30 app/libapp.a(deviceManager.cpp.obj)
                0x00009b74                deviceManager::setDevice(bool, bool)
 .text._ZN13deviceManager19scanConnectionErrorEP19bt_scan_device_info
                0x00009ba4       0x14 app/libapp.a(deviceManager.cpp.obj)
                0x00009ba4                deviceManager::scanConnectionError(bt_scan_device_info*)
 .text._ZN13deviceManager6reScanEh
                0x00009bb8       0x5c app/libapp.a(deviceManager.cpp.obj)
                0x00009bb8                deviceManager::reScan(unsigned char)
 .text._ZN13deviceManager11discoverCSCEv
                0x00009c14       0x4c app/libapp.a(deviceManager.cpp.obj)
                0x00009c14                deviceManager::discoverCSC()
 .text._ZN13deviceManager10discoverHREv
                0x00009c60       0x40 app/libapp.a(deviceManager.cpp.obj)
                0x00009c60                deviceManager::discoverHR()
 .text._ZN13deviceManager9connectedEP7bt_connh
                0x00009ca0      0x108 app/libapp.a(deviceManager.cpp.obj)
                0x00009ca0                deviceManager::connected(bt_conn*, unsigned char)
 .text._ZN13deviceManager15scanFilterMatchEP19bt_scan_device_infoP20bt_scan_filter_matchb
                0x00009da8      0x148 app/libapp.a(deviceManager.cpp.obj)
                0x00009da8                deviceManager::scanFilterMatch(bt_scan_device_info*, bt_scan_filter_match*, bool)
 .text._ZN13deviceManager12disconnectedEP7bt_connh
                0x00009ef0      0x1cc app/libapp.a(deviceManager.cpp.obj)
                0x00009ef0                deviceManager::disconnected(bt_conn*, unsigned char)
 .text._ZN7dataCSC8saveDataEPKv
                0x0000a0bc       0x44 app/libapp.a(dataCSC.cpp.obj)
                0x0000a0bc                dataCSC::saveData(void const*)
 .text._ZN7dataCSC7calcRPMEv
                0x0000a100       0x78 app/libapp.a(dataCSC.cpp.obj)
                0x0000a100                dataCSC::calcRPM()
 .text._Z15on_cccd_changedPK12bt_gatt_attrt
                0x0000a178       0x2c app/libapp.a(dataService.cpp.obj)
                0x0000a178                on_cccd_changed(bt_gatt_attr const*, unsigned short)
 .text._Z17data_service_initv
                0x0000a1a4       0x24 app/libapp.a(dataService.cpp.obj)
                0x0000a1a4                data_service_init()
 .text._Z17data_service_sendP7bt_connPKht
                0x0000a1c8       0x54 app/libapp.a(dataService.cpp.obj)
                0x0000a1c8                data_service_send(bt_conn*, unsigned char const*, unsigned short)
 .text._Z11getDiameterv
                0x0000a21c        0xc app/libapp.a(dataService.cpp.obj)
                0x0000a21c                getDiameter()
 .text._Z17getNbrOfAddressesv
                0x0000a228        0xc app/libapp.a(dataService.cpp.obj)
                0x0000a228                getNbrOfAddresses()
 .text._Z10getAddressPch
                0x0000a234       0x54 app/libapp.a(dataService.cpp.obj)
                0x0000a234                getAddress(char*, unsigned char)
 .text._Z14getSensorInfosv
                0x0000a288        0xc app/libapp.a(dataService.cpp.obj)
                0x0000a288                getSensorInfos()
 .text.discovery_service_not_found_cb
                0x0000a294        0xc app/libapp.a(BatteryManager.c.obj)
                0x0000a294                discovery_service_not_found_cb
 .text.discovery_error_found_cb
                0x0000a2a0        0xc app/libapp.a(BatteryManager.c.obj)
                0x0000a2a0                discovery_error_found_cb
 .text.bt_addr_le_to_str.constprop.0.isra.0
                0x0000a2ac       0x78 app/libapp.a(BatteryManager.c.obj)
 .text.notify_battery_level_cb_speed
                0x0000a324       0x40 app/libapp.a(BatteryManager.c.obj)
                0x0000a324                notify_battery_level_cb_speed
 .text.notify_battery_level_cb_cadence
                0x0000a364       0x40 app/libapp.a(BatteryManager.c.obj)
                0x0000a364                notify_battery_level_cb_cadence
 .text.notify_battery_level_cb_heartRate
                0x0000a3a4       0x40 app/libapp.a(BatteryManager.c.obj)
                0x0000a3a4                notify_battery_level_cb_heartRate
 .text.read_battery_level_cb_speed
                0x0000a3e4       0x4c app/libapp.a(BatteryManager.c.obj)
                0x0000a3e4                read_battery_level_cb_speed
 .text.read_battery_level_cb_cadence
                0x0000a430       0x4c app/libapp.a(BatteryManager.c.obj)
                0x0000a430                read_battery_level_cb_cadence
 .text.read_battery_level_cb_heartRate
                0x0000a47c       0x4c app/libapp.a(BatteryManager.c.obj)
                0x0000a47c                read_battery_level_cb_heartRate
 .text.gatt_discover_battery_service
                0x0000a4c8       0x5c app/libapp.a(BatteryManager.c.obj)
                0x0000a4c8                gatt_discover_battery_service
 .text.initBatteryManager
                0x0000a524       0x7c app/libapp.a(BatteryManager.c.obj)
                0x0000a524                initBatteryManager
 .text.getBatteryLevel
                0x0000a5a0       0x2c app/libapp.a(BatteryManager.c.obj)
                0x0000a5a0                getBatteryLevel
 .text.subscribeBatterySpeed
                0x0000a5cc       0x80 app/libapp.a(BatteryManager.c.obj)
                0x0000a5cc                subscribeBatterySpeed
 .text.subscribeBatteryCadence
                0x0000a64c       0x80 app/libapp.a(BatteryManager.c.obj)
                0x0000a64c                subscribeBatteryCadence
 .text.subscribeBatteryHeartRate
                0x0000a6cc       0x80 app/libapp.a(BatteryManager.c.obj)
                0x0000a6cc                subscribeBatteryHeartRate
 .text.discovery_completed_cb
                0x0000a74c       0x70 app/libapp.a(BatteryManager.c.obj)
                0x0000a74c                discovery_completed_cb
 .text.isFree   0x0000a7bc        0xc app/libapp.a(BatteryManager.c.obj)
                0x0000a7bc                isFree
 .text.askForBatteryLevel
                0x0000a7c8       0x58 app/libapp.a(BatteryManager.c.obj)
                0x0000a7c8                askForBatteryLevel
 .text.isValueReady
                0x0000a820       0x2c app/libapp.a(BatteryManager.c.obj)
                0x0000a820                isValueReady
 .text.resetReadyValue
                0x0000a84c       0x28 app/libapp.a(BatteryManager.c.obj)
                0x0000a84c                resetReadyValue
 .text.sys_notify_finalize
                0x0000a874       0x58 zephyr/libzephyr.a(notify.c.obj)
                0x0000a874                sys_notify_finalize
 .text.char_out
                0x0000a8cc       0x10 zephyr/libzephyr.a(printk.c.obj)
 .text.__printk_hook_install
                0x0000a8dc        0xc zephyr/libzephyr.a(printk.c.obj)
                0x0000a8dc                __printk_hook_install
 .text.vprintk  0x0000a8e8       0x1c zephyr/libzephyr.a(printk.c.obj)
                0x0000a8e8                vprintk
 .text.vsnprintk
                0x0000a904       0x28 zephyr/libzephyr.a(printk.c.obj)
                0x0000a904                vsnprintk
 .text.process_event
                0x0000a92c      0x36c zephyr/libzephyr.a(onoff.c.obj)
 .text.transition_complete
                0x0000ac98       0x54 zephyr/libzephyr.a(onoff.c.obj)
 .text.onoff_request
                0x0000acec      0x108 zephyr/libzephyr.a(onoff.c.obj)
                0x0000acec                onoff_request
 .text.z_work_q_main
                0x0000adf4       0x60 zephyr/libzephyr.a(work_q.c.obj)
                0x0000adf4                z_work_q_main
 .text.sys_heap_free
                0x0000ae54       0x84 zephyr/libzephyr.a(heap.c.obj)
                0x0000ae54                sys_heap_free
 .text.sys_heap_aligned_alloc
                0x0000aed8       0xe4 zephyr/libzephyr.a(heap.c.obj)
                0x0000aed8                sys_heap_aligned_alloc
 .text.sys_heap_init
                0x0000afbc      0x110 zephyr/libzephyr.a(heap.c.obj)
                0x0000afbc                sys_heap_init
 .text.cbvprintf
                0x0000b0cc      0x784 zephyr/libzephyr.a(cbprintf_complete.c.obj)
                0x0000b0cc                cbvprintf
 .text.arch_busy_wait
                0x0000b850       0x24 zephyr/libzephyr.a(soc.c.obj)
                0x0000b850                arch_busy_wait
 .text.virtio_set_status
                0x0000b874        0xc zephyr/libzephyr.a(rpmsg_backend.c.obj)
 .text.init_status_flag
                0x0000b880        0xc zephyr/libzephyr.a(rpmsg_backend.c.obj)
                0x0000b880                init_status_flag
 .text.ipm_callback_process
                0x0000b88c        0xc zephyr/libzephyr.a(rpmsg_backend.c.obj)
 .text.virtio_notify
                0x0000b898       0x34 zephyr/libzephyr.a(rpmsg_backend.c.obj)
 .text.ipm_callback
                0x0000b8cc       0x28 zephyr/libzephyr.a(rpmsg_backend.c.obj)
 .text.rpmsg_backend_init
                0x0000b8f4      0x18c zephyr/libzephyr.a(rpmsg_backend.c.obj)
                0x0000b8f4                rpmsg_backend_init
 .text.ns_bind_cb
                0x0000ba80       0x84 zephyr/libzephyr.a(rpmsg_service.c.obj)
 .text.rpmsg_service_init
                0x0000bb04       0x74 zephyr/libzephyr.a(rpmsg_service.c.obj)
 .text.rpmsg_service_register_endpoint
                0x0000bb78       0x44 zephyr/libzephyr.a(rpmsg_service.c.obj)
                0x0000bb78                rpmsg_service_register_endpoint
 .text.rpmsg_service_endpoint_is_bound
                0x0000bbbc       0x14 zephyr/libzephyr.a(rpmsg_service.c.obj)
                0x0000bbbc                rpmsg_service_endpoint_is_bound
 .text.rpmsg_service_send
                0x0000bbd0       0x28 zephyr/libzephyr.a(rpmsg_service.c.obj)
                0x0000bbd0                rpmsg_service_send
 .text.settings_save_one
                0x0000bbf8       0x4c zephyr/libzephyr.a(settings_store.c.obj)
                0x0000bbf8                settings_save_one
 .text.settings_load_subtree
                0x0000bc44       0x4c zephyr/libzephyr.a(settings_store.c.obj)
                0x0000bc44                settings_load_subtree
 .text.settings_load_subtree_direct
                0x0000bc90       0x40 zephyr/libzephyr.a(settings_store.c.obj)
                0x0000bc90                settings_load_subtree_direct
 .text.settings_store_init
                0x0000bcd0       0x10 zephyr/libzephyr.a(settings_store.c.obj)
                0x0000bcd0                settings_store_init
 .text.settings_init
                0x0000bce0       0x10 zephyr/libzephyr.a(settings.c.obj)
                0x0000bce0                settings_init
 .text.settings_commit_subtree
                0x0000bcf0       0x9c zephyr/libzephyr.a(settings.c.obj)
                0x0000bcf0                settings_commit_subtree
 .text.settings_subsys_init
                0x0000bd8c       0x20 zephyr/libzephyr.a(settings_init.c.obj)
                0x0000bd8c                settings_subsys_init
 .text.rtt_console_init
                0x0000bdac       0x18 zephyr/libzephyr.a(rtt_console.c.obj)
 .text.rtt_console_out
                0x0000bdc4       0x6c zephyr/libzephyr.a(rtt_console.c.obj)
 .text.onoff_start
                0x0000be30       0x3c zephyr/libzephyr.a(clock_control_nrf.c.obj)
 .text.get_status
                0x0000be6c       0x38 zephyr/libzephyr.a(clock_control_nrf.c.obj)
 .text.stop     0x0000bea4       0x7c zephyr/libzephyr.a(clock_control_nrf.c.obj)
 .text.onoff_stop
                0x0000bf20       0x28 zephyr/libzephyr.a(clock_control_nrf.c.obj)
 .text.clk_init
                0x0000bf48       0x68 zephyr/libzephyr.a(clock_control_nrf.c.obj)
 .text.clkstarted_handle.constprop.0
                0x0000bfb0       0x38 zephyr/libzephyr.a(clock_control_nrf.c.obj)
 .text.clock_event_handler
                0x0000bfe8       0x6c zephyr/libzephyr.a(clock_control_nrf.c.obj)
 .text.generic_hfclk_start
                0x0000c054       0x64 zephyr/libzephyr.a(clock_control_nrf.c.obj)
 .text.api_blocking_start
                0x0000c0b8       0x3c zephyr/libzephyr.a(clock_control_nrf.c.obj)
 .text.generic_hfclk_stop
                0x0000c0f4       0x24 zephyr/libzephyr.a(clock_control_nrf.c.obj)
 .text.z_nrf_clock_control_lf_on
                0x0000c118      0x134 zephyr/libzephyr.a(clock_control_nrf.c.obj)
                0x0000c118                z_nrf_clock_control_lf_on
 .text.bt_rpmsg_init
                0x0000c24c       0x38 zephyr/libzephyr.a(rpmsg.c.obj)
 .text.bt_rpmsg_send
                0x0000c284       0x4c zephyr/libzephyr.a(rpmsg.c.obj)
 .text.bt_rpmsg_rx
                0x0000c2d0      0x18c zephyr/libzephyr.a(rpmsg.c.obj)
                0x0000c2d0                bt_rpmsg_rx
 .text.bt_rpmsg_platform_init
                0x0000c45c       0x38 zephyr/libzephyr.a(rpmsg_nrf53.c.obj)
                0x0000c45c                bt_rpmsg_platform_init
 .text.bt_rpmsg_platform_send
                0x0000c494       0x10 zephyr/libzephyr.a(rpmsg_nrf53.c.obj)
                0x0000c494                bt_rpmsg_platform_send
 .text.bt_rpmsg_platform_endpoint_is_bound
                0x0000c4a4       0x10 zephyr/libzephyr.a(rpmsg_nrf53.c.obj)
                0x0000c4a4                bt_rpmsg_platform_endpoint_is_bound
 .text.z_clock_isr
                0x0000c4b4       0x24 zephyr/libzephyr.a(sys_clock_init.c.obj)
                0x0000c4b4                z_clock_isr
 .text.sys_clock_timeout_handler
                0x0000c4d8       0x18 zephyr/libzephyr.a(nrf_rtc_timer.c.obj)
 .text.set_absolute_alarm
                0x0000c4f0       0x98 zephyr/libzephyr.a(nrf_rtc_timer.c.obj)
 .text.rtc_nrf_isr
                0x0000c588       0x50 zephyr/libzephyr.a(nrf_rtc_timer.c.obj)
                0x0000c588                rtc_nrf_isr
 .text.z_clock_driver_init
                0x0000c5d8       0x4c zephyr/libzephyr.a(nrf_rtc_timer.c.obj)
                0x0000c5d8                z_clock_driver_init
 .text.z_clock_set_timeout
                0x0000c624       0x64 zephyr/libzephyr.a(nrf_rtc_timer.c.obj)
                0x0000c624                z_clock_set_timeout
 .text.z_clock_elapsed
                0x0000c688       0x7c zephyr/libzephyr.a(nrf_rtc_timer.c.obj)
                0x0000c688                z_clock_elapsed
 .text.user_data_alloc.constprop.0
                0x0000c704       0x78 zephyr/libzephyr.a(gatt_dm.c.obj)
 .text.discovery_complete.constprop.0
                0x0000c77c       0x28 zephyr/libzephyr.a(gatt_dm.c.obj)
 .text.discovery_complete_error.constprop.0
                0x0000c7a4       0x34 zephyr/libzephyr.a(gatt_dm.c.obj)
 .text.attr_store.constprop.0
                0x0000c7d8       0x98 zephyr/libzephyr.a(gatt_dm.c.obj)
 .text.uuid_store.constprop.0
                0x0000c870       0x48 zephyr/libzephyr.a(gatt_dm.c.obj)
 .text.discovery_callback
                0x0000c8b8      0x214 zephyr/libzephyr.a(gatt_dm.c.obj)
 .text.bt_gatt_dm_char_by_uuid
                0x0000cacc       0x58 zephyr/libzephyr.a(gatt_dm.c.obj)
                0x0000cacc                bt_gatt_dm_char_by_uuid
 .text.bt_gatt_dm_start
                0x0000cb24       0xa4 zephyr/libzephyr.a(gatt_dm.c.obj)
                0x0000cb24                bt_gatt_dm_start
 .text.scan_default_param_set
                0x0000cbc8       0x24 zephyr/libzephyr.a(scan.c.obj)
 .text.scan_default_conn_param_set
                0x0000cbec       0x18 zephyr/libzephyr.a(scan.c.obj)
 .text.uuid_check
                0x0000cc04       0xb4 zephyr/libzephyr.a(scan.c.obj)
 .text.adv_data_found
                0x0000ccb8      0x17c zephyr/libzephyr.a(scan.c.obj)
 .text.notify_filter_matched.constprop.0
                0x0000ce34       0x30 zephyr/libzephyr.a(scan.c.obj)
 .text.bt_scan_cb_register
                0x0000ce64       0x20 zephyr/libzephyr.a(scan.c.obj)
                0x0000ce64                bt_scan_cb_register
 .text.bt_scan_filter_add
                0x0000ce84       0xf4 zephyr/libzephyr.a(scan.c.obj)
                0x0000ce84                bt_scan_filter_add
 .text.bt_scan_filter_remove_all
                0x0000cf78       0x3c zephyr/libzephyr.a(scan.c.obj)
                0x0000cf78                bt_scan_filter_remove_all
 .text.bt_scan_filter_disable
                0x0000cfb4       0x1c zephyr/libzephyr.a(scan.c.obj)
                0x0000cfb4                bt_scan_filter_disable
 .text.bt_scan_filter_enable
                0x0000cfd0       0x5c zephyr/libzephyr.a(scan.c.obj)
                0x0000cfd0                bt_scan_filter_enable
 .text.scan_connect_with_target.part.0
                0x0000d02c       0x7c zephyr/libzephyr.a(scan.c.obj)
 .text.scan_recv
                0x0000d0a8      0x16c zephyr/libzephyr.a(scan.c.obj)
 .text.bt_scan_init
                0x0000d214       0x64 zephyr/libzephyr.a(scan.c.obj)
                0x0000d214                bt_scan_init
 .text.bt_scan_start
                0x0000d278       0x24 zephyr/libzephyr.a(scan.c.obj)
                0x0000d278                bt_scan_start
 .text.notify_process
                0x0000d29c       0x54 zephyr/libzephyr.a(bas_client.c.obj)
 .text.read_process
                0x0000d2f0       0x70 zephyr/libzephyr.a(bas_client.c.obj)
 .text.bas_read_value_handler
                0x0000d360       0x4c zephyr/libzephyr.a(bas_client.c.obj)
 .text.periodic_read_process
                0x0000d3ac       0xb8 zephyr/libzephyr.a(bas_client.c.obj)
 .text.bt_bas_client_init
                0x0000d464       0x28 zephyr/libzephyr.a(bas_client.c.obj)
                0x0000d464                bt_bas_client_init
 .text.bt_bas_handles_assign
                0x0000d48c      0x114 zephyr/libzephyr.a(bas_client.c.obj)
                0x0000d48c                bt_bas_handles_assign
 .text.bt_bas_subscribe_battery_level
                0x0000d5a0       0x74 zephyr/libzephyr.a(bas_client.c.obj)
                0x0000d5a0                bt_bas_subscribe_battery_level
 .text.bt_bas_read_battery_level
                0x0000d614       0x40 zephyr/libzephyr.a(bas_client.c.obj)
                0x0000d614                bt_bas_read_battery_level
 .text.bt_bas_start_per_read_battery_level
                0x0000d654       0x7c zephyr/libzephyr.a(bas_client.c.obj)
                0x0000d654                bt_bas_start_per_read_battery_level
 .text.lbslc_ccc_cfg_changed
                0x0000d6d0       0x10 zephyr/libzephyr.a(lbs.c.obj)
 .text.write_led
                0x0000d6e0       0x18 zephyr/libzephyr.a(lbs.c.obj)
 .text.read_button
                0x0000d6f8       0x44 zephyr/libzephyr.a(lbs.c.obj)
 .text.bt_lbs_init
                0x0000d73c       0x14 zephyr/libzephyr.a(lbs.c.obj)
                0x0000d73c                bt_lbs_init
 .text.bt_lbs_send_button_state
                0x0000d750       0x44 zephyr/libzephyr.a(lbs.c.obj)
                0x0000d750                bt_lbs_send_button_state
 .text._DoInit  0x0000d794       0x60 zephyr/libzephyr.a(SEGGER_RTT.c.obj)
 .text.SEGGER_RTT_WriteNoLock
                0x0000d7f4       0x60 zephyr/libzephyr.a(SEGGER_RTT.c.obj)
                0x0000d7f4                SEGGER_RTT_WriteNoLock
 .text.sub_bytes
                0x0000d854       0x18 zephyr/libzephyr.a(aes_encrypt.c.obj)
 .text.tc_aes128_set_encrypt_key
                0x0000d86c       0xa8 zephyr/libzephyr.a(aes_encrypt.c.obj)
                0x0000d86c                tc_aes128_set_encrypt_key
 .text.compress
                0x0000d914      0x1d0 zephyr/libzephyr.a(sha256.c.obj)
 .text.tc_sha256_init
                0x0000dae4       0x58 zephyr/libzephyr.a(sha256.c.obj)
                0x0000dae4                tc_sha256_init
 .text.arch_swap
                0x0000db3c       0x38 zephyr/arch/arch/arm/core/aarch32/libarch__arm__core__aarch32.a(swap.c.obj)
                0x0000db3c                arch_swap
 .text.z_arm_pendsv
                0x0000db74       0x5c zephyr/arch/arch/arm/core/aarch32/libarch__arm__core__aarch32.a(swap_helper.S.obj)
                0x0000db74                z_arm_pendsv
 .text.z_arm_svc
                0x0000dbd0       0x20 zephyr/arch/arch/arm/core/aarch32/libarch__arm__core__aarch32.a(swap_helper.S.obj)
                0x0000dbd0                z_arm_svc
 .text.arch_irq_enable
                0x0000dbf0       0x20 zephyr/arch/arch/arm/core/aarch32/libarch__arm__core__aarch32.a(irq_manage.c.obj)
                0x0000dbf0                arch_irq_enable
 .text.arch_irq_is_enabled
                0x0000dc10       0x1c zephyr/arch/arch/arm/core/aarch32/libarch__arm__core__aarch32.a(irq_manage.c.obj)
                0x0000dc10                arch_irq_is_enabled
 .text.z_arm_irq_priority_set
                0x0000dc2c       0x4c zephyr/arch/arch/arm/core/aarch32/libarch__arm__core__aarch32.a(irq_manage.c.obj)
                0x0000dc2c                z_arm_irq_priority_set
 .text.arch_new_thread
                0x0000dc78       0x38 zephyr/arch/arch/arm/core/aarch32/libarch__arm__core__aarch32.a(thread.c.obj)
                0x0000dc78                arch_new_thread
 .text.arch_switch_to_main_thread
                0x0000dcb0       0x34 zephyr/arch/arch/arm/core/aarch32/libarch__arm__core__aarch32.a(thread.c.obj)
                0x0000dcb0                arch_switch_to_main_thread
 .text.z_arm_cpu_idle_init
                0x0000dce4        0xc zephyr/arch/arch/arm/core/aarch32/libarch__arm__core__aarch32.a(cpu_idle.S.obj)
                0x0000dce4                z_arm_cpu_idle_init
 .text.arch_cpu_idle
                0x0000dcf0       0x1c zephyr/arch/arch/arm/core/aarch32/libarch__arm__core__aarch32.a(cpu_idle.S.obj)
                0x0000dcf0                arch_cpu_idle
 .text.arch_cpu_atomic_idle
                0x0000dd0c       0x14 zephyr/arch/arch/arm/core/aarch32/libarch__arm__core__aarch32.a(cpu_idle.S.obj)
                0x0000dd0c                arch_cpu_atomic_idle
 .text.z_arm_fatal_error
                0x0000dd20       0x5c zephyr/arch/arch/arm/core/aarch32/libarch__arm__core__aarch32.a(fatal.c.obj)
                0x0000dd20                z_arm_fatal_error
 .text.z_SysNmiOnReset
                0x0000dd7c        0x8 zephyr/arch/arch/arm/core/aarch32/libarch__arm__core__aarch32.a(nmi_on_reset.S.obj)
                0x0000dd7c                z_SysNmiOnReset
 .text.z_arm_prep_c
                0x0000dd84       0x44 zephyr/arch/arch/arm/core/aarch32/libarch__arm__core__aarch32.a(prep_c.c.obj)
                0x0000dd84                z_arm_prep_c
 .text._isr_wrapper
                0x0000ddc8       0x40 zephyr/arch/arch/arm/core/aarch32/libarch__arm__core__aarch32.a(isr_wrapper.S.obj)
                0x0000ddc8                _isr_wrapper
 .text._reset_section
                0x0000de08       0x30 zephyr/arch/arch/arm/core/aarch32/cortex_m/libarch__arm__core__aarch32__cortex_m.a(reset.S.obj)
                0x0000de08                __start
                0x0000de08                z_arm_reset
 .text.__fault  0x0000de38       0x14 zephyr/arch/arch/arm/core/aarch32/cortex_m/libarch__arm__core__aarch32__cortex_m.a(fault_s.S.obj)
                0x0000de38                z_arm_usage_fault
                0x0000de38                z_arm_mpu_fault
                0x0000de38                z_arm_exc_spurious
                0x0000de38                z_arm_debug_monitor
                0x0000de38                z_arm_hard_fault
                0x0000de38                z_arm_bus_fault
 .text.usage_fault.constprop.0
                0x0000de4c       0xac zephyr/arch/arch/arm/core/aarch32/cortex_m/libarch__arm__core__aarch32__cortex_m.a(fault.c.obj)
 .text.bus_fault.constprop.0
                0x0000def8       0xb4 zephyr/arch/arch/arm/core/aarch32/cortex_m/libarch__arm__core__aarch32__cortex_m.a(fault.c.obj)
 .text.mem_manage_fault.constprop.0
                0x0000dfac       0xd0 zephyr/arch/arch/arm/core/aarch32/cortex_m/libarch__arm__core__aarch32__cortex_m.a(fault.c.obj)
 .text.z_arm_fault
                0x0000e07c      0x178 zephyr/arch/arch/arm/core/aarch32/cortex_m/libarch__arm__core__aarch32__cortex_m.a(fault.c.obj)
                0x0000e07c                z_arm_fault
 .text.z_arm_fault_init
                0x0000e1f4       0x18 zephyr/arch/arch/arm/core/aarch32/cortex_m/libarch__arm__core__aarch32__cortex_m.a(fault.c.obj)
                0x0000e1f4                z_arm_fault_init
 .text._HandlerModeExit
                0x0000e20c       0x1c zephyr/arch/arch/arm/core/aarch32/cortex_m/libarch__arm__core__aarch32__cortex_m.a(exc_exit.S.obj)
                0x0000e20c                z_arm_int_exit
                0x0000e20c                z_arm_exc_exit
 .text.sys_arch_reboot
                0x0000e228       0x24 zephyr/arch/arch/arm/core/aarch32/cortex_m/libarch__arm__core__aarch32__cortex_m.a(scb.c.obj)
                0x0000e228                sys_arch_reboot
 .text.z_arm_interrupt_init
                0x0000e24c       0x18 zephyr/arch/arch/arm/core/aarch32/cortex_m/libarch__arm__core__aarch32__cortex_m.a(irq_init.c.obj)
                0x0000e24c                z_arm_interrupt_init
 .text.z_impl_k_thread_abort
                0x0000e264       0x44 zephyr/arch/arch/arm/core/aarch32/cortex_m/libarch__arm__core__aarch32__cortex_m.a(thread_abort.c.obj)
                0x0000e264                z_impl_k_thread_abort
 .text.z_arm_configure_static_mpu_regions
                0x0000e2a8       0x38 zephyr/arch/arch/arm/core/aarch32/cortex_m/mpu/libarch__arm__core__aarch32__cortex_m__mpu.a(arm_core_mpu.c.obj)
                0x0000e2a8                z_arm_configure_static_mpu_regions
 .text.region_init
                0x0000e2e0       0x34 zephyr/arch/arch/arm/core/aarch32/cortex_m/mpu/libarch__arm__core__aarch32__cortex_m__mpu.a(arm_mpu.c.obj)
 .text.mpu_configure_region
                0x0000e314       0x50 zephyr/arch/arch/arm/core/aarch32/cortex_m/mpu/libarch__arm__core__aarch32__cortex_m__mpu.a(arm_mpu.c.obj)
 .text.mpu_configure_regions_and_partition.constprop.0
                0x0000e364      0x184 zephyr/arch/arch/arm/core/aarch32/cortex_m/mpu/libarch__arm__core__aarch32__cortex_m__mpu.a(arm_mpu.c.obj)
 .text.arm_core_mpu_enable
                0x0000e4e8       0x18 zephyr/arch/arch/arm/core/aarch32/cortex_m/mpu/libarch__arm__core__aarch32__cortex_m__mpu.a(arm_mpu.c.obj)
                0x0000e4e8                arm_core_mpu_enable
 .text.arm_core_mpu_disable
                0x0000e500       0x14 zephyr/arch/arch/arm/core/aarch32/cortex_m/mpu/libarch__arm__core__aarch32__cortex_m__mpu.a(arm_mpu.c.obj)
                0x0000e500                arm_core_mpu_disable
 .text.arm_mpu_init
                0x0000e514       0x90 zephyr/arch/arch/arm/core/aarch32/cortex_m/mpu/libarch__arm__core__aarch32__cortex_m__mpu.a(arm_mpu.c.obj)
 .text.arm_core_mpu_configure_static_mpu_regions
                0x0000e5a4       0x38 zephyr/arch/arch/arm/core/aarch32/cortex_m/mpu/libarch__arm__core__aarch32__cortex_m__mpu.a(arm_mpu.c.obj)
                0x0000e5a4                arm_core_mpu_configure_static_mpu_regions
 .text.arm_core_mpu_mark_areas_for_dynamic_regions
                0x0000e5dc       0xdc zephyr/arch/arch/arm/core/aarch32/cortex_m/mpu/libarch__arm__core__aarch32__cortex_m__mpu.a(arm_mpu.c.obj)
                0x0000e5dc                arm_core_mpu_mark_areas_for_dynamic_regions
 .text.__stdout_hook_install
                0x0000e6b8        0xc zephyr/lib/libc/minimal/liblib__libc__minimal.a(stdout_console.c.obj)
                0x0000e6b8                __stdout_hook_install
 .text.remoteproc_mgr_boot
                0x0000e6c4       0x10 zephyr/boards/arm/nrf5340dk_nrf5340/libboards__arm__nrf5340dk_nrf5340.a(nrf5340_cpunet_reset.c.obj)
 .text.bt_hex_real
                0x0000e6d4       0x44 zephyr/subsys/bluetooth/common/libsubsys__bluetooth__common.a(log.c.obj)
                0x0000e6d4                bt_hex_real
 .text.bt_addr_le_str_real
                0x0000e718       0x7c zephyr/subsys/bluetooth/common/libsubsys__bluetooth__common.a(log.c.obj)
                0x0000e718                bt_addr_le_str_real
 .text.save_id  0x0000e794       0x3c zephyr/subsys/bluetooth/host/libsubsys__bluetooth__host.a(settings.c.obj)
 .text.set      0x0000e7d0       0x88 zephyr/subsys/bluetooth/host/libsubsys__bluetooth__host.a(settings.c.obj)
 .text.bt_settings_encode_key
                0x0000e858       0x60 zephyr/subsys/bluetooth/host/libsubsys__bluetooth__host.a(settings.c.obj)
                0x0000e858                bt_settings_encode_key
 .text.bt_settings_save_id
                0x0000e8b8       0x28 zephyr/subsys/bluetooth/host/libsubsys__bluetooth__host.a(settings.c.obj)
                0x0000e8b8                bt_settings_save_id
 .text.commit   0x0000e8e0       0x5c zephyr/subsys/bluetooth/host/libsubsys__bluetooth__host.a(settings.c.obj)
 .text.bt_settings_init
                0x0000e93c       0x1c zephyr/subsys/bluetooth/host/libsubsys__bluetooth__host.a(settings.c.obj)
                0x0000e93c                bt_settings_init
 .text.uuid_to_uuid128
                0x0000e958       0x6c zephyr/subsys/bluetooth/host/libsubsys__bluetooth__host.a(uuid.c.obj)
 .text.bt_buf_get_rx
                0x0000e9c4       0x58 zephyr/subsys/bluetooth/host/libsubsys__bluetooth__host.a(buf.c.obj)
                0x0000e9c4                bt_buf_get_rx
 .text.bt_buf_get_cmd_complete
                0x0000ea1c       0x4c zephyr/subsys/bluetooth/host/libsubsys__bluetooth__host.a(buf.c.obj)
                0x0000ea1c                bt_buf_get_cmd_complete
 .text.bt_buf_get_evt
                0x0000ea68       0x54 zephyr/subsys/bluetooth/host/libsubsys__bluetooth__host.a(buf.c.obj)
                0x0000ea68                bt_buf_get_evt
 .text.hci_data_buf_overflow
                0x0000eabc       0x10 zephyr/subsys/bluetooth/host/libsubsys__bluetooth__host.a(hci_core.c.obj)
 .text.id_find  0x0000eacc       0x30 zephyr/subsys/bluetooth/host/libsubsys__bluetooth__host.a(hci_core.c.obj)
 .text.valid_adv_param
                0x0000eafc       0x88 zephyr/subsys/bluetooth/host/libsubsys__bluetooth__host.a(hci_core.c.obj)
 .text.le_data_len_change
                0x0000eb84       0x28 zephyr/subsys/bluetooth/host/libsubsys__bluetooth__host.a(hci_core.c.obj)
 .text.hci_disconn_complete_prio
                0x0000ebac       0x3c zephyr/subsys/bluetooth/host/libsubsys__bluetooth__host.a(hci_core.c.obj)
 .text.hci_hardware_error
                0x0000ebe8       0x1c zephyr/subsys/bluetooth/host/libsubsys__bluetooth__host.a(hci_core.c.obj)
 .text.hci_vendor_event
                0x0000ec04       0x1c zephyr/subsys/bluetooth/host/libsubsys__bluetooth__host.a(hci_core.c.obj)
 .text.le_conn_update_complete
                0x0000ec20       0xa0 zephyr/subsys/bluetooth/host/libsubsys__bluetooth__host.a(hci_core.c.obj)
 .text.find_pending_connect.part.0
                0x0000ecc0       0x3c zephyr/subsys/bluetooth/host/libsubsys__bluetooth__host.a(hci_core.c.obj)
 .text.handle_event
                0x0000ecfc       0x60 zephyr/subsys/bluetooth/host/libsubsys__bluetooth__host.a(hci_core.c.obj)
 .text.hci_le_meta_event
                0x0000ed5c       0x20 zephyr/subsys/bluetooth/host/libsubsys__bluetooth__host.a(hci_core.c.obj)
 .text.id_create.constprop.0
                0x0000ed7c       0x6c zephyr/subsys/bluetooth/host/libsubsys__bluetooth__host.a(hci_core.c.obj)
 .text.hci_rx_thread
                0x0000ede8      0x124 zephyr/subsys/bluetooth/host/libsubsys__bluetooth__host.a(hci_core.c.obj)
 .text.hci_cmd_done
                0x0000ef0c       0xcc zephyr/subsys/bluetooth/host/libsubsys__bluetooth__host.a(hci_core.c.obj)
 .text.hci_cmd_status
                0x0000efd8       0x2c zephyr/subsys/bluetooth/host/libsubsys__bluetooth__host.a(hci_core.c.obj)
 .text.hci_cmd_complete
                0x0000f004       0x30 zephyr/subsys/bluetooth/host/libsubsys__bluetooth__host.a(hci_core.c.obj)
 .text.hci_num_completed_packets
                0x0000f034       0xf4 zephyr/subsys/bluetooth/host/libsubsys__bluetooth__host.a(hci_core.c.obj)
 .text.le_adv_start_add_conn
                0x0000f128       0xa8 zephyr/subsys/bluetooth/host/libsubsys__bluetooth__host.a(hci_core.c.obj)
 .text.bt_hci_cmd_create
                0x0000f1d0       0x94 zephyr/subsys/bluetooth/host/libsubsys__bluetooth__host.a(hci_core.c.obj)
                0x0000f1d0                bt_hci_cmd_create
 .text.bt_hci_cmd_send_sync
                0x0000f264       0xc4 zephyr/subsys/bluetooth/host/libsubsys__bluetooth__host.a(hci_core.c.obj)
                0x0000f264                bt_hci_cmd_send_sync
 .text.hci_le_read_max_data_len
                0x0000f328       0x40 zephyr/subsys/bluetooth/host/libsubsys__bluetooth__host.a(hci_core.c.obj)
 .text.set_random_address
                0x0000f368       0x5c zephyr/subsys/bluetooth/host/libsubsys__bluetooth__host.a(hci_core.c.obj)
 .text.set_le_scan_enable_legacy
                0x0000f3c4       0x78 zephyr/subsys/bluetooth/host/libsubsys__bluetooth__host.a(hci_core.c.obj)
 .text.le_adv_set_random_addr.isra.0
                0x0000f43c       0xfc zephyr/subsys/bluetooth/host/libsubsys__bluetooth__host.a(hci_core.c.obj)
 .text.hci_set_ad
                0x0000f538       0xd0 zephyr/subsys/bluetooth/host/libsubsys__bluetooth__host.a(hci_core.c.obj)
 .text.le_adv_update.constprop.0
                0x0000f608       0xe8 zephyr/subsys/bluetooth/host/libsubsys__bluetooth__host.a(hci_core.c.obj)
 .text.set_le_adv_enable_legacy
                0x0000f6f0       0x5c zephyr/subsys/bluetooth/host/libsubsys__bluetooth__host.a(hci_core.c.obj)
 .text.start_le_scan_legacy
                0x0000f74c       0xbc zephyr/subsys/bluetooth/host/libsubsys__bluetooth__host.a(hci_core.c.obj)
 .text.bt_le_scan_random_addr_check
                0x0000f808       0x10 zephyr/subsys/bluetooth/host/libsubsys__bluetooth__host.a(hci_core.c.obj)
                0x0000f808                bt_le_scan_random_addr_check
 .text.bt_le_create_conn_legacy
                0x0000f818       0xc0 zephyr/subsys/bluetooth/host/libsubsys__bluetooth__host.a(hci_core.c.obj)
                0x0000f818                bt_le_create_conn_legacy
 .text.bt_le_create_conn_cancel
                0x0000f8d8       0x48 zephyr/subsys/bluetooth/host/libsubsys__bluetooth__host.a(hci_core.c.obj)
                0x0000f8d8                bt_le_create_conn_cancel
 .text.bt_le_scan_update
                0x0000f920       0x7c zephyr/subsys/bluetooth/host/libsubsys__bluetooth__host.a(hci_core.c.obj)
                0x0000f920                bt_le_scan_update
 .text.hci_disconn_complete
                0x0000f99c       0x60 zephyr/subsys/bluetooth/host/libsubsys__bluetooth__host.a(hci_core.c.obj)
 .text.le_adv_report
                0x0000f9fc      0x1f0 zephyr/subsys/bluetooth/host/libsubsys__bluetooth__host.a(hci_core.c.obj)
 .text.bt_data_parse
                0x0000fbec       0x60 zephyr/subsys/bluetooth/host/libsubsys__bluetooth__host.a(hci_core.c.obj)
                0x0000fbec                bt_data_parse
 .text.bt_send  0x0000fc4c       0x10 zephyr/subsys/bluetooth/host/libsubsys__bluetooth__host.a(hci_core.c.obj)
                0x0000fc4c                bt_send
 .text.bt_hci_cmd_send
                0x0000fc5c       0x50 zephyr/subsys/bluetooth/host/libsubsys__bluetooth__host.a(hci_core.c.obj)
                0x0000fc5c                bt_hci_cmd_send
 .text.bt_hci_host_num_completed_packets
                0x0000fcac       0xb4 zephyr/subsys/bluetooth/host/libsubsys__bluetooth__host.a(hci_core.c.obj)
                0x0000fcac                bt_hci_host_num_completed_packets
 .text.conn_auto_initiate
                0x0000fd60       0xd8 zephyr/subsys/bluetooth/host/libsubsys__bluetooth__host.a(hci_core.c.obj)
 .text.le_phy_update_complete
                0x0000fe38       0x50 zephyr/subsys/bluetooth/host/libsubsys__bluetooth__host.a(hci_core.c.obj)
 .text.le_remote_feat_complete
                0x0000fe88       0x4c zephyr/subsys/bluetooth/host/libsubsys__bluetooth__host.a(hci_core.c.obj)
 .text.le_conn_param_neg_reply
                0x0000fed4       0x40 zephyr/subsys/bluetooth/host/libsubsys__bluetooth__host.a(hci_core.c.obj)
 .text.le_conn_param_req
                0x0000ff14       0xbc zephyr/subsys/bluetooth/host/libsubsys__bluetooth__host.a(hci_core.c.obj)
 .text.hci_tx_thread
                0x0000ffd0      0x158 zephyr/subsys/bluetooth/host/libsubsys__bluetooth__host.a(hci_core.c.obj)
 .text.hci_event_prio
                0x00010128       0x98 zephyr/subsys/bluetooth/host/libsubsys__bluetooth__host.a(hci_core.c.obj)
                0x00010128                hci_event_prio
 .text.bt_recv  0x000101c0       0x54 zephyr/subsys/bluetooth/host/libsubsys__bluetooth__host.a(hci_core.c.obj)
                0x000101c0                bt_recv
 .text.bt_hci_driver_register
                0x00010214       0x28 zephyr/subsys/bluetooth/host/libsubsys__bluetooth__host.a(hci_core.c.obj)
                0x00010214                bt_hci_driver_register
 .text.bt_finalize_init
                0x0001023c       0x18 zephyr/subsys/bluetooth/host/libsubsys__bluetooth__host.a(hci_core.c.obj)
                0x0001023c                bt_finalize_init
 .text.bt_init  0x00010254      0x474 zephyr/subsys/bluetooth/host/libsubsys__bluetooth__host.a(hci_core.c.obj)
 .text.init_work
                0x000106c8       0x18 zephyr/subsys/bluetooth/host/libsubsys__bluetooth__host.a(hci_core.c.obj)
 .text.bt_enable
                0x000106e0      0x110 zephyr/subsys/bluetooth/host/libsubsys__bluetooth__host.a(hci_core.c.obj)
                0x000106e0                bt_enable
 .text.bt_get_name
                0x000107f0        0x8 zephyr/subsys/bluetooth/host/libsubsys__bluetooth__host.a(hci_core.c.obj)
                0x000107f0                bt_get_name
 .text.bt_id_create
                0x000107f8       0x74 zephyr/subsys/bluetooth/host/libsubsys__bluetooth__host.a(hci_core.c.obj)
                0x000107f8                bt_id_create
 .text.bt_setup_public_id_addr
                0x0001086c       0x94 zephyr/subsys/bluetooth/host/libsubsys__bluetooth__host.a(hci_core.c.obj)
                0x0001086c                bt_setup_public_id_addr
 .text.bt_read_static_addr
                0x00010900       0x88 zephyr/subsys/bluetooth/host/libsubsys__bluetooth__host.a(hci_core.c.obj)
                0x00010900                bt_read_static_addr
 .text.bt_setup_random_id_addr
                0x00010988       0x5c zephyr/subsys/bluetooth/host/libsubsys__bluetooth__host.a(hci_core.c.obj)
                0x00010988                bt_setup_random_id_addr
 .text.bt_le_adv_start_legacy
                0x000109e4      0x230 zephyr/subsys/bluetooth/host/libsubsys__bluetooth__host.a(hci_core.c.obj)
                0x000109e4                bt_le_adv_start_legacy
 .text.bt_le_adv_start
                0x00010c14       0x1c zephyr/subsys/bluetooth/host/libsubsys__bluetooth__host.a(hci_core.c.obj)
                0x00010c14                bt_le_adv_start
 .text.bt_le_adv_stop
                0x00010c30       0xb8 zephyr/subsys/bluetooth/host/libsubsys__bluetooth__host.a(hci_core.c.obj)
                0x00010c30                bt_le_adv_stop
 .text.bt_le_adv_resume
                0x00010ce8       0x6c zephyr/subsys/bluetooth/host/libsubsys__bluetooth__host.a(hci_core.c.obj)
                0x00010ce8                bt_le_adv_resume
 .text.enh_conn_complete
                0x00010d54      0x1fc zephyr/subsys/bluetooth/host/libsubsys__bluetooth__host.a(hci_core.c.obj)
 .text.bt_le_scan_start
                0x00010f50       0xc8 zephyr/subsys/bluetooth/host/libsubsys__bluetooth__host.a(hci_core.c.obj)
                0x00010f50                bt_le_scan_start
 .text.bt_le_scan_stop
                0x00011018       0x2c zephyr/subsys/bluetooth/host/libsubsys__bluetooth__host.a(hci_core.c.obj)
                0x00011018                bt_le_scan_stop
 .text.bt_le_scan_cb_register
                0x00011044       0x20 zephyr/subsys/bluetooth/host/libsubsys__bluetooth__host.a(hci_core.c.obj)
                0x00011044                bt_le_scan_cb_register
 .text.prng_reseed.constprop.0
                0x00011064       0x80 zephyr/subsys/bluetooth/host/libsubsys__bluetooth__host.a(crypto.c.obj)
 .text.prng_init
                0x000110e4       0x5c zephyr/subsys/bluetooth/host/libsubsys__bluetooth__host.a(crypto.c.obj)
                0x000110e4                prng_init
 .text.bt_rand  0x00011140       0x30 zephyr/subsys/bluetooth/host/libsubsys__bluetooth__host.a(crypto.c.obj)
                0x00011140                bt_rand
 .text.tx_free  0x00011170       0x14 zephyr/subsys/bluetooth/host/libsubsys__bluetooth__host.a(conn.c.obj)
 .text.notify_connected
                0x00011184       0x2c zephyr/subsys/bluetooth/host/libsubsys__bluetooth__host.a(conn.c.obj)
 .text.send_frag
                0x000111b0      0x144 zephyr/subsys/bluetooth/host/libsubsys__bluetooth__host.a(conn.c.obj)
 .text.bt_conn_get_pkts
                0x000112f4        0x8 zephyr/subsys/bluetooth/host/libsubsys__bluetooth__host.a(conn.c.obj)
                0x000112f4                bt_conn_get_pkts
 .text.notify_le_param_updated
                0x000112fc       0x60 zephyr/subsys/bluetooth/host/libsubsys__bluetooth__host.a(conn.c.obj)
                0x000112fc                notify_le_param_updated
 .text.le_param_req
                0x0001135c       0x40 zephyr/subsys/bluetooth/host/libsubsys__bluetooth__host.a(conn.c.obj)
                0x0001135c                le_param_req
 .text.bt_conn_cb_register
                0x0001139c       0x10 zephyr/subsys/bluetooth/host/libsubsys__bluetooth__host.a(conn.c.obj)
                0x0001139c                bt_conn_cb_register
 .text.conn_cleanup
                0x000113ac       0x80 zephyr/subsys/bluetooth/host/libsubsys__bluetooth__host.a(conn.c.obj)
 .text.bt_conn_recv
                0x0001142c       0xc8 zephyr/subsys/bluetooth/host/libsubsys__bluetooth__host.a(conn.c.obj)
                0x0001142c                bt_conn_recv
 .text.bt_conn_send_cb
                0x000114f4       0xac zephyr/subsys/bluetooth/host/libsubsys__bluetooth__host.a(conn.c.obj)
                0x000114f4                bt_conn_send_cb
 .text.bt_conn_prepare_events
                0x000115a0       0x80 zephyr/subsys/bluetooth/host/libsubsys__bluetooth__host.a(conn.c.obj)
                0x000115a0                bt_conn_prepare_events
 .text.bt_conn_add_le
                0x00011620       0x58 zephyr/subsys/bluetooth/host/libsubsys__bluetooth__host.a(conn.c.obj)
                0x00011620                bt_conn_add_le
 .text.bt_conn_unref
                0x00011678       0x48 zephyr/subsys/bluetooth/host/libsubsys__bluetooth__host.a(conn.c.obj)
                0x00011678                bt_conn_unref
 .text.bt_conn_lookup_handle
                0x000116c0       0x10 zephyr/subsys/bluetooth/host/libsubsys__bluetooth__host.a(conn.c.obj)
                0x000116c0                bt_conn_lookup_handle
 .text.bt_conn_set_state
                0x000116d0      0x1ec zephyr/subsys/bluetooth/host/libsubsys__bluetooth__host.a(conn.c.obj)
                0x000116d0                bt_conn_set_state
 .text.bt_conn_lookup_addr_le
                0x000118bc       0x48 zephyr/subsys/bluetooth/host/libsubsys__bluetooth__host.a(conn.c.obj)
                0x000118bc                bt_conn_lookup_addr_le
 .text.bt_conn_exists_le
                0x00011904       0x38 zephyr/subsys/bluetooth/host/libsubsys__bluetooth__host.a(conn.c.obj)
                0x00011904                bt_conn_exists_le
 .text.bt_conn_lookup_state_le
                0x0001193c       0x60 zephyr/subsys/bluetooth/host/libsubsys__bluetooth__host.a(conn.c.obj)
                0x0001193c                bt_conn_lookup_state_le
 .text.bt_conn_get_info
                0x0001199c       0x58 zephyr/subsys/bluetooth/host/libsubsys__bluetooth__host.a(conn.c.obj)
                0x0001199c                bt_conn_get_info
 .text.bt_conn_le_create
                0x000119f4      0x120 zephyr/subsys/bluetooth/host/libsubsys__bluetooth__host.a(conn.c.obj)
                0x000119f4                bt_conn_le_create
 .text.bt_le_set_auto_conn
                0x00011b14       0xdc zephyr/subsys/bluetooth/host/libsubsys__bluetooth__host.a(conn.c.obj)
                0x00011b14                bt_le_set_auto_conn
 .text.bt_conn_disconnect
                0x00011bf0       0x8c zephyr/subsys/bluetooth/host/libsubsys__bluetooth__host.a(conn.c.obj)
                0x00011bf0                bt_conn_disconnect
 .text.send_conn_le_param_update
                0x00011c7c       0x5c zephyr/subsys/bluetooth/host/libsubsys__bluetooth__host.a(conn.c.obj)
 .text.deferred_work
                0x00011cd8       0xb8 zephyr/subsys/bluetooth/host/libsubsys__bluetooth__host.a(conn.c.obj)
 .text.bt_conn_create_pdu_timeout
                0x00011d90       0x60 zephyr/subsys/bluetooth/host/libsubsys__bluetooth__host.a(conn.c.obj)
                0x00011d90                bt_conn_create_pdu_timeout
 .text.bt_conn_create_frag_timeout
                0x00011df0        0xc zephyr/subsys/bluetooth/host/libsubsys__bluetooth__host.a(conn.c.obj)
                0x00011df0                bt_conn_create_frag_timeout
 .text.create_frag
                0x00011dfc       0x6c zephyr/subsys/bluetooth/host/libsubsys__bluetooth__host.a(conn.c.obj)
 .text.bt_conn_process_tx
                0x00011e68       0xc0 zephyr/subsys/bluetooth/host/libsubsys__bluetooth__host.a(conn.c.obj)
                0x00011e68                bt_conn_process_tx
 .text.bt_conn_index
                0x00011f28       0x40 zephyr/subsys/bluetooth/host/libsubsys__bluetooth__host.a(conn.c.obj)
                0x00011f28                bt_conn_index
 .text.bt_conn_lookup_index
                0x00011f68       0x1c zephyr/subsys/bluetooth/host/libsubsys__bluetooth__host.a(conn.c.obj)
                0x00011f68                bt_conn_lookup_index
 .text.bt_conn_init
                0x00011f84       0x74 zephyr/subsys/bluetooth/host/libsubsys__bluetooth__host.a(conn.c.obj)
                0x00011f84                bt_conn_init
 .text.l2cap_accept
                0x00011ff8       0x3c zephyr/subsys/bluetooth/host/libsubsys__bluetooth__host.a(l2cap.c.obj)
 .text.l2cap_create_le_sig_pdu.constprop.0
                0x00012034       0x3c zephyr/subsys/bluetooth/host/libsubsys__bluetooth__host.a(l2cap.c.obj)
 .text.l2cap_rtx_timeout
                0x00012070       0x28 zephyr/subsys/bluetooth/host/libsubsys__bluetooth__host.a(l2cap.c.obj)
 .text.bt_l2cap_connected
                0x00012098       0xd0 zephyr/subsys/bluetooth/host/libsubsys__bluetooth__host.a(l2cap.c.obj)
                0x00012098                bt_l2cap_connected
 .text.l2cap_recv
                0x00012168      0x114 zephyr/subsys/bluetooth/host/libsubsys__bluetooth__host.a(l2cap.c.obj)
 .text.bt_l2cap_recv
                0x0001227c       0x50 zephyr/subsys/bluetooth/host/libsubsys__bluetooth__host.a(l2cap.c.obj)
                0x0001227c                bt_l2cap_recv
 .text.bt_l2cap_update_conn_param
                0x000122cc       0x5c zephyr/subsys/bluetooth/host/libsubsys__bluetooth__host.a(l2cap.c.obj)
                0x000122cc                bt_l2cap_update_conn_param
 .text.att_cfm_sent
                0x00012328       0x10 zephyr/subsys/bluetooth/host/libsubsys__bluetooth__host.a(att.c.obj)
 .text.att_rsp_sent
                0x00012338       0x10 zephyr/subsys/bluetooth/host/libsubsys__bluetooth__host.a(att.c.obj)
 .text.att_req_sent
                0x00012348       0x10 zephyr/subsys/bluetooth/host/libsubsys__bluetooth__host.a(att.c.obj)
 .text.att_get  0x00012358       0x50 zephyr/subsys/bluetooth/host/libsubsys__bluetooth__host.a(att.c.obj)
 .text.bt_att_released
                0x000123a8       0x18 zephyr/subsys/bluetooth/host/libsubsys__bluetooth__host.a(att.c.obj)
 .text.find_type_cb
                0x000123c0      0x144 zephyr/subsys/bluetooth/host/libsubsys__bluetooth__host.a(att.c.obj)
 .text.chan_req_sent
                0x00012504       0x1c zephyr/subsys/bluetooth/host/libsubsys__bluetooth__host.a(att.c.obj)
 .text.bt_att_accept
                0x00012520       0xb0 zephyr/subsys/bluetooth/host/libsubsys__bluetooth__host.a(att.c.obj)
 .text.read_group_cb
                0x000125d0       0xac zephyr/subsys/bluetooth/host/libsubsys__bluetooth__host.a(att.c.obj)
 .text.chan_send
                0x0001267c       0xd8 zephyr/subsys/bluetooth/host/libsubsys__bluetooth__host.a(att.c.obj)
 .text.bt_att_chan_req_send
                0x00012754       0xa4 zephyr/subsys/bluetooth/host/libsubsys__bluetooth__host.a(att.c.obj)
 .text.read_type_cb
                0x000127f8       0xa8 zephyr/subsys/bluetooth/host/libsubsys__bluetooth__host.a(att.c.obj)
 .text.bt_att_connected
                0x000128a0       0x84 zephyr/subsys/bluetooth/host/libsubsys__bluetooth__host.a(att.c.obj)
 .text.bt_att_chan_create_pdu
                0x00012924       0x68 zephyr/subsys/bluetooth/host/libsubsys__bluetooth__host.a(att.c.obj)
                0x00012924                bt_att_chan_create_pdu
 .text.att_indicate
                0x0001298c       0x3c zephyr/subsys/bluetooth/host/libsubsys__bluetooth__host.a(att.c.obj)
 .text.send_err_rsp.part.0
                0x000129c8       0x40 zephyr/subsys/bluetooth/host/libsubsys__bluetooth__host.a(att.c.obj)
 .text.bt_att_recv
                0x00012a08      0x108 zephyr/subsys/bluetooth/host/libsubsys__bluetooth__host.a(att.c.obj)
 .text.att_write_rsp.constprop.0
                0x00012b10       0xc8 zephyr/subsys/bluetooth/host/libsubsys__bluetooth__host.a(att.c.obj)
 .text.bt_att_create_pdu
                0x00012bd8       0x5c zephyr/subsys/bluetooth/host/libsubsys__bluetooth__host.a(att.c.obj)
                0x00012bd8                bt_att_create_pdu
 .text.att_read_group_req
                0x00012c34      0x108 zephyr/subsys/bluetooth/host/libsubsys__bluetooth__host.a(att.c.obj)
 .text.att_read_mult_req
                0x00012d3c       0x8c zephyr/subsys/bluetooth/host/libsubsys__bluetooth__host.a(att.c.obj)
 .text.att_read_rsp
                0x00012dc8       0x94 zephyr/subsys/bluetooth/host/libsubsys__bluetooth__host.a(att.c.obj)
 .text.att_read_type_req
                0x00012e5c       0xc8 zephyr/subsys/bluetooth/host/libsubsys__bluetooth__host.a(att.c.obj)
 .text.att_find_type_req
                0x00012f24       0xdc zephyr/subsys/bluetooth/host/libsubsys__bluetooth__host.a(att.c.obj)
 .text.att_find_info_req
                0x00013000       0x78 zephyr/subsys/bluetooth/host/libsubsys__bluetooth__host.a(att.c.obj)
 .text.att_mtu_req
                0x00013078       0x60 zephyr/subsys/bluetooth/host/libsubsys__bluetooth__host.a(att.c.obj)
 .text.bt_att_req_alloc
                0x000130d8       0x2c zephyr/subsys/bluetooth/host/libsubsys__bluetooth__host.a(att.c.obj)
                0x000130d8                bt_att_req_alloc
 .text.bt_att_req_free
                0x00013104       0x18 zephyr/subsys/bluetooth/host/libsubsys__bluetooth__host.a(att.c.obj)
                0x00013104                bt_att_req_free
 .text.att_handle_rsp
                0x0001311c       0x88 zephyr/subsys/bluetooth/host/libsubsys__bluetooth__host.a(att.c.obj)
 .text.att_error_rsp
                0x000131a4       0x34 zephyr/subsys/bluetooth/host/libsubsys__bluetooth__host.a(att.c.obj)
 .text.att_reset
                0x000131d8       0x54 zephyr/subsys/bluetooth/host/libsubsys__bluetooth__host.a(att.c.obj)
 .text.att_timeout
                0x0001322c       0x34 zephyr/subsys/bluetooth/host/libsubsys__bluetooth__host.a(att.c.obj)
 .text.bt_att_send
                0x00013260       0xd0 zephyr/subsys/bluetooth/host/libsubsys__bluetooth__host.a(att.c.obj)
                0x00013260                bt_att_send
 .text.bt_att_req_send
                0x00013330       0x74 zephyr/subsys/bluetooth/host/libsubsys__bluetooth__host.a(att.c.obj)
                0x00013330                bt_att_req_send
 .text.bt_att_req_cancel
                0x000133a4       0x64 zephyr/subsys/bluetooth/host/libsubsys__bluetooth__host.a(att.c.obj)
                0x000133a4                bt_att_req_cancel
 .text.db_hash_set
                0x00013408       0x2c zephyr/subsys/bluetooth/host/libsubsys__bluetooth__host.a(gatt.c.obj)
 .text.db_hash_store
                0x00013434       0x2c zephyr/subsys/bluetooth/host/libsubsys__bluetooth__host.a(gatt.c.obj)
 .text.find_cf_cfg
                0x00013460       0x44 zephyr/subsys/bluetooth/host/libsubsys__bluetooth__host.a(gatt.c.obj)
 .text.find_sc_cfg
                0x000134a4       0x38 zephyr/subsys/bluetooth/host/libsubsys__bluetooth__host.a(gatt.c.obj)
 .text.gatt_sub_find
                0x000134dc       0x44 zephyr/subsys/bluetooth/host/libsubsys__bluetooth__host.a(gatt.c.obj)
 .text.find_cf_cfg_by_addr
                0x00013520       0x3c zephyr/subsys/bluetooth/host/libsubsys__bluetooth__host.a(gatt.c.obj)
 .text.bt_gatt_attr_write_ccc
                0x0001355c       0xac zephyr/subsys/bluetooth/host/libsubsys__bluetooth__host.a(gatt.c.obj)
                0x0001355c                bt_gatt_attr_write_ccc
 .text.cf_write
                0x00013608       0xb4 zephyr/subsys/bluetooth/host/libsubsys__bluetooth__host.a(gatt.c.obj)
 .text.sc_store
                0x000136bc       0x50 zephyr/subsys/bluetooth/host/libsubsys__bluetooth__host.a(gatt.c.obj)
 .text.sc_save  0x0001370c       0x78 zephyr/subsys/bluetooth/host/libsubsys__bluetooth__host.a(gatt.c.obj)
 .text.sc_set   0x00013784       0xc8 zephyr/subsys/bluetooth/host/libsubsys__bluetooth__host.a(gatt.c.obj)
 .text.gatt_send.constprop.0
                0x0001384c       0x64 zephyr/subsys/bluetooth/host/libsubsys__bluetooth__host.a(gatt.c.obj)
 .text.cf_set   0x000138b0       0xbc zephyr/subsys/bluetooth/host/libsubsys__bluetooth__host.a(gatt.c.obj)
 .text.remove_peer_from_attr
                0x0001396c       0x28 zephyr/subsys/bluetooth/host/libsubsys__bluetooth__host.a(gatt.c.obj)
 .text.ccc_load
                0x00013994       0x8c zephyr/subsys/bluetooth/host/libsubsys__bluetooth__host.a(gatt.c.obj)
 .text.ccc_save
                0x00013a20       0x38 zephyr/subsys/bluetooth/host/libsubsys__bluetooth__host.a(gatt.c.obj)
 .text.gatt_indicate
                0x00013a58       0x6c zephyr/subsys/bluetooth/host/libsubsys__bluetooth__host.a(gatt.c.obj)
 .text.gatt_notify
                0x00013ac4       0x60 zephyr/subsys/bluetooth/host/libsubsys__bluetooth__host.a(gatt.c.obj)
 .text.notify_cb
                0x00013b24       0xf4 zephyr/subsys/bluetooth/host/libsubsys__bluetooth__host.a(gatt.c.obj)
 .text.bt_gatt_clear_sc
                0x00013c18       0x5c zephyr/subsys/bluetooth/host/libsubsys__bluetooth__host.a(gatt.c.obj)
 .text.sc_clear
                0x00013c74       0x44 zephyr/subsys/bluetooth/host/libsubsys__bluetooth__host.a(gatt.c.obj)
 .text.disconnected_cb
                0x00013cb8       0xa8 zephyr/subsys/bluetooth/host/libsubsys__bluetooth__host.a(gatt.c.obj)
 .text.sc_commit
                0x00013d60       0x38 zephyr/subsys/bluetooth/host/libsubsys__bluetooth__host.a(gatt.c.obj)
 .text.gatt_write_ccc.constprop.0
                0x00013d98       0x58 zephyr/subsys/bluetooth/host/libsubsys__bluetooth__host.a(gatt.c.obj)
 .text.sc_indicate_rsp
                0x00013df0       0x50 zephyr/subsys/bluetooth/host/libsubsys__bluetooth__host.a(gatt.c.obj)
 .text.bt_gatt_init
                0x00013e40       0xd0 zephyr/subsys/bluetooth/host/libsubsys__bluetooth__host.a(gatt.c.obj)
                0x00013e40                bt_gatt_init
 .text.bt_gatt_attr_get_handle
                0x00013f10       0x88 zephyr/subsys/bluetooth/host/libsubsys__bluetooth__host.a(gatt.c.obj)
                0x00013f10                bt_gatt_attr_get_handle
 .text.bt_gatt_foreach_attr_type
                0x00013f98       0xd8 zephyr/subsys/bluetooth/host/libsubsys__bluetooth__host.a(gatt.c.obj)
                0x00013f98                bt_gatt_foreach_attr_type
 .text.db_hash_gen
                0x00014070       0x78 zephyr/subsys/bluetooth/host/libsubsys__bluetooth__host.a(gatt.c.obj)
 .text.db_hash_commit
                0x000140e8       0xa8 zephyr/subsys/bluetooth/host/libsubsys__bluetooth__host.a(gatt.c.obj)
 .text.ccc_set_direct
                0x00014190       0xd4 zephyr/subsys/bluetooth/host/libsubsys__bluetooth__host.a(gatt.c.obj)
 .text.bt_gatt_attr_next
                0x00014264       0x24 zephyr/subsys/bluetooth/host/libsubsys__bluetooth__host.a(gatt.c.obj)
                0x00014264                bt_gatt_attr_next
 .text.bt_gatt_notify_cb
                0x00014288      0x120 zephyr/subsys/bluetooth/host/libsubsys__bluetooth__host.a(gatt.c.obj)
                0x00014288                bt_gatt_notify_cb
 .text.bt_gatt_indicate
                0x000143a8      0x128 zephyr/subsys/bluetooth/host/libsubsys__bluetooth__host.a(gatt.c.obj)
                0x000143a8                bt_gatt_indicate
 .text.sc_process
                0x000144d0       0x90 zephyr/subsys/bluetooth/host/libsubsys__bluetooth__host.a(gatt.c.obj)
 .text.update_ccc
                0x00014560       0xec zephyr/subsys/bluetooth/host/libsubsys__bluetooth__host.a(gatt.c.obj)
 .text.bt_gatt_is_subscribed
                0x0001464c       0xd4 zephyr/subsys/bluetooth/host/libsubsys__bluetooth__host.a(gatt.c.obj)
                0x0001464c                bt_gatt_is_subscribed
 .text.bt_gatt_discover
                0x00014720      0x250 zephyr/subsys/bluetooth/host/libsubsys__bluetooth__host.a(gatt.c.obj)
                0x00014720                bt_gatt_discover
 .text.gatt_read_group_rsp
                0x00014970      0x108 zephyr/subsys/bluetooth/host/libsubsys__bluetooth__host.a(gatt.c.obj)
 .text.gatt_read_type_rsp
                0x00014a78      0x218 zephyr/subsys/bluetooth/host/libsubsys__bluetooth__host.a(gatt.c.obj)
 .text.read_included_uuid_cb
                0x00014c90       0x98 zephyr/subsys/bluetooth/host/libsubsys__bluetooth__host.a(gatt.c.obj)
 .text.gatt_find_info_rsp
                0x00014d28      0x14c zephyr/subsys/bluetooth/host/libsubsys__bluetooth__host.a(gatt.c.obj)
 .text.bt_gatt_read
                0x00014e74      0x130 zephyr/subsys/bluetooth/host/libsubsys__bluetooth__host.a(gatt.c.obj)
                0x00014e74                bt_gatt_read
 .text.gatt_read_rsp
                0x00014fa4       0xf8 zephyr/subsys/bluetooth/host/libsubsys__bluetooth__host.a(gatt.c.obj)
 .text.bt_gatt_subscribe
                0x0001509c      0x124 zephyr/subsys/bluetooth/host/libsubsys__bluetooth__host.a(gatt.c.obj)
                0x0001509c                bt_gatt_subscribe
 .text.bt_gatt_unsubscribe
                0x000151c0      0x130 zephyr/subsys/bluetooth/host/libsubsys__bluetooth__host.a(gatt.c.obj)
                0x000151c0                bt_gatt_unsubscribe
 .text.bt_gatt_mult_notification
                0x000152f0       0xa4 zephyr/subsys/bluetooth/host/libsubsys__bluetooth__host.a(gatt.c.obj)
                0x000152f0                bt_gatt_mult_notification
 .text.bt_gatt_connected
                0x00015394       0xa0 zephyr/subsys/bluetooth/host/libsubsys__bluetooth__host.a(gatt.c.obj)
                0x00015394                bt_gatt_connected
 .text.db_hash_read
                0x00015434       0x50 zephyr/subsys/bluetooth/host/libsubsys__bluetooth__host.a(gatt.c.obj)
 .text.bt_gatt_store_ccc
                0x00015484       0x74 zephyr/subsys/bluetooth/host/libsubsys__bluetooth__host.a(gatt.c.obj)
                0x00015484                bt_gatt_store_ccc
 .text.bt_gatt_disconnected
                0x000154f8      0x16c zephyr/subsys/bluetooth/host/libsubsys__bluetooth__host.a(gatt.c.obj)
                0x000154f8                bt_gatt_disconnected
 .text.bt_smp_accept
                0x00015664       0x3c zephyr/subsys/bluetooth/host/libsubsys__bluetooth__host.a(smp_null.c.obj)
 .text.net_buf_pool_get
                0x000156a0       0x10 zephyr/subsys/net/libsubsys__net.a(buf.c.obj)
                0x000156a0                net_buf_pool_get
 .text.net_buf_id
                0x000156b0       0x20 zephyr/subsys/net/libsubsys__net.a(buf.c.obj)
                0x000156b0                net_buf_id
 .text.fixed_data_alloc
                0x000156d0       0x30 zephyr/subsys/net/libsubsys__net.a(buf.c.obj)
 .text.net_buf_reset
                0x00015700       0x44 zephyr/subsys/net/libsubsys__net.a(buf.c.obj)
                0x00015700                net_buf_reset
 .text.net_buf_alloc_len
                0x00015744      0x158 zephyr/subsys/net/libsubsys__net.a(buf.c.obj)
                0x00015744                net_buf_alloc_len
 .text.net_buf_get
                0x0001589c       0x60 zephyr/subsys/net/libsubsys__net.a(buf.c.obj)
                0x0001589c                net_buf_get
 .text.net_buf_simple_reserve
                0x000158fc       0x48 zephyr/subsys/net/libsubsys__net.a(buf.c.obj)
                0x000158fc                net_buf_simple_reserve
 .text.net_buf_put
                0x00015944       0x5c zephyr/subsys/net/libsubsys__net.a(buf.c.obj)
                0x00015944                net_buf_put
 .text.net_buf_unref
                0x000159a0       0x88 zephyr/subsys/net/libsubsys__net.a(buf.c.obj)
                0x000159a0                net_buf_unref
 .text.net_buf_ref
                0x00015a28       0x30 zephyr/subsys/net/libsubsys__net.a(buf.c.obj)
                0x00015a28                net_buf_ref
 .text.net_buf_frag_last
                0x00015a58       0x30 zephyr/subsys/net/libsubsys__net.a(buf.c.obj)
                0x00015a58                net_buf_frag_last
 .text.net_buf_frag_insert
                0x00015a88       0x50 zephyr/subsys/net/libsubsys__net.a(buf.c.obj)
                0x00015a88                net_buf_frag_insert
 .text.net_buf_frag_add
                0x00015ad8       0x44 zephyr/subsys/net/libsubsys__net.a(buf.c.obj)
                0x00015ad8                net_buf_frag_add
 .text.net_buf_simple_push
                0x00015b1c       0x3c zephyr/subsys/net/libsubsys__net.a(buf.c.obj)
                0x00015b1c                net_buf_simple_push
 .text.net_buf_simple_pull
                0x00015b58       0x38 zephyr/subsys/net/libsubsys__net.a(buf.c.obj)
                0x00015b58                net_buf_simple_pull
 .text.net_buf_simple_pull_mem
                0x00015b90       0x3c zephyr/subsys/net/libsubsys__net.a(buf.c.obj)
                0x00015b90                net_buf_simple_pull_mem
 .text.net_buf_simple_add
                0x00015bcc       0x3c zephyr/subsys/net/libsubsys__net.a(buf.c.obj)
                0x00015bcc                net_buf_simple_add
 .text.gpio_nrfx_manage_callback
                0x00015c08       0x8c zephyr/drivers/gpio/libdrivers__gpio.a(gpio_nrfx.c.obj)
 .text.nrf_gpio_pin_port_decode
                0x00015c94       0x78 zephyr/drivers/gpio/libdrivers__gpio.a(gpio_nrfx.c.obj)
 .text.gpio_nrfx_init
                0x00015d0c       0x30 zephyr/drivers/gpio/libdrivers__gpio.a(gpio_nrfx.c.obj)
 .text.gpio_nrfx_pin_interrupt_configure
                0x00015d3c      0x1c0 zephyr/drivers/gpio/libdrivers__gpio.a(gpio_nrfx.c.obj)
 .text.gpio_nrfx_config
                0x00015efc       0xc8 zephyr/drivers/gpio/libdrivers__gpio.a(gpio_nrfx.c.obj)
 .text.gpio_fire_callbacks.isra.0
                0x00015fc4       0x54 zephyr/drivers/gpio/libdrivers__gpio.a(gpio_nrfx.c.obj)
 .text.gpiote_event_handler
                0x00016018       0xc4 zephyr/drivers/gpio/libdrivers__gpio.a(gpio_nrfx.c.obj)
 .text.vipm_nrf_1_register_callback
                0x000160dc       0x10 zephyr/drivers/ipm/libdrivers__ipm.a(ipm_nrfx_ipc.c.obj)
 .text.vipm_nrf_0_set_enabled
                0x000160ec       0x14 zephyr/drivers/ipm/libdrivers__ipm.a(ipm_nrfx_ipc.c.obj)
 .text.vipm_nrf_0_register_callback
                0x00016100        0xc zephyr/drivers/ipm/libdrivers__ipm.a(ipm_nrfx_ipc.c.obj)
 .text.vipm_nrf_1_send
                0x0001610c       0x14 zephyr/drivers/ipm/libdrivers__ipm.a(ipm_nrfx_ipc.c.obj)
 .text.vipm_nrf_init
                0x00016120       0x40 zephyr/drivers/ipm/libdrivers__ipm.a(ipm_nrfx_ipc.c.obj)
 .text.vipm_dispatcher
                0x00016160       0x70 zephyr/drivers/ipm/libdrivers__ipm.a(ipm_nrfx_ipc.c.obj)
 .text.vipm_nrf_0_send
                0x000161d0       0x3c zephyr/drivers/ipm/libdrivers__ipm.a(ipm_nrfx_ipc.c.obj)
 .text.nrf_gpio_pin_port_decode
                0x0001620c       0x78 zephyr/drivers/serial/libdrivers__serial.a(uart_nrfx_uarte.c.obj)
 .text.uarte_nrfx_configure
                0x00016284      0x180 zephyr/drivers/serial/libdrivers__serial.a(uart_nrfx_uarte.c.obj)
 .text.uarte_nrfx_poll_out
                0x00016404       0xb8 zephyr/drivers/serial/libdrivers__serial.a(uart_nrfx_uarte.c.obj)
 .text.uarte_0_init
                0x000164bc      0x198 zephyr/drivers/serial/libdrivers__serial.a(uart_nrfx_uarte.c.obj)
 .text.z_impl_gpio_pin_interrupt_configure
                0x00016654       0xdc modules/nrf/lib/dk_buttons_and_leds/lib..__nrf__lib__dk_buttons_and_leds.a(dk_buttons_and_leds.c.obj)
 .text.gpio_pin_set_raw
                0x00016730       0x48 modules/nrf/lib/dk_buttons_and_leds/lib..__nrf__lib__dk_buttons_and_leds.a(dk_buttons_and_leds.c.obj)
 .text.dk_set_leds_state.part.0
                0x00016778       0x5c modules/nrf/lib/dk_buttons_and_leds/lib..__nrf__lib__dk_buttons_and_leds.a(dk_buttons_and_leds.c.obj)
 .text.buttons_scan_fn
                0x000167d4      0x204 modules/nrf/lib/dk_buttons_and_leds/lib..__nrf__lib__dk_buttons_and_leds.a(dk_buttons_and_leds.c.obj)
 .text.button_pressed
                0x000169d8       0xd8 modules/nrf/lib/dk_buttons_and_leds/lib..__nrf__lib__dk_buttons_and_leds.a(dk_buttons_and_leds.c.obj)
 .text.dk_leds_init
                0x00016ab0       0xac modules/nrf/lib/dk_buttons_and_leds/lib..__nrf__lib__dk_buttons_and_leds.a(dk_buttons_and_leds.c.obj)
                0x00016ab0                dk_leds_init
 .text.dk_read_buttons
                0x00016b5c       0x20 modules/nrf/lib/dk_buttons_and_leds/lib..__nrf__lib__dk_buttons_and_leds.a(dk_buttons_and_leds.c.obj)
                0x00016b5c                dk_read_buttons
 .text.dk_buttons_init
                0x00016b7c      0x184 modules/nrf/lib/dk_buttons_and_leds/lib..__nrf__lib__dk_buttons_and_leds.a(dk_buttons_and_leds.c.obj)
                0x00016b7c                dk_buttons_init
 .text.dk_set_led
                0x00016d00       0x50 modules/nrf/lib/dk_buttons_and_leds/lib..__nrf__lib__dk_buttons_and_leds.a(dk_buttons_and_leds.c.obj)
                0x00016d00                dk_set_led
 .text.k_sys_fatal_error_handler
                0x00016d50       0x14 modules/nrf/lib/fatal_error/lib..__nrf__lib__fatal_error.a(fatal_error.c.obj)
                0x00016d50                k_sys_fatal_error_handler
 .text.check_ext_api_requests
                0x00016d64       0x9c modules/nrf/subsys/fw_info/lib..__nrf__subsys__fw_info.a(fw_info.c.obj)
 .text.SystemCoreClockUpdate
                0x00016e00       0x20 modules/hal_nordic/libmodules__hal_nordic.a(system_nrf5340_application.c.obj)
                0x00016e00                SystemCoreClockUpdate
 .text.nrfx_clock_init
                0x00016e20       0x40 modules/hal_nordic/libmodules__hal_nordic.a(nrfx_clock.c.obj)
                0x00016e20                nrfx_clock_init
 .text.nrfx_clock_enable
                0x00016e60       0x48 modules/hal_nordic/libmodules__hal_nordic.a(nrfx_clock.c.obj)
                0x00016e60                nrfx_clock_enable
 .text.nrfx_clock_start
                0x00016ea8       0xd4 modules/hal_nordic/libmodules__hal_nordic.a(nrfx_clock.c.obj)
                0x00016ea8                nrfx_clock_start
 .text.nrfx_clock_stop
                0x00016f7c      0x120 modules/hal_nordic/libmodules__hal_nordic.a(nrfx_clock.c.obj)
                0x00016f7c                nrfx_clock_stop
 .text.nrfx_power_clock_irq_handler
                0x0001709c       0xac modules/hal_nordic/libmodules__hal_nordic.a(nrfx_clock.c.obj)
                0x0001709c                nrfx_power_clock_irq_handler
 .text.nrfx_dppi_channel_alloc
                0x00017148       0x38 modules/hal_nordic/libmodules__hal_nordic.a(nrfx_dppi.c.obj)
                0x00017148                nrfx_dppi_channel_alloc
 .text.nrfx_gpiote_channel_free
                0x00017180       0x40 modules/hal_nordic/libmodules__hal_nordic.a(nrfx_gpiote.c.obj)
                0x00017180                nrfx_gpiote_channel_free
 .text.nrfx_gpiote_channel_alloc
                0x000171c0       0x70 modules/hal_nordic/libmodules__hal_nordic.a(nrfx_gpiote.c.obj)
                0x000171c0                nrfx_gpiote_channel_alloc
 .text.nrfx_ipc_init
                0x00017230       0x4c modules/hal_nordic/libmodules__hal_nordic.a(nrfx_ipc.c.obj)
                0x00017230                nrfx_ipc_init
 .text.nrfx_ipc_config_load
                0x0001727c       0x7c modules/hal_nordic/libmodules__hal_nordic.a(nrfx_ipc.c.obj)
                0x0001727c                nrfx_ipc_config_load
 .text.nrfx_ipc_receive_event_enable
                0x000172f8       0x3c modules/hal_nordic/libmodules__hal_nordic.a(nrfx_ipc.c.obj)
                0x000172f8                nrfx_ipc_receive_event_enable
 .text.nrfx_ipc_receive_event_disable
                0x00017334       0x3c modules/hal_nordic/libmodules__hal_nordic.a(nrfx_ipc.c.obj)
                0x00017334                nrfx_ipc_receive_event_disable
 .text.nrfx_ipc_irq_handler
                0x00017370       0x6c modules/hal_nordic/libmodules__hal_nordic.a(nrfx_ipc.c.obj)
                0x00017370                nrfx_ipc_irq_handler
 .text.metal_generic_dev_open
                0x000173dc       0x40 modules/libmetal/libmetal/lib/libmetal.a(device.c.obj)
                0x000173dc                metal_generic_dev_open
 .text.metal_bus_find
                0x0001741c       0x3c modules/libmetal/libmetal/lib/libmetal.a(device.c.obj)
                0x0001741c                metal_bus_find
 .text.metal_bus_register
                0x00017458       0x68 modules/libmetal/libmetal/lib/libmetal.a(device.c.obj)
                0x00017458                metal_bus_register
 .text.metal_register_generic_device
                0x000174c0       0x40 modules/libmetal/libmetal/lib/libmetal.a(device.c.obj)
                0x000174c0                metal_register_generic_device
 .text.metal_init
                0x00017500       0x40 modules/libmetal/libmetal/lib/libmetal.a(init.c.obj)
                0x00017500                metal_init
 .text.metal_sys_init
                0x00017540       0x10 modules/libmetal/libmetal/lib/libmetal.a(init.c.obj)
                0x00017540                metal_sys_init
 .text.metal_zephyr_log_handler
                0x00017550       0x3c modules/libmetal/libmetal/lib/libmetal.a(log.c.obj)
                0x00017550                metal_zephyr_log_handler
 .text.virtio_create_virtqueues
                0x0001758c       0xb0 modules/open-amp/open-amp/lib/libopen_amp.a(virtio.c.obj)
                0x0001758c                virtio_create_virtqueues
 .text.virtqueue_add_consumed_buffer
                0x0001763c       0x38 modules/open-amp/open-amp/lib/libopen_amp.a(virtqueue.c.obj)
                0x0001763c                virtqueue_add_consumed_buffer
 .text.rpmsg_send_offchannel_raw
                0x00017674       0x24 modules/open-amp/open-amp/lib/libopen_amp.a(rpmsg.c.obj)
                0x00017674                rpmsg_send_offchannel_raw
 .text.rpmsg_create_ept
                0x00017698       0xfc modules/open-amp/open-amp/lib/libopen_amp.a(rpmsg.c.obj)
                0x00017698                rpmsg_create_ept
 .text.rpmsg_virtio_send_offchannel_raw
                0x00017794      0x15c modules/open-amp/open-amp/lib/libopen_amp.a(rpmsg_virtio.c.obj)
 .text.rpmsg_init_vdev
                0x000178f0      0x1c4 modules/open-amp/open-amp/lib/libopen_amp.a(rpmsg_virtio.c.obj)
                0x000178f0                rpmsg_init_vdev
 .text.z_sys_init_run_level
                0x00017ab4       0x50 zephyr/kernel/libkernel.a(device.c.obj)
                0x00017ab4                z_sys_init_run_level
 .text.z_device_ready
                0x00017b04       0x2c zephyr/kernel/libkernel.a(device.c.obj)
                0x00017b04                z_device_ready
 .text.z_impl_device_get_binding
                0x00017b30       0x4c zephyr/kernel/libkernel.a(device.c.obj)
                0x00017b30                z_impl_device_get_binding
 .text.z_impl_z_errno
                0x00017b7c        0xc zephyr/kernel/libkernel.a(errno.c.obj)
                0x00017b7c                z_impl_z_errno
 .text.z_fatal_error
                0x00017b88       0xb8 zephyr/kernel/libkernel.a(fatal.c.obj)
                0x00017b88                z_fatal_error
 .text.idle     0x00017c40       0x60 zephyr/kernel/libkernel.a(idle.c.obj)
                0x00017c40                idle
 .text.z_bss_zero
                0x00017ca0       0x14 zephyr/kernel/libkernel.a(init.c.obj)
                0x00017ca0                z_bss_zero
 .text.bg_thread_main
                0x00017cb4       0x34 zephyr/kernel/libkernel.a(init.c.obj)
 .text.z_cstart
                0x00017ce8      0x100 zephyr/kernel/libkernel.a(init.c.obj)
                0x00017ce8                z_cstart
 .text.statics_init
                0x00017de8       0x44 zephyr/kernel/libkernel.a(kheap.c.obj)
 .text.k_heap_aligned_alloc
                0x00017e2c      0x110 zephyr/kernel/libkernel.a(kheap.c.obj)
                0x00017e2c                k_heap_aligned_alloc
 .text.k_heap_free
                0x00017f3c       0x84 zephyr/kernel/libkernel.a(kheap.c.obj)
                0x00017f3c                k_heap_free
 .text.init_mem_slab_module
                0x00017fc0       0x64 zephyr/kernel/libkernel.a(mem_slab.c.obj)
 .text.k_mem_slab_alloc
                0x00018024       0xb4 zephyr/kernel/libkernel.a(mem_slab.c.obj)
                0x00018024                k_mem_slab_alloc
 .text.k_mem_slab_free
                0x000180d8       0x9c zephyr/kernel/libkernel.a(mem_slab.c.obj)
                0x000180d8                k_mem_slab_free
 .text.z_impl_k_mutex_lock
                0x00018174      0x198 zephyr/kernel/libkernel.a(mutex.c.obj)
                0x00018174                z_impl_k_mutex_lock
 .text.z_impl_k_mutex_unlock
                0x0001830c      0x13c zephyr/kernel/libkernel.a(mutex.c.obj)
                0x0001830c                z_impl_k_mutex_unlock
 .text.queue_insert
                0x00018448      0x114 zephyr/kernel/libkernel.a(queue.c.obj)
 .text.k_queue_append_list
                0x0001855c       0xa8 zephyr/kernel/libkernel.a(queue.c.obj)
                0x0001855c                k_queue_append_list
 .text.z_impl_k_queue_get
                0x00018604       0xb8 zephyr/kernel/libkernel.a(queue.c.obj)
                0x00018604                z_impl_k_queue_get
 .text.pended_on
                0x000186bc       0x2c zephyr/kernel/libkernel.a(sched.c.obj)
 .text.z_reset_time_slice
                0x000186e8       0x2c zephyr/kernel/libkernel.a(sched.c.obj)
                0x000186e8                z_reset_time_slice
 .text.k_sched_time_slice_set
                0x00018714       0x9c zephyr/kernel/libkernel.a(sched.c.obj)
                0x00018714                k_sched_time_slice_set
 .text.z_reschedule
                0x000187b0       0x6c zephyr/kernel/libkernel.a(sched.c.obj)
                0x000187b0                z_reschedule
 .text.k_sched_lock
                0x0001881c       0xb0 zephyr/kernel/libkernel.a(sched.c.obj)
                0x0001881c                k_sched_lock
 .text.z_priq_dumb_remove
                0x000188cc       0x58 zephyr/kernel/libkernel.a(sched.c.obj)
                0x000188cc                z_priq_dumb_remove
 .text.z_unpend_thread
                0x00018924       0x74 zephyr/kernel/libkernel.a(sched.c.obj)
                0x00018924                z_unpend_thread
 .text.update_cache
                0x00018998       0x74 zephyr/kernel/libkernel.a(sched.c.obj)
 .text.k_sched_unlock
                0x00018a0c       0xb8 zephyr/kernel/libkernel.a(sched.c.obj)
                0x00018a0c                k_sched_unlock
 .text.ready_thread
                0x00018ac4       0x94 zephyr/kernel/libkernel.a(sched.c.obj)
 .text.z_ready_thread
                0x00018b58       0x6c zephyr/kernel/libkernel.a(sched.c.obj)
                0x00018b58                z_ready_thread
 .text.z_sched_start
                0x00018bc4       0x84 zephyr/kernel/libkernel.a(sched.c.obj)
                0x00018bc4                z_sched_start
 .text.z_thread_timeout
                0x00018c48       0x88 zephyr/kernel/libkernel.a(sched.c.obj)
                0x00018c48                z_thread_timeout
 .text.move_thread_to_end_of_prio_q
                0x00018cd0       0x98 zephyr/kernel/libkernel.a(sched.c.obj)
 .text.z_time_slice
                0x00018d68       0xc8 zephyr/kernel/libkernel.a(sched.c.obj)
                0x00018d68                z_time_slice
 .text.z_impl_k_thread_suspend
                0x00018e30       0xb0 zephyr/kernel/libkernel.a(sched.c.obj)
                0x00018e30                z_impl_k_thread_suspend
 .text.z_thread_single_abort
                0x00018ee0      0x204 zephyr/kernel/libkernel.a(sched.c.obj)
                0x00018ee0                z_thread_single_abort
 .text.unready_thread
                0x000190e4       0x38 zephyr/kernel/libkernel.a(sched.c.obj)
 .text.add_to_waitq_locked
                0x0001911c       0x78 zephyr/kernel/libkernel.a(sched.c.obj)
 .text.pend     0x00019194       0x98 zephyr/kernel/libkernel.a(sched.c.obj)
 .text.z_pend_curr
                0x0001922c       0x4c zephyr/kernel/libkernel.a(sched.c.obj)
                0x0001922c                z_pend_curr
 .text.z_set_prio
                0x00019278       0xf8 zephyr/kernel/libkernel.a(sched.c.obj)
                0x00019278                z_set_prio
 .text.z_unpend_first_thread
                0x00019370       0xd0 zephyr/kernel/libkernel.a(sched.c.obj)
                0x00019370                z_unpend_first_thread
 .text.z_sched_init
                0x00019440       0x18 zephyr/kernel/libkernel.a(sched.c.obj)
                0x00019440                z_sched_init
 .text.z_impl_k_yield
                0x00019458      0x11c zephyr/kernel/libkernel.a(sched.c.obj)
                0x00019458                z_impl_k_yield
 .text.z_tick_sleep
                0x00019574       0xfc zephyr/kernel/libkernel.a(sched.c.obj)
 .text.z_impl_k_sleep
                0x00019670       0x60 zephyr/kernel/libkernel.a(sched.c.obj)
                0x00019670                z_impl_k_sleep
 .text.z_impl_k_current_get
                0x000196d0        0xc zephyr/kernel/libkernel.a(sched.c.obj)
                0x000196d0                z_impl_k_current_get
 .text.z_impl_k_sem_give
                0x000196dc       0x78 zephyr/kernel/libkernel.a(sem.c.obj)
                0x000196dc                z_impl_k_sem_give
 .text.z_impl_k_sem_take
                0x00019754       0xd4 zephyr/kernel/libkernel.a(sem.c.obj)
                0x00019754                z_impl_k_sem_take
 .text.k_sys_work_q_init
                0x00019828       0x30 zephyr/kernel/libkernel.a(system_work_q.c.obj)
 .text.z_setup_new_thread
                0x00019858       0xd4 zephyr/kernel/libkernel.a(thread.c.obj)
                0x00019858                z_setup_new_thread
 .text.z_impl_k_thread_create
                0x0001992c       0x90 zephyr/kernel/libkernel.a(thread.c.obj)
                0x0001992c                z_impl_k_thread_create
 .text.z_init_static_threads
                0x000199bc       0xf8 zephyr/kernel/libkernel.a(thread.c.obj)
                0x000199bc                z_init_static_threads
 .text.z_spin_lock_valid
                0x00019ab4       0x1c zephyr/kernel/libkernel.a(thread.c.obj)
                0x00019ab4                z_spin_lock_valid
 .text.z_spin_unlock_valid
                0x00019ad0       0x1c zephyr/kernel/libkernel.a(thread.c.obj)
                0x00019ad0                z_spin_unlock_valid
 .text.z_spin_lock_set_owner
                0x00019aec       0x10 zephyr/kernel/libkernel.a(thread.c.obj)
                0x00019aec                z_spin_lock_set_owner
 .text.z_self_abort
                0x00019afc       0x58 zephyr/kernel/libkernel.a(thread_abort.c.obj)
                0x00019afc                z_self_abort
 .text.k_work_q_start
                0x00019b54       0x4c zephyr/kernel/libkernel.a(work_q.c.obj)
                0x00019b54                k_work_q_start
 .text.k_delayed_work_submit_to_queue
                0x00019ba0       0xe0 zephyr/kernel/libkernel.a(work_q.c.obj)
                0x00019ba0                k_delayed_work_submit_to_queue
 .text.k_delayed_work_cancel
                0x00019c80       0x78 zephyr/kernel/libkernel.a(work_q.c.obj)
                0x00019c80                k_delayed_work_cancel
 .text.boot_banner
                0x00019cf8       0x18 zephyr/kernel/libkernel.a(banner.c.obj)
                0x00019cf8                boot_banner
 .text.z_data_copy
                0x00019d10       0x34 zephyr/kernel/libkernel.a(xip.c.obj)
                0x00019d10                z_data_copy
 .text.elapsed  0x00019d44       0x14 zephyr/kernel/libkernel.a(timeout.c.obj)
 .text.next_timeout
                0x00019d58       0x50 zephyr/kernel/libkernel.a(timeout.c.obj)
 .text.remove_timeout
                0x00019da8       0x34 zephyr/kernel/libkernel.a(timeout.c.obj)
 .text.z_add_timeout
                0x00019ddc      0x160 zephyr/kernel/libkernel.a(timeout.c.obj)
                0x00019ddc                z_add_timeout
 .text.z_abort_timeout
                0x00019f3c       0x78 zephyr/kernel/libkernel.a(timeout.c.obj)
                0x00019f3c                z_abort_timeout
 .text.z_get_next_timeout_expiry
                0x00019fb4       0x6c zephyr/kernel/libkernel.a(timeout.c.obj)
                0x00019fb4                z_get_next_timeout_expiry
 .text.z_set_timeout_expiry
                0x0001a020       0x7c zephyr/kernel/libkernel.a(timeout.c.obj)
                0x0001a020                z_set_timeout_expiry
 .text.z_clock_announce
                0x0001a09c      0x13c zephyr/kernel/libkernel.a(timeout.c.obj)
                0x0001a09c                z_clock_announce
 .text.z_tick_get
                0x0001a1d8       0x7c zephyr/kernel/libkernel.a(timeout.c.obj)
                0x0001a1d8                z_tick_get
 .text.signal_poll_event
                0x0001a254       0xd8 zephyr/kernel/libkernel.a(poll.c.obj)
 .text.register_events
                0x0001a32c      0x1a8 zephyr/kernel/libkernel.a(poll.c.obj)
 .text.clear_event_registrations
                0x0001a4d4      0x114 zephyr/kernel/libkernel.a(poll.c.obj)
 .text.k_poll_event_init
                0x0001a5e8       0x6c zephyr/kernel/libkernel.a(poll.c.obj)
                0x0001a5e8                k_poll_event_init
 .text.z_impl_k_poll
                0x0001a654      0x1ac zephyr/kernel/libkernel.a(poll.c.obj)
                0x0001a654                z_impl_k_poll
 .text.z_impl_k_poll_signal_raise
                0x0001a800       0x94 zephyr/kernel/libkernel.a(poll.c.obj)
                0x0001a800                z_impl_k_poll_signal_raise
 .text.k_aligned_alloc
                0x0001a894       0x54 zephyr/kernel/libkernel.a(mempool.c.obj)
                0x0001a894                k_aligned_alloc
 .text.z_thread_aligned_alloc
                0x0001a8e8       0x34 zephyr/kernel/libkernel.a(mempool.c.obj)
                0x0001a8e8                z_thread_aligned_alloc
 .text._ZN13deviceManager12le_param_reqEP7bt_connP16bt_le_conn_param
                0x0001a91c        0x4 app/libapp.a(deviceManager.cpp.obj)
                0x0001a91c                deviceManager::le_param_req(bt_conn*, bt_le_conn_param*)
 .text._ZN13deviceManager16le_param_updatedEP7bt_connttt
                0x0001a920        0x2 app/libapp.a(deviceManager.cpp.obj)
                0x0001a920                deviceManager::le_param_updated(bt_conn*, unsigned short, unsigned short, unsigned short)
 .text._ZN13deviceManager10app_led_cbEb
                0x0001a922        0x8 app/libapp.a(deviceManager.cpp.obj)